   1              		.syntax unified
   2              		.cpu cortex-m4
   3              		.fpu softvfp
   4              		.eabi_attribute 20, 1
   5              		.eabi_attribute 21, 1
   6              		.eabi_attribute 23, 3
   7              		.eabi_attribute 24, 1
   8              		.eabi_attribute 25, 1
   9              		.eabi_attribute 26, 1
  10              		.eabi_attribute 30, 6
  11              		.eabi_attribute 34, 1
  12              		.eabi_attribute 18, 4
  13              		.thumb
  14              		.file	"stm32f4xx_gpio.c"
  15              		.text
  16              	.Ltext0:
  17              		.cfi_sections	.debug_frame
  18              		.align	2
  19              		.global	GPIO_DeInit
  20              		.thumb
  21              		.thumb_func
  23              	GPIO_DeInit:
  24              	.LFB110:
  25              		.file 1 "../Libraries/STM32F4xx_StdPeriph_Driver/src/stm32f4xx_gpio.c"
   1:../Libraries/STM32F4xx_StdPeriph_Driver/src/stm32f4xx_gpio.c **** /**
   2:../Libraries/STM32F4xx_StdPeriph_Driver/src/stm32f4xx_gpio.c ****   ******************************************************************************
   3:../Libraries/STM32F4xx_StdPeriph_Driver/src/stm32f4xx_gpio.c ****   * @file    stm32f4xx_gpio.c
   4:../Libraries/STM32F4xx_StdPeriph_Driver/src/stm32f4xx_gpio.c ****   * @author  MCD Application Team
   5:../Libraries/STM32F4xx_StdPeriph_Driver/src/stm32f4xx_gpio.c ****   * @version V1.0.0RC1
   6:../Libraries/STM32F4xx_StdPeriph_Driver/src/stm32f4xx_gpio.c ****   * @date    25-August-2011
   7:../Libraries/STM32F4xx_StdPeriph_Driver/src/stm32f4xx_gpio.c ****   * @brief   This file provides firmware functions to manage the following 
   8:../Libraries/STM32F4xx_StdPeriph_Driver/src/stm32f4xx_gpio.c ****   *          functionalities of the GPIO peripheral:           
   9:../Libraries/STM32F4xx_StdPeriph_Driver/src/stm32f4xx_gpio.c ****   *           - Initialization and Configuration
  10:../Libraries/STM32F4xx_StdPeriph_Driver/src/stm32f4xx_gpio.c ****   *           - GPIO Read and Write
  11:../Libraries/STM32F4xx_StdPeriph_Driver/src/stm32f4xx_gpio.c ****   *           - GPIO Alternate functions configuration
  12:../Libraries/STM32F4xx_StdPeriph_Driver/src/stm32f4xx_gpio.c ****   * 
  13:../Libraries/STM32F4xx_StdPeriph_Driver/src/stm32f4xx_gpio.c ****   *  @verbatim
  14:../Libraries/STM32F4xx_StdPeriph_Driver/src/stm32f4xx_gpio.c ****   *
  15:../Libraries/STM32F4xx_StdPeriph_Driver/src/stm32f4xx_gpio.c ****   *          ===================================================================
  16:../Libraries/STM32F4xx_StdPeriph_Driver/src/stm32f4xx_gpio.c ****   *                                 How to use this driver
  17:../Libraries/STM32F4xx_StdPeriph_Driver/src/stm32f4xx_gpio.c ****   *          ===================================================================       
  18:../Libraries/STM32F4xx_StdPeriph_Driver/src/stm32f4xx_gpio.c ****   *           1. Enable the GPIO AHB clock using the following function
  19:../Libraries/STM32F4xx_StdPeriph_Driver/src/stm32f4xx_gpio.c ****   *                RCC_AHB1PeriphClockCmd(RCC_AHB1Periph_GPIOx, ENABLE);
  20:../Libraries/STM32F4xx_StdPeriph_Driver/src/stm32f4xx_gpio.c ****   *             
  21:../Libraries/STM32F4xx_StdPeriph_Driver/src/stm32f4xx_gpio.c ****   *           2. Configure the GPIO pin(s) using GPIO_Init()
  22:../Libraries/STM32F4xx_StdPeriph_Driver/src/stm32f4xx_gpio.c ****   *              Four possible configuration are available for each pin:
  23:../Libraries/STM32F4xx_StdPeriph_Driver/src/stm32f4xx_gpio.c ****   *                - Input: Floating, Pull-up, Pull-down.
  24:../Libraries/STM32F4xx_StdPeriph_Driver/src/stm32f4xx_gpio.c ****   *                - Output: Push-Pull (Pull-up, Pull-down or no Pull)
  25:../Libraries/STM32F4xx_StdPeriph_Driver/src/stm32f4xx_gpio.c ****   *                          Open Drain (Pull-up, Pull-down or no Pull).
  26:../Libraries/STM32F4xx_StdPeriph_Driver/src/stm32f4xx_gpio.c ****   *                  In output mode, the speed is configurable: 2 MHz, 25 MHz,
  27:../Libraries/STM32F4xx_StdPeriph_Driver/src/stm32f4xx_gpio.c ****   *                  50 MHz or 100 MHz.
  28:../Libraries/STM32F4xx_StdPeriph_Driver/src/stm32f4xx_gpio.c ****   *                - Alternate Function: Push-Pull (Pull-up, Pull-down or no Pull)
  29:../Libraries/STM32F4xx_StdPeriph_Driver/src/stm32f4xx_gpio.c ****   *                                      Open Drain (Pull-up, Pull-down or no Pull).
  30:../Libraries/STM32F4xx_StdPeriph_Driver/src/stm32f4xx_gpio.c ****   *                - Analog: required mode when a pin is to be used as ADC channel
  31:../Libraries/STM32F4xx_StdPeriph_Driver/src/stm32f4xx_gpio.c ****   *                          or DAC output.
  32:../Libraries/STM32F4xx_StdPeriph_Driver/src/stm32f4xx_gpio.c ****   * 
  33:../Libraries/STM32F4xx_StdPeriph_Driver/src/stm32f4xx_gpio.c ****   *          3- Peripherals alternate function:
  34:../Libraries/STM32F4xx_StdPeriph_Driver/src/stm32f4xx_gpio.c ****   *              - For ADC and DAC, configure the desired pin in analog mode using 
  35:../Libraries/STM32F4xx_StdPeriph_Driver/src/stm32f4xx_gpio.c ****   *                  GPIO_InitStruct->GPIO_Mode = GPIO_Mode_AN;
  36:../Libraries/STM32F4xx_StdPeriph_Driver/src/stm32f4xx_gpio.c ****   *              - For other peripherals (TIM, USART...):
  37:../Libraries/STM32F4xx_StdPeriph_Driver/src/stm32f4xx_gpio.c ****   *                 - Connect the pin to the desired peripherals' Alternate 
  38:../Libraries/STM32F4xx_StdPeriph_Driver/src/stm32f4xx_gpio.c ****   *                   Function (AF) using GPIO_PinAFConfig() function
  39:../Libraries/STM32F4xx_StdPeriph_Driver/src/stm32f4xx_gpio.c ****   *                 - Configure the desired pin in alternate function mode using
  40:../Libraries/STM32F4xx_StdPeriph_Driver/src/stm32f4xx_gpio.c ****   *                   GPIO_InitStruct->GPIO_Mode = GPIO_Mode_AF
  41:../Libraries/STM32F4xx_StdPeriph_Driver/src/stm32f4xx_gpio.c ****   *                 - Select the type, pull-up/pull-down and output speed via 
  42:../Libraries/STM32F4xx_StdPeriph_Driver/src/stm32f4xx_gpio.c ****   *                   GPIO_PuPd, GPIO_OType and GPIO_Speed members
  43:../Libraries/STM32F4xx_StdPeriph_Driver/src/stm32f4xx_gpio.c ****   *                 - Call GPIO_Init() function
  44:../Libraries/STM32F4xx_StdPeriph_Driver/src/stm32f4xx_gpio.c ****   *        
  45:../Libraries/STM32F4xx_StdPeriph_Driver/src/stm32f4xx_gpio.c ****   *          4. To get the level of a pin configured in input mode use GPIO_ReadInputDataBit()
  46:../Libraries/STM32F4xx_StdPeriph_Driver/src/stm32f4xx_gpio.c ****   *          
  47:../Libraries/STM32F4xx_StdPeriph_Driver/src/stm32f4xx_gpio.c ****   *          5. To set/reset the level of a pin configured in output mode use
  48:../Libraries/STM32F4xx_StdPeriph_Driver/src/stm32f4xx_gpio.c ****   *             GPIO_SetBits()/GPIO_ResetBits()
  49:../Libraries/STM32F4xx_StdPeriph_Driver/src/stm32f4xx_gpio.c ****   *               
  50:../Libraries/STM32F4xx_StdPeriph_Driver/src/stm32f4xx_gpio.c ****   *          6. During and just after reset, the alternate functions are not 
  51:../Libraries/STM32F4xx_StdPeriph_Driver/src/stm32f4xx_gpio.c ****   *             active and the GPIO pins are configured in input floating mode
  52:../Libraries/STM32F4xx_StdPeriph_Driver/src/stm32f4xx_gpio.c ****   *             (except JTAG pins).
  53:../Libraries/STM32F4xx_StdPeriph_Driver/src/stm32f4xx_gpio.c ****   *
  54:../Libraries/STM32F4xx_StdPeriph_Driver/src/stm32f4xx_gpio.c ****   *          7. The LSE oscillator pins OSC32_IN and OSC32_OUT can be used as 
  55:../Libraries/STM32F4xx_StdPeriph_Driver/src/stm32f4xx_gpio.c ****   *             general-purpose (PC14 and PC15, respectively) when the LSE
  56:../Libraries/STM32F4xx_StdPeriph_Driver/src/stm32f4xx_gpio.c ****   *             oscillator is off. The LSE has priority over the GPIO function.
  57:../Libraries/STM32F4xx_StdPeriph_Driver/src/stm32f4xx_gpio.c ****   *
  58:../Libraries/STM32F4xx_StdPeriph_Driver/src/stm32f4xx_gpio.c ****   *          8. The HSE oscillator pins OSC_IN/OSC_OUT can be used as 
  59:../Libraries/STM32F4xx_StdPeriph_Driver/src/stm32f4xx_gpio.c ****   *             general-purpose PH0 and PH1, respectively, when the HSE 
  60:../Libraries/STM32F4xx_StdPeriph_Driver/src/stm32f4xx_gpio.c ****   *             oscillator is off. The HSE has priority over the GPIO function.
  61:../Libraries/STM32F4xx_StdPeriph_Driver/src/stm32f4xx_gpio.c ****   *             
  62:../Libraries/STM32F4xx_StdPeriph_Driver/src/stm32f4xx_gpio.c ****   *  @endverbatim        
  63:../Libraries/STM32F4xx_StdPeriph_Driver/src/stm32f4xx_gpio.c ****   *
  64:../Libraries/STM32F4xx_StdPeriph_Driver/src/stm32f4xx_gpio.c ****   ******************************************************************************
  65:../Libraries/STM32F4xx_StdPeriph_Driver/src/stm32f4xx_gpio.c ****   * @attention
  66:../Libraries/STM32F4xx_StdPeriph_Driver/src/stm32f4xx_gpio.c ****   *
  67:../Libraries/STM32F4xx_StdPeriph_Driver/src/stm32f4xx_gpio.c ****   * THE PRESENT FIRMWARE WHICH IS FOR GUIDANCE ONLY AIMS AT PROVIDING CUSTOMERS
  68:../Libraries/STM32F4xx_StdPeriph_Driver/src/stm32f4xx_gpio.c ****   * WITH CODING INFORMATION REGARDING THEIR PRODUCTS IN ORDER FOR THEM TO SAVE
  69:../Libraries/STM32F4xx_StdPeriph_Driver/src/stm32f4xx_gpio.c ****   * TIME. AS A RESULT, STMICROELECTRONICS SHALL NOT BE HELD LIABLE FOR ANY
  70:../Libraries/STM32F4xx_StdPeriph_Driver/src/stm32f4xx_gpio.c ****   * DIRECT, INDIRECT OR CONSEQUENTIAL DAMAGES WITH RESPECT TO ANY CLAIMS ARISING
  71:../Libraries/STM32F4xx_StdPeriph_Driver/src/stm32f4xx_gpio.c ****   * FROM THE CONTENT OF SUCH FIRMWARE AND/OR THE USE MADE BY CUSTOMERS OF THE
  72:../Libraries/STM32F4xx_StdPeriph_Driver/src/stm32f4xx_gpio.c ****   * CODING INFORMATION CONTAINED HEREIN IN CONNECTION WITH THEIR PRODUCTS.
  73:../Libraries/STM32F4xx_StdPeriph_Driver/src/stm32f4xx_gpio.c ****   *
  74:../Libraries/STM32F4xx_StdPeriph_Driver/src/stm32f4xx_gpio.c ****   * <h2><center>&copy; COPYRIGHT 2011 STMicroelectronics</center></h2>
  75:../Libraries/STM32F4xx_StdPeriph_Driver/src/stm32f4xx_gpio.c ****   ******************************************************************************
  76:../Libraries/STM32F4xx_StdPeriph_Driver/src/stm32f4xx_gpio.c ****   */
  77:../Libraries/STM32F4xx_StdPeriph_Driver/src/stm32f4xx_gpio.c **** 
  78:../Libraries/STM32F4xx_StdPeriph_Driver/src/stm32f4xx_gpio.c **** /* Includes ------------------------------------------------------------------*/
  79:../Libraries/STM32F4xx_StdPeriph_Driver/src/stm32f4xx_gpio.c **** #include "stm32f4xx_gpio.h"
  80:../Libraries/STM32F4xx_StdPeriph_Driver/src/stm32f4xx_gpio.c **** #include "stm32f4xx_rcc.h"
  81:../Libraries/STM32F4xx_StdPeriph_Driver/src/stm32f4xx_gpio.c **** 
  82:../Libraries/STM32F4xx_StdPeriph_Driver/src/stm32f4xx_gpio.c **** /** @addtogroup STM32F4xx_StdPeriph_Driver
  83:../Libraries/STM32F4xx_StdPeriph_Driver/src/stm32f4xx_gpio.c ****   * @{
  84:../Libraries/STM32F4xx_StdPeriph_Driver/src/stm32f4xx_gpio.c ****   */
  85:../Libraries/STM32F4xx_StdPeriph_Driver/src/stm32f4xx_gpio.c **** 
  86:../Libraries/STM32F4xx_StdPeriph_Driver/src/stm32f4xx_gpio.c **** /** @defgroup GPIO 
  87:../Libraries/STM32F4xx_StdPeriph_Driver/src/stm32f4xx_gpio.c ****   * @brief GPIO driver modules
  88:../Libraries/STM32F4xx_StdPeriph_Driver/src/stm32f4xx_gpio.c ****   * @{
  89:../Libraries/STM32F4xx_StdPeriph_Driver/src/stm32f4xx_gpio.c ****   */ 
  90:../Libraries/STM32F4xx_StdPeriph_Driver/src/stm32f4xx_gpio.c **** 
  91:../Libraries/STM32F4xx_StdPeriph_Driver/src/stm32f4xx_gpio.c **** /* Private typedef -----------------------------------------------------------*/
  92:../Libraries/STM32F4xx_StdPeriph_Driver/src/stm32f4xx_gpio.c **** /* Private define ------------------------------------------------------------*/
  93:../Libraries/STM32F4xx_StdPeriph_Driver/src/stm32f4xx_gpio.c **** /* Private macro -------------------------------------------------------------*/
  94:../Libraries/STM32F4xx_StdPeriph_Driver/src/stm32f4xx_gpio.c **** /* Private variables ---------------------------------------------------------*/
  95:../Libraries/STM32F4xx_StdPeriph_Driver/src/stm32f4xx_gpio.c **** /* Private function prototypes -----------------------------------------------*/
  96:../Libraries/STM32F4xx_StdPeriph_Driver/src/stm32f4xx_gpio.c **** /* Private functions ---------------------------------------------------------*/
  97:../Libraries/STM32F4xx_StdPeriph_Driver/src/stm32f4xx_gpio.c **** 
  98:../Libraries/STM32F4xx_StdPeriph_Driver/src/stm32f4xx_gpio.c **** /** @defgroup GPIO_Private_Functions
  99:../Libraries/STM32F4xx_StdPeriph_Driver/src/stm32f4xx_gpio.c ****   * @{
 100:../Libraries/STM32F4xx_StdPeriph_Driver/src/stm32f4xx_gpio.c ****   */ 
 101:../Libraries/STM32F4xx_StdPeriph_Driver/src/stm32f4xx_gpio.c **** 
 102:../Libraries/STM32F4xx_StdPeriph_Driver/src/stm32f4xx_gpio.c **** /** @defgroup GPIO_Group1 Initialization and Configuration
 103:../Libraries/STM32F4xx_StdPeriph_Driver/src/stm32f4xx_gpio.c ****  *  @brief   Initialization and Configuration
 104:../Libraries/STM32F4xx_StdPeriph_Driver/src/stm32f4xx_gpio.c ****  *
 105:../Libraries/STM32F4xx_StdPeriph_Driver/src/stm32f4xx_gpio.c **** @verbatim   
 106:../Libraries/STM32F4xx_StdPeriph_Driver/src/stm32f4xx_gpio.c ****  ===============================================================================
 107:../Libraries/STM32F4xx_StdPeriph_Driver/src/stm32f4xx_gpio.c ****                         Initialization and Configuration
 108:../Libraries/STM32F4xx_StdPeriph_Driver/src/stm32f4xx_gpio.c ****  ===============================================================================  
 109:../Libraries/STM32F4xx_StdPeriph_Driver/src/stm32f4xx_gpio.c **** 
 110:../Libraries/STM32F4xx_StdPeriph_Driver/src/stm32f4xx_gpio.c **** @endverbatim
 111:../Libraries/STM32F4xx_StdPeriph_Driver/src/stm32f4xx_gpio.c ****   * @{
 112:../Libraries/STM32F4xx_StdPeriph_Driver/src/stm32f4xx_gpio.c ****   */
 113:../Libraries/STM32F4xx_StdPeriph_Driver/src/stm32f4xx_gpio.c **** 
 114:../Libraries/STM32F4xx_StdPeriph_Driver/src/stm32f4xx_gpio.c **** /**
 115:../Libraries/STM32F4xx_StdPeriph_Driver/src/stm32f4xx_gpio.c ****   * @brief  Deinitializes the GPIOx peripheral registers to their default reset values.
 116:../Libraries/STM32F4xx_StdPeriph_Driver/src/stm32f4xx_gpio.c ****   * @note   By default, The GPIO pins are configured in input floating mode (except JTAG pins).
 117:../Libraries/STM32F4xx_StdPeriph_Driver/src/stm32f4xx_gpio.c ****   * @param  GPIOx: where x can be (A..I) to select the GPIO peripheral.
 118:../Libraries/STM32F4xx_StdPeriph_Driver/src/stm32f4xx_gpio.c ****   * @retval None
 119:../Libraries/STM32F4xx_StdPeriph_Driver/src/stm32f4xx_gpio.c ****   */
 120:../Libraries/STM32F4xx_StdPeriph_Driver/src/stm32f4xx_gpio.c **** void GPIO_DeInit(GPIO_TypeDef* GPIOx)
 121:../Libraries/STM32F4xx_StdPeriph_Driver/src/stm32f4xx_gpio.c **** {
  26              		.loc 1 121 0
  27              		.cfi_startproc
  28              		@ args = 0, pretend = 0, frame = 8
  29              		@ frame_needed = 1, uses_anonymous_args = 0
  30 0000 80B5     		push	{r7, lr}
  31              	.LCFI0:
  32              		.cfi_def_cfa_offset 8
  33              		.cfi_offset 14, -4
  34              		.cfi_offset 7, -8
  35 0002 82B0     		sub	sp, sp, #8
  36              	.LCFI1:
  37              		.cfi_def_cfa_offset 16
  38 0004 00AF     		add	r7, sp, #0
  39              	.LCFI2:
  40              		.cfi_def_cfa_register 7
  41 0006 7860     		str	r0, [r7, #4]
 122:../Libraries/STM32F4xx_StdPeriph_Driver/src/stm32f4xx_gpio.c ****   /* Check the parameters */
 123:../Libraries/STM32F4xx_StdPeriph_Driver/src/stm32f4xx_gpio.c ****   assert_param(IS_GPIO_ALL_PERIPH(GPIOx));
 124:../Libraries/STM32F4xx_StdPeriph_Driver/src/stm32f4xx_gpio.c **** 
 125:../Libraries/STM32F4xx_StdPeriph_Driver/src/stm32f4xx_gpio.c ****   if (GPIOx == GPIOA)
  42              		.loc 1 125 0
  43 0008 7A68     		ldr	r2, [r7, #4]
  44 000a 4FF00003 		mov	r3, #0
  45 000e C4F20203 		movt	r3, 16386
  46 0012 9A42     		cmp	r2, r3
  47 0014 0CD1     		bne	.L2
 126:../Libraries/STM32F4xx_StdPeriph_Driver/src/stm32f4xx_gpio.c ****   {
 127:../Libraries/STM32F4xx_StdPeriph_Driver/src/stm32f4xx_gpio.c ****     RCC_AHB1PeriphResetCmd(RCC_AHB1Periph_GPIOA, ENABLE);
  48              		.loc 1 127 0
  49 0016 4FF00100 		mov	r0, #1
  50 001a 4FF00101 		mov	r1, #1
  51 001e FFF7FEFF 		bl	RCC_AHB1PeriphResetCmd
 128:../Libraries/STM32F4xx_StdPeriph_Driver/src/stm32f4xx_gpio.c ****     RCC_AHB1PeriphResetCmd(RCC_AHB1Periph_GPIOA, DISABLE);
  52              		.loc 1 128 0
  53 0022 4FF00100 		mov	r0, #1
  54 0026 4FF00001 		mov	r1, #0
  55 002a FFF7FEFF 		bl	RCC_AHB1PeriphResetCmd
  56 002e 9EE0     		b	.L1
  57              	.L2:
 129:../Libraries/STM32F4xx_StdPeriph_Driver/src/stm32f4xx_gpio.c ****   }
 130:../Libraries/STM32F4xx_StdPeriph_Driver/src/stm32f4xx_gpio.c ****   else if (GPIOx == GPIOB)
  58              		.loc 1 130 0
  59 0030 7A68     		ldr	r2, [r7, #4]
  60 0032 4FF48063 		mov	r3, #1024
  61 0036 C4F20203 		movt	r3, 16386
  62 003a 9A42     		cmp	r2, r3
  63 003c 0CD1     		bne	.L4
 131:../Libraries/STM32F4xx_StdPeriph_Driver/src/stm32f4xx_gpio.c ****   {
 132:../Libraries/STM32F4xx_StdPeriph_Driver/src/stm32f4xx_gpio.c ****     RCC_AHB1PeriphResetCmd(RCC_AHB1Periph_GPIOB, ENABLE);
  64              		.loc 1 132 0
  65 003e 4FF00200 		mov	r0, #2
  66 0042 4FF00101 		mov	r1, #1
  67 0046 FFF7FEFF 		bl	RCC_AHB1PeriphResetCmd
 133:../Libraries/STM32F4xx_StdPeriph_Driver/src/stm32f4xx_gpio.c ****     RCC_AHB1PeriphResetCmd(RCC_AHB1Periph_GPIOB, DISABLE);
  68              		.loc 1 133 0
  69 004a 4FF00200 		mov	r0, #2
  70 004e 4FF00001 		mov	r1, #0
  71 0052 FFF7FEFF 		bl	RCC_AHB1PeriphResetCmd
  72 0056 8AE0     		b	.L1
  73              	.L4:
 134:../Libraries/STM32F4xx_StdPeriph_Driver/src/stm32f4xx_gpio.c ****   }
 135:../Libraries/STM32F4xx_StdPeriph_Driver/src/stm32f4xx_gpio.c ****   else if (GPIOx == GPIOC)
  74              		.loc 1 135 0
  75 0058 7A68     		ldr	r2, [r7, #4]
  76 005a 4FF40063 		mov	r3, #2048
  77 005e C4F20203 		movt	r3, 16386
  78 0062 9A42     		cmp	r2, r3
  79 0064 0CD1     		bne	.L5
 136:../Libraries/STM32F4xx_StdPeriph_Driver/src/stm32f4xx_gpio.c ****   {
 137:../Libraries/STM32F4xx_StdPeriph_Driver/src/stm32f4xx_gpio.c ****     RCC_AHB1PeriphResetCmd(RCC_AHB1Periph_GPIOC, ENABLE);
  80              		.loc 1 137 0
  81 0066 4FF00400 		mov	r0, #4
  82 006a 4FF00101 		mov	r1, #1
  83 006e FFF7FEFF 		bl	RCC_AHB1PeriphResetCmd
 138:../Libraries/STM32F4xx_StdPeriph_Driver/src/stm32f4xx_gpio.c ****     RCC_AHB1PeriphResetCmd(RCC_AHB1Periph_GPIOC, DISABLE);
  84              		.loc 1 138 0
  85 0072 4FF00400 		mov	r0, #4
  86 0076 4FF00001 		mov	r1, #0
  87 007a FFF7FEFF 		bl	RCC_AHB1PeriphResetCmd
  88 007e 76E0     		b	.L1
  89              	.L5:
 139:../Libraries/STM32F4xx_StdPeriph_Driver/src/stm32f4xx_gpio.c ****   }
 140:../Libraries/STM32F4xx_StdPeriph_Driver/src/stm32f4xx_gpio.c ****   else if (GPIOx == GPIOD)
  90              		.loc 1 140 0
  91 0080 7A68     		ldr	r2, [r7, #4]
  92 0082 4FF44063 		mov	r3, #3072
  93 0086 C4F20203 		movt	r3, 16386
  94 008a 9A42     		cmp	r2, r3
  95 008c 0CD1     		bne	.L6
 141:../Libraries/STM32F4xx_StdPeriph_Driver/src/stm32f4xx_gpio.c ****   {
 142:../Libraries/STM32F4xx_StdPeriph_Driver/src/stm32f4xx_gpio.c ****     RCC_AHB1PeriphResetCmd(RCC_AHB1Periph_GPIOD, ENABLE);
  96              		.loc 1 142 0
  97 008e 4FF00800 		mov	r0, #8
  98 0092 4FF00101 		mov	r1, #1
  99 0096 FFF7FEFF 		bl	RCC_AHB1PeriphResetCmd
 143:../Libraries/STM32F4xx_StdPeriph_Driver/src/stm32f4xx_gpio.c ****     RCC_AHB1PeriphResetCmd(RCC_AHB1Periph_GPIOD, DISABLE);
 100              		.loc 1 143 0
 101 009a 4FF00800 		mov	r0, #8
 102 009e 4FF00001 		mov	r1, #0
 103 00a2 FFF7FEFF 		bl	RCC_AHB1PeriphResetCmd
 104 00a6 62E0     		b	.L1
 105              	.L6:
 144:../Libraries/STM32F4xx_StdPeriph_Driver/src/stm32f4xx_gpio.c ****   }
 145:../Libraries/STM32F4xx_StdPeriph_Driver/src/stm32f4xx_gpio.c ****   else if (GPIOx == GPIOE)
 106              		.loc 1 145 0
 107 00a8 7A68     		ldr	r2, [r7, #4]
 108 00aa 4FF48053 		mov	r3, #4096
 109 00ae C4F20203 		movt	r3, 16386
 110 00b2 9A42     		cmp	r2, r3
 111 00b4 0CD1     		bne	.L7
 146:../Libraries/STM32F4xx_StdPeriph_Driver/src/stm32f4xx_gpio.c ****   {
 147:../Libraries/STM32F4xx_StdPeriph_Driver/src/stm32f4xx_gpio.c ****     RCC_AHB1PeriphResetCmd(RCC_AHB1Periph_GPIOE, ENABLE);
 112              		.loc 1 147 0
 113 00b6 4FF01000 		mov	r0, #16
 114 00ba 4FF00101 		mov	r1, #1
 115 00be FFF7FEFF 		bl	RCC_AHB1PeriphResetCmd
 148:../Libraries/STM32F4xx_StdPeriph_Driver/src/stm32f4xx_gpio.c ****     RCC_AHB1PeriphResetCmd(RCC_AHB1Periph_GPIOE, DISABLE);
 116              		.loc 1 148 0
 117 00c2 4FF01000 		mov	r0, #16
 118 00c6 4FF00001 		mov	r1, #0
 119 00ca FFF7FEFF 		bl	RCC_AHB1PeriphResetCmd
 120 00ce 4EE0     		b	.L1
 121              	.L7:
 149:../Libraries/STM32F4xx_StdPeriph_Driver/src/stm32f4xx_gpio.c ****   }
 150:../Libraries/STM32F4xx_StdPeriph_Driver/src/stm32f4xx_gpio.c ****   else if (GPIOx == GPIOF)
 122              		.loc 1 150 0
 123 00d0 7A68     		ldr	r2, [r7, #4]
 124 00d2 4FF4A053 		mov	r3, #5120
 125 00d6 C4F20203 		movt	r3, 16386
 126 00da 9A42     		cmp	r2, r3
 127 00dc 0CD1     		bne	.L8
 151:../Libraries/STM32F4xx_StdPeriph_Driver/src/stm32f4xx_gpio.c ****   {
 152:../Libraries/STM32F4xx_StdPeriph_Driver/src/stm32f4xx_gpio.c ****     RCC_AHB1PeriphResetCmd(RCC_AHB1Periph_GPIOF, ENABLE);
 128              		.loc 1 152 0
 129 00de 4FF02000 		mov	r0, #32
 130 00e2 4FF00101 		mov	r1, #1
 131 00e6 FFF7FEFF 		bl	RCC_AHB1PeriphResetCmd
 153:../Libraries/STM32F4xx_StdPeriph_Driver/src/stm32f4xx_gpio.c ****     RCC_AHB1PeriphResetCmd(RCC_AHB1Periph_GPIOF, DISABLE);
 132              		.loc 1 153 0
 133 00ea 4FF02000 		mov	r0, #32
 134 00ee 4FF00001 		mov	r1, #0
 135 00f2 FFF7FEFF 		bl	RCC_AHB1PeriphResetCmd
 136 00f6 3AE0     		b	.L1
 137              	.L8:
 154:../Libraries/STM32F4xx_StdPeriph_Driver/src/stm32f4xx_gpio.c ****   }
 155:../Libraries/STM32F4xx_StdPeriph_Driver/src/stm32f4xx_gpio.c ****   else if (GPIOx == GPIOG)
 138              		.loc 1 155 0
 139 00f8 7A68     		ldr	r2, [r7, #4]
 140 00fa 4FF4C053 		mov	r3, #6144
 141 00fe C4F20203 		movt	r3, 16386
 142 0102 9A42     		cmp	r2, r3
 143 0104 0CD1     		bne	.L9
 156:../Libraries/STM32F4xx_StdPeriph_Driver/src/stm32f4xx_gpio.c ****   {
 157:../Libraries/STM32F4xx_StdPeriph_Driver/src/stm32f4xx_gpio.c ****     RCC_AHB1PeriphResetCmd(RCC_AHB1Periph_GPIOG, ENABLE);
 144              		.loc 1 157 0
 145 0106 4FF04000 		mov	r0, #64
 146 010a 4FF00101 		mov	r1, #1
 147 010e FFF7FEFF 		bl	RCC_AHB1PeriphResetCmd
 158:../Libraries/STM32F4xx_StdPeriph_Driver/src/stm32f4xx_gpio.c ****     RCC_AHB1PeriphResetCmd(RCC_AHB1Periph_GPIOG, DISABLE);
 148              		.loc 1 158 0
 149 0112 4FF04000 		mov	r0, #64
 150 0116 4FF00001 		mov	r1, #0
 151 011a FFF7FEFF 		bl	RCC_AHB1PeriphResetCmd
 152 011e 26E0     		b	.L1
 153              	.L9:
 159:../Libraries/STM32F4xx_StdPeriph_Driver/src/stm32f4xx_gpio.c ****   }
 160:../Libraries/STM32F4xx_StdPeriph_Driver/src/stm32f4xx_gpio.c ****   else if (GPIOx == GPIOH)
 154              		.loc 1 160 0
 155 0120 7A68     		ldr	r2, [r7, #4]
 156 0122 4FF4E053 		mov	r3, #7168
 157 0126 C4F20203 		movt	r3, 16386
 158 012a 9A42     		cmp	r2, r3
 159 012c 0CD1     		bne	.L10
 161:../Libraries/STM32F4xx_StdPeriph_Driver/src/stm32f4xx_gpio.c ****   {
 162:../Libraries/STM32F4xx_StdPeriph_Driver/src/stm32f4xx_gpio.c ****     RCC_AHB1PeriphResetCmd(RCC_AHB1Periph_GPIOH, ENABLE);
 160              		.loc 1 162 0
 161 012e 4FF08000 		mov	r0, #128
 162 0132 4FF00101 		mov	r1, #1
 163 0136 FFF7FEFF 		bl	RCC_AHB1PeriphResetCmd
 163:../Libraries/STM32F4xx_StdPeriph_Driver/src/stm32f4xx_gpio.c ****     RCC_AHB1PeriphResetCmd(RCC_AHB1Periph_GPIOH, DISABLE);
 164              		.loc 1 163 0
 165 013a 4FF08000 		mov	r0, #128
 166 013e 4FF00001 		mov	r1, #0
 167 0142 FFF7FEFF 		bl	RCC_AHB1PeriphResetCmd
 168 0146 12E0     		b	.L1
 169              	.L10:
 164:../Libraries/STM32F4xx_StdPeriph_Driver/src/stm32f4xx_gpio.c ****   }
 165:../Libraries/STM32F4xx_StdPeriph_Driver/src/stm32f4xx_gpio.c ****   else
 166:../Libraries/STM32F4xx_StdPeriph_Driver/src/stm32f4xx_gpio.c ****   {
 167:../Libraries/STM32F4xx_StdPeriph_Driver/src/stm32f4xx_gpio.c ****     if (GPIOx == GPIOI)
 170              		.loc 1 167 0
 171 0148 7A68     		ldr	r2, [r7, #4]
 172 014a 4FF40053 		mov	r3, #8192
 173 014e C4F20203 		movt	r3, 16386
 174 0152 9A42     		cmp	r2, r3
 175 0154 0BD1     		bne	.L1
 168:../Libraries/STM32F4xx_StdPeriph_Driver/src/stm32f4xx_gpio.c ****     {
 169:../Libraries/STM32F4xx_StdPeriph_Driver/src/stm32f4xx_gpio.c ****       RCC_AHB1PeriphResetCmd(RCC_AHB1Periph_GPIOI, ENABLE);
 176              		.loc 1 169 0
 177 0156 4FF48070 		mov	r0, #256
 178 015a 4FF00101 		mov	r1, #1
 179 015e FFF7FEFF 		bl	RCC_AHB1PeriphResetCmd
 170:../Libraries/STM32F4xx_StdPeriph_Driver/src/stm32f4xx_gpio.c ****       RCC_AHB1PeriphResetCmd(RCC_AHB1Periph_GPIOI, DISABLE);
 180              		.loc 1 170 0
 181 0162 4FF48070 		mov	r0, #256
 182 0166 4FF00001 		mov	r1, #0
 183 016a FFF7FEFF 		bl	RCC_AHB1PeriphResetCmd
 184              	.L1:
 171:../Libraries/STM32F4xx_StdPeriph_Driver/src/stm32f4xx_gpio.c ****     }
 172:../Libraries/STM32F4xx_StdPeriph_Driver/src/stm32f4xx_gpio.c ****   }
 173:../Libraries/STM32F4xx_StdPeriph_Driver/src/stm32f4xx_gpio.c **** }
 185              		.loc 1 173 0
 186 016e 07F10807 		add	r7, r7, #8
 187 0172 BD46     		mov	sp, r7
 188 0174 80BD     		pop	{r7, pc}
 189              		.cfi_endproc
 190              	.LFE110:
 192 0176 00BF     		.align	2
 193              		.global	GPIO_Init
 194              		.thumb
 195              		.thumb_func
 197              	GPIO_Init:
 198              	.LFB111:
 174:../Libraries/STM32F4xx_StdPeriph_Driver/src/stm32f4xx_gpio.c **** 
 175:../Libraries/STM32F4xx_StdPeriph_Driver/src/stm32f4xx_gpio.c **** /**
 176:../Libraries/STM32F4xx_StdPeriph_Driver/src/stm32f4xx_gpio.c ****   * @brief  Initializes the GPIOx peripheral according to the specified parameters in the GPIO_Init
 177:../Libraries/STM32F4xx_StdPeriph_Driver/src/stm32f4xx_gpio.c ****   * @param  GPIOx: where x can be (A..I) to select the GPIO peripheral.
 178:../Libraries/STM32F4xx_StdPeriph_Driver/src/stm32f4xx_gpio.c ****   * @param  GPIO_InitStruct: pointer to a GPIO_InitTypeDef structure that contains
 179:../Libraries/STM32F4xx_StdPeriph_Driver/src/stm32f4xx_gpio.c ****   *         the configuration information for the specified GPIO peripheral.
 180:../Libraries/STM32F4xx_StdPeriph_Driver/src/stm32f4xx_gpio.c ****   * @retval None
 181:../Libraries/STM32F4xx_StdPeriph_Driver/src/stm32f4xx_gpio.c ****   */
 182:../Libraries/STM32F4xx_StdPeriph_Driver/src/stm32f4xx_gpio.c **** void GPIO_Init(GPIO_TypeDef* GPIOx, GPIO_InitTypeDef* GPIO_InitStruct)
 183:../Libraries/STM32F4xx_StdPeriph_Driver/src/stm32f4xx_gpio.c **** {
 199              		.loc 1 183 0
 200              		.cfi_startproc
 201              		@ args = 0, pretend = 0, frame = 24
 202              		@ frame_needed = 1, uses_anonymous_args = 0
 203              		@ link register save eliminated.
 204 0178 80B4     		push	{r7}
 205              	.LCFI3:
 206              		.cfi_def_cfa_offset 4
 207              		.cfi_offset 7, -4
 208 017a 87B0     		sub	sp, sp, #28
 209              	.LCFI4:
 210              		.cfi_def_cfa_offset 32
 211 017c 00AF     		add	r7, sp, #0
 212              	.LCFI5:
 213              		.cfi_def_cfa_register 7
 214 017e 7860     		str	r0, [r7, #4]
 215 0180 3960     		str	r1, [r7, #0]
 184:../Libraries/STM32F4xx_StdPeriph_Driver/src/stm32f4xx_gpio.c ****   uint32_t pinpos = 0x00, pos = 0x00 , currentpin = 0x00;
 216              		.loc 1 184 0
 217 0182 4FF00003 		mov	r3, #0
 218 0186 7B61     		str	r3, [r7, #20]
 219 0188 4FF00003 		mov	r3, #0
 220 018c 3B61     		str	r3, [r7, #16]
 221 018e 4FF00003 		mov	r3, #0
 222 0192 FB60     		str	r3, [r7, #12]
 185:../Libraries/STM32F4xx_StdPeriph_Driver/src/stm32f4xx_gpio.c **** 
 186:../Libraries/STM32F4xx_StdPeriph_Driver/src/stm32f4xx_gpio.c ****   /* Check the parameters */
 187:../Libraries/STM32F4xx_StdPeriph_Driver/src/stm32f4xx_gpio.c ****   assert_param(IS_GPIO_ALL_PERIPH(GPIOx));
 188:../Libraries/STM32F4xx_StdPeriph_Driver/src/stm32f4xx_gpio.c ****   assert_param(IS_GPIO_PIN(GPIO_InitStruct->GPIO_Pin));
 189:../Libraries/STM32F4xx_StdPeriph_Driver/src/stm32f4xx_gpio.c ****   assert_param(IS_GPIO_MODE(GPIO_InitStruct->GPIO_Mode));
 190:../Libraries/STM32F4xx_StdPeriph_Driver/src/stm32f4xx_gpio.c ****   assert_param(IS_GPIO_PUPD(GPIO_InitStruct->GPIO_PuPd));
 191:../Libraries/STM32F4xx_StdPeriph_Driver/src/stm32f4xx_gpio.c **** 
 192:../Libraries/STM32F4xx_StdPeriph_Driver/src/stm32f4xx_gpio.c ****   /* -------------------------Configure the port pins---------------- */
 193:../Libraries/STM32F4xx_StdPeriph_Driver/src/stm32f4xx_gpio.c ****   /*-- GPIO Mode Configuration --*/
 194:../Libraries/STM32F4xx_StdPeriph_Driver/src/stm32f4xx_gpio.c ****   for (pinpos = 0x00; pinpos < 0x10; pinpos++)
 223              		.loc 1 194 0
 224 0194 4FF00003 		mov	r3, #0
 225 0198 7B61     		str	r3, [r7, #20]
 226 019a 86E0     		b	.L12
 227              	.L16:
 195:../Libraries/STM32F4xx_StdPeriph_Driver/src/stm32f4xx_gpio.c ****   {
 196:../Libraries/STM32F4xx_StdPeriph_Driver/src/stm32f4xx_gpio.c ****     pos = ((uint32_t)0x01) << pinpos;
 228              		.loc 1 196 0
 229 019c 7B69     		ldr	r3, [r7, #20]
 230 019e 4FF00102 		mov	r2, #1
 231 01a2 02FA03F3 		lsl	r3, r2, r3
 232 01a6 3B61     		str	r3, [r7, #16]
 197:../Libraries/STM32F4xx_StdPeriph_Driver/src/stm32f4xx_gpio.c ****     /* Get the port pins position */
 198:../Libraries/STM32F4xx_StdPeriph_Driver/src/stm32f4xx_gpio.c ****     currentpin = (GPIO_InitStruct->GPIO_Pin) & pos;
 233              		.loc 1 198 0
 234 01a8 3B68     		ldr	r3, [r7, #0]
 235 01aa 1A68     		ldr	r2, [r3, #0]
 236 01ac 3B69     		ldr	r3, [r7, #16]
 237 01ae 1340     		ands	r3, r3, r2
 238 01b0 FB60     		str	r3, [r7, #12]
 199:../Libraries/STM32F4xx_StdPeriph_Driver/src/stm32f4xx_gpio.c **** 
 200:../Libraries/STM32F4xx_StdPeriph_Driver/src/stm32f4xx_gpio.c ****     if (currentpin == pos)
 239              		.loc 1 200 0
 240 01b2 FA68     		ldr	r2, [r7, #12]
 241 01b4 3B69     		ldr	r3, [r7, #16]
 242 01b6 9A42     		cmp	r2, r3
 243 01b8 73D1     		bne	.L13
 201:../Libraries/STM32F4xx_StdPeriph_Driver/src/stm32f4xx_gpio.c ****     {
 202:../Libraries/STM32F4xx_StdPeriph_Driver/src/stm32f4xx_gpio.c ****       GPIOx->MODER  &= ~(GPIO_MODER_MODER0 << (pinpos * 2));
 244              		.loc 1 202 0
 245 01ba 7B68     		ldr	r3, [r7, #4]
 246 01bc 1A68     		ldr	r2, [r3, #0]
 247 01be 7B69     		ldr	r3, [r7, #20]
 248 01c0 4FEA4303 		lsl	r3, r3, #1
 249 01c4 4FF00301 		mov	r1, #3
 250 01c8 01FA03F3 		lsl	r3, r1, r3
 251 01cc 6FEA0303 		mvn	r3, r3
 252 01d0 1A40     		ands	r2, r2, r3
 253 01d2 7B68     		ldr	r3, [r7, #4]
 254 01d4 1A60     		str	r2, [r3, #0]
 203:../Libraries/STM32F4xx_StdPeriph_Driver/src/stm32f4xx_gpio.c ****       GPIOx->MODER |= (((uint32_t)GPIO_InitStruct->GPIO_Mode) << (pinpos * 2));
 255              		.loc 1 203 0
 256 01d6 7B68     		ldr	r3, [r7, #4]
 257 01d8 1A68     		ldr	r2, [r3, #0]
 258 01da 3B68     		ldr	r3, [r7, #0]
 259 01dc 1B79     		ldrb	r3, [r3, #4]	@ zero_extendqisi2
 260 01de 1946     		mov	r1, r3
 261 01e0 7B69     		ldr	r3, [r7, #20]
 262 01e2 4FEA4303 		lsl	r3, r3, #1
 263 01e6 01FA03F3 		lsl	r3, r1, r3
 264 01ea 1A43     		orrs	r2, r2, r3
 265 01ec 7B68     		ldr	r3, [r7, #4]
 266 01ee 1A60     		str	r2, [r3, #0]
 204:../Libraries/STM32F4xx_StdPeriph_Driver/src/stm32f4xx_gpio.c **** 
 205:../Libraries/STM32F4xx_StdPeriph_Driver/src/stm32f4xx_gpio.c ****       if ((GPIO_InitStruct->GPIO_Mode == GPIO_Mode_OUT) || (GPIO_InitStruct->GPIO_Mode == GPIO_Mode
 267              		.loc 1 205 0
 268 01f0 3B68     		ldr	r3, [r7, #0]
 269 01f2 1B79     		ldrb	r3, [r3, #4]	@ zero_extendqisi2
 270 01f4 012B     		cmp	r3, #1
 271 01f6 03D0     		beq	.L14
 272              		.loc 1 205 0 is_stmt 0 discriminator 1
 273 01f8 3B68     		ldr	r3, [r7, #0]
 274 01fa 1B79     		ldrb	r3, [r3, #4]	@ zero_extendqisi2
 275 01fc 022B     		cmp	r3, #2
 276 01fe 34D1     		bne	.L15
 277              	.L14:
 206:../Libraries/STM32F4xx_StdPeriph_Driver/src/stm32f4xx_gpio.c ****       {
 207:../Libraries/STM32F4xx_StdPeriph_Driver/src/stm32f4xx_gpio.c ****         /* Check Speed mode parameters */
 208:../Libraries/STM32F4xx_StdPeriph_Driver/src/stm32f4xx_gpio.c ****         assert_param(IS_GPIO_SPEED(GPIO_InitStruct->GPIO_Speed));
 209:../Libraries/STM32F4xx_StdPeriph_Driver/src/stm32f4xx_gpio.c **** 
 210:../Libraries/STM32F4xx_StdPeriph_Driver/src/stm32f4xx_gpio.c ****         /* Speed mode configuration */
 211:../Libraries/STM32F4xx_StdPeriph_Driver/src/stm32f4xx_gpio.c ****         GPIOx->OSPEEDR &= ~(GPIO_OSPEEDER_OSPEEDR0 << (pinpos * 2));
 278              		.loc 1 211 0 is_stmt 1
 279 0200 7B68     		ldr	r3, [r7, #4]
 280 0202 9A68     		ldr	r2, [r3, #8]
 281 0204 7B69     		ldr	r3, [r7, #20]
 282 0206 4FEA4303 		lsl	r3, r3, #1
 283 020a 4FF00301 		mov	r1, #3
 284 020e 01FA03F3 		lsl	r3, r1, r3
 285 0212 6FEA0303 		mvn	r3, r3
 286 0216 1A40     		ands	r2, r2, r3
 287 0218 7B68     		ldr	r3, [r7, #4]
 288 021a 9A60     		str	r2, [r3, #8]
 212:../Libraries/STM32F4xx_StdPeriph_Driver/src/stm32f4xx_gpio.c ****         GPIOx->OSPEEDR |= ((uint32_t)(GPIO_InitStruct->GPIO_Speed) << (pinpos * 2));
 289              		.loc 1 212 0
 290 021c 7B68     		ldr	r3, [r7, #4]
 291 021e 9A68     		ldr	r2, [r3, #8]
 292 0220 3B68     		ldr	r3, [r7, #0]
 293 0222 5B79     		ldrb	r3, [r3, #5]	@ zero_extendqisi2
 294 0224 1946     		mov	r1, r3
 295 0226 7B69     		ldr	r3, [r7, #20]
 296 0228 4FEA4303 		lsl	r3, r3, #1
 297 022c 01FA03F3 		lsl	r3, r1, r3
 298 0230 1A43     		orrs	r2, r2, r3
 299 0232 7B68     		ldr	r3, [r7, #4]
 300 0234 9A60     		str	r2, [r3, #8]
 213:../Libraries/STM32F4xx_StdPeriph_Driver/src/stm32f4xx_gpio.c **** 
 214:../Libraries/STM32F4xx_StdPeriph_Driver/src/stm32f4xx_gpio.c ****         /* Check Output mode parameters */
 215:../Libraries/STM32F4xx_StdPeriph_Driver/src/stm32f4xx_gpio.c ****         assert_param(IS_GPIO_OTYPE(GPIO_InitStruct->GPIO_OType));
 216:../Libraries/STM32F4xx_StdPeriph_Driver/src/stm32f4xx_gpio.c **** 
 217:../Libraries/STM32F4xx_StdPeriph_Driver/src/stm32f4xx_gpio.c ****         /* Output mode configuration*/
 218:../Libraries/STM32F4xx_StdPeriph_Driver/src/stm32f4xx_gpio.c ****         GPIOx->OTYPER  &= ~((GPIO_OTYPER_OT_0) << ((uint16_t)pinpos)) ;
 301              		.loc 1 218 0
 302 0236 7B68     		ldr	r3, [r7, #4]
 303 0238 5A68     		ldr	r2, [r3, #4]
 304 023a 7B69     		ldr	r3, [r7, #20]
 305 023c 9BB2     		uxth	r3, r3
 306 023e 4FF00101 		mov	r1, #1
 307 0242 01FA03F3 		lsl	r3, r1, r3
 308 0246 6FEA0303 		mvn	r3, r3
 309 024a 1A40     		ands	r2, r2, r3
 310 024c 7B68     		ldr	r3, [r7, #4]
 311 024e 5A60     		str	r2, [r3, #4]
 219:../Libraries/STM32F4xx_StdPeriph_Driver/src/stm32f4xx_gpio.c ****         GPIOx->OTYPER |= (uint16_t)(((uint16_t)GPIO_InitStruct->GPIO_OType) << ((uint16_t)pinpos));
 312              		.loc 1 219 0
 313 0250 7B68     		ldr	r3, [r7, #4]
 314 0252 5A68     		ldr	r2, [r3, #4]
 315 0254 3B68     		ldr	r3, [r7, #0]
 316 0256 9B79     		ldrb	r3, [r3, #6]	@ zero_extendqisi2
 317 0258 1946     		mov	r1, r3
 318 025a 7B69     		ldr	r3, [r7, #20]
 319 025c 9BB2     		uxth	r3, r3
 320 025e 01FA03F3 		lsl	r3, r1, r3
 321 0262 9BB2     		uxth	r3, r3
 322 0264 1A43     		orrs	r2, r2, r3
 323 0266 7B68     		ldr	r3, [r7, #4]
 324 0268 5A60     		str	r2, [r3, #4]
 325              	.L15:
 220:../Libraries/STM32F4xx_StdPeriph_Driver/src/stm32f4xx_gpio.c ****       }
 221:../Libraries/STM32F4xx_StdPeriph_Driver/src/stm32f4xx_gpio.c **** 
 222:../Libraries/STM32F4xx_StdPeriph_Driver/src/stm32f4xx_gpio.c ****       /* Pull-up Pull down resistor configuration*/
 223:../Libraries/STM32F4xx_StdPeriph_Driver/src/stm32f4xx_gpio.c ****       GPIOx->PUPDR &= ~(GPIO_PUPDR_PUPDR0 << ((uint16_t)pinpos * 2));
 326              		.loc 1 223 0
 327 026a 7B68     		ldr	r3, [r7, #4]
 328 026c DA68     		ldr	r2, [r3, #12]
 329 026e 7B69     		ldr	r3, [r7, #20]
 330 0270 9BB2     		uxth	r3, r3
 331 0272 4FEA4303 		lsl	r3, r3, #1
 332 0276 4FF00301 		mov	r1, #3
 333 027a 01FA03F3 		lsl	r3, r1, r3
 334 027e 6FEA0303 		mvn	r3, r3
 335 0282 1A40     		ands	r2, r2, r3
 336 0284 7B68     		ldr	r3, [r7, #4]
 337 0286 DA60     		str	r2, [r3, #12]
 224:../Libraries/STM32F4xx_StdPeriph_Driver/src/stm32f4xx_gpio.c ****       GPIOx->PUPDR |= (((uint32_t)GPIO_InitStruct->GPIO_PuPd) << (pinpos * 2));
 338              		.loc 1 224 0
 339 0288 7B68     		ldr	r3, [r7, #4]
 340 028a DA68     		ldr	r2, [r3, #12]
 341 028c 3B68     		ldr	r3, [r7, #0]
 342 028e DB79     		ldrb	r3, [r3, #7]	@ zero_extendqisi2
 343 0290 1946     		mov	r1, r3
 344 0292 7B69     		ldr	r3, [r7, #20]
 345 0294 4FEA4303 		lsl	r3, r3, #1
 346 0298 01FA03F3 		lsl	r3, r1, r3
 347 029c 1A43     		orrs	r2, r2, r3
 348 029e 7B68     		ldr	r3, [r7, #4]
 349 02a0 DA60     		str	r2, [r3, #12]
 350              	.L13:
 194:../Libraries/STM32F4xx_StdPeriph_Driver/src/stm32f4xx_gpio.c ****   for (pinpos = 0x00; pinpos < 0x10; pinpos++)
 351              		.loc 1 194 0
 352 02a2 7B69     		ldr	r3, [r7, #20]
 353 02a4 03F10103 		add	r3, r3, #1
 354 02a8 7B61     		str	r3, [r7, #20]
 355              	.L12:
 194:../Libraries/STM32F4xx_StdPeriph_Driver/src/stm32f4xx_gpio.c ****   for (pinpos = 0x00; pinpos < 0x10; pinpos++)
 356              		.loc 1 194 0 is_stmt 0 discriminator 1
 357 02aa 7B69     		ldr	r3, [r7, #20]
 358 02ac 0F2B     		cmp	r3, #15
 359 02ae 7FF675AF 		bls	.L16
 225:../Libraries/STM32F4xx_StdPeriph_Driver/src/stm32f4xx_gpio.c ****     }
 226:../Libraries/STM32F4xx_StdPeriph_Driver/src/stm32f4xx_gpio.c ****   }
 227:../Libraries/STM32F4xx_StdPeriph_Driver/src/stm32f4xx_gpio.c **** }
 360              		.loc 1 227 0 is_stmt 1
 361 02b2 07F11C07 		add	r7, r7, #28
 362 02b6 BD46     		mov	sp, r7
 363 02b8 80BC     		pop	{r7}
 364 02ba 7047     		bx	lr
 365              		.cfi_endproc
 366              	.LFE111:
 368              		.align	2
 369              		.global	GPIO_StructInit
 370              		.thumb
 371              		.thumb_func
 373              	GPIO_StructInit:
 374              	.LFB112:
 228:../Libraries/STM32F4xx_StdPeriph_Driver/src/stm32f4xx_gpio.c **** 
 229:../Libraries/STM32F4xx_StdPeriph_Driver/src/stm32f4xx_gpio.c **** /**
 230:../Libraries/STM32F4xx_StdPeriph_Driver/src/stm32f4xx_gpio.c ****   * @brief  Fills each GPIO_InitStruct member with its default value.
 231:../Libraries/STM32F4xx_StdPeriph_Driver/src/stm32f4xx_gpio.c ****   * @param  GPIO_InitStruct : pointer to a GPIO_InitTypeDef structure which will be initialized.
 232:../Libraries/STM32F4xx_StdPeriph_Driver/src/stm32f4xx_gpio.c ****   * @retval None
 233:../Libraries/STM32F4xx_StdPeriph_Driver/src/stm32f4xx_gpio.c ****   */
 234:../Libraries/STM32F4xx_StdPeriph_Driver/src/stm32f4xx_gpio.c **** void GPIO_StructInit(GPIO_InitTypeDef* GPIO_InitStruct)
 235:../Libraries/STM32F4xx_StdPeriph_Driver/src/stm32f4xx_gpio.c **** {
 375              		.loc 1 235 0
 376              		.cfi_startproc
 377              		@ args = 0, pretend = 0, frame = 8
 378              		@ frame_needed = 1, uses_anonymous_args = 0
 379              		@ link register save eliminated.
 380 02bc 80B4     		push	{r7}
 381              	.LCFI6:
 382              		.cfi_def_cfa_offset 4
 383              		.cfi_offset 7, -4
 384 02be 83B0     		sub	sp, sp, #12
 385              	.LCFI7:
 386              		.cfi_def_cfa_offset 16
 387 02c0 00AF     		add	r7, sp, #0
 388              	.LCFI8:
 389              		.cfi_def_cfa_register 7
 390 02c2 7860     		str	r0, [r7, #4]
 236:../Libraries/STM32F4xx_StdPeriph_Driver/src/stm32f4xx_gpio.c ****   /* Reset GPIO init structure parameters values */
 237:../Libraries/STM32F4xx_StdPeriph_Driver/src/stm32f4xx_gpio.c ****   GPIO_InitStruct->GPIO_Pin  = GPIO_Pin_All;
 391              		.loc 1 237 0
 392 02c4 7B68     		ldr	r3, [r7, #4]
 393 02c6 4FF6FF72 		movw	r2, #65535
 394 02ca 1A60     		str	r2, [r3, #0]
 238:../Libraries/STM32F4xx_StdPeriph_Driver/src/stm32f4xx_gpio.c ****   GPIO_InitStruct->GPIO_Mode = GPIO_Mode_IN;
 395              		.loc 1 238 0
 396 02cc 7B68     		ldr	r3, [r7, #4]
 397 02ce 4FF00002 		mov	r2, #0
 398 02d2 1A71     		strb	r2, [r3, #4]
 239:../Libraries/STM32F4xx_StdPeriph_Driver/src/stm32f4xx_gpio.c ****   GPIO_InitStruct->GPIO_Speed = GPIO_Speed_2MHz;
 399              		.loc 1 239 0
 400 02d4 7B68     		ldr	r3, [r7, #4]
 401 02d6 4FF00002 		mov	r2, #0
 402 02da 5A71     		strb	r2, [r3, #5]
 240:../Libraries/STM32F4xx_StdPeriph_Driver/src/stm32f4xx_gpio.c ****   GPIO_InitStruct->GPIO_OType = GPIO_OType_PP;
 403              		.loc 1 240 0
 404 02dc 7B68     		ldr	r3, [r7, #4]
 405 02de 4FF00002 		mov	r2, #0
 406 02e2 9A71     		strb	r2, [r3, #6]
 241:../Libraries/STM32F4xx_StdPeriph_Driver/src/stm32f4xx_gpio.c ****   GPIO_InitStruct->GPIO_PuPd = GPIO_PuPd_NOPULL;
 407              		.loc 1 241 0
 408 02e4 7B68     		ldr	r3, [r7, #4]
 409 02e6 4FF00002 		mov	r2, #0
 410 02ea DA71     		strb	r2, [r3, #7]
 242:../Libraries/STM32F4xx_StdPeriph_Driver/src/stm32f4xx_gpio.c **** }
 411              		.loc 1 242 0
 412 02ec 07F10C07 		add	r7, r7, #12
 413 02f0 BD46     		mov	sp, r7
 414 02f2 80BC     		pop	{r7}
 415 02f4 7047     		bx	lr
 416              		.cfi_endproc
 417              	.LFE112:
 419 02f6 00BF     		.align	2
 420              		.global	GPIO_PinLockConfig
 421              		.thumb
 422              		.thumb_func
 424              	GPIO_PinLockConfig:
 425              	.LFB113:
 243:../Libraries/STM32F4xx_StdPeriph_Driver/src/stm32f4xx_gpio.c **** 
 244:../Libraries/STM32F4xx_StdPeriph_Driver/src/stm32f4xx_gpio.c **** /**
 245:../Libraries/STM32F4xx_StdPeriph_Driver/src/stm32f4xx_gpio.c ****   * @brief  Locks GPIO Pins configuration registers.
 246:../Libraries/STM32F4xx_StdPeriph_Driver/src/stm32f4xx_gpio.c ****   * @note   The locked registers are GPIOx_MODER, GPIOx_OTYPER, GPIOx_OSPEEDR,
 247:../Libraries/STM32F4xx_StdPeriph_Driver/src/stm32f4xx_gpio.c ****   *         GPIOx_PUPDR, GPIOx_AFRL and GPIOx_AFRH.
 248:../Libraries/STM32F4xx_StdPeriph_Driver/src/stm32f4xx_gpio.c ****   * @note   The configuration of the locked GPIO pins can no longer be modified
 249:../Libraries/STM32F4xx_StdPeriph_Driver/src/stm32f4xx_gpio.c ****   *         until the next reset.
 250:../Libraries/STM32F4xx_StdPeriph_Driver/src/stm32f4xx_gpio.c ****   * @param  GPIOx: where x can be (A..I) to select the GPIO peripheral.
 251:../Libraries/STM32F4xx_StdPeriph_Driver/src/stm32f4xx_gpio.c ****   * @param  GPIO_Pin: specifies the port bit to be locked.
 252:../Libraries/STM32F4xx_StdPeriph_Driver/src/stm32f4xx_gpio.c ****   *          This parameter can be any combination of GPIO_Pin_x where x can be (0..15).
 253:../Libraries/STM32F4xx_StdPeriph_Driver/src/stm32f4xx_gpio.c ****   * @retval None
 254:../Libraries/STM32F4xx_StdPeriph_Driver/src/stm32f4xx_gpio.c ****   */
 255:../Libraries/STM32F4xx_StdPeriph_Driver/src/stm32f4xx_gpio.c **** void GPIO_PinLockConfig(GPIO_TypeDef* GPIOx, uint16_t GPIO_Pin)
 256:../Libraries/STM32F4xx_StdPeriph_Driver/src/stm32f4xx_gpio.c **** {
 426              		.loc 1 256 0
 427              		.cfi_startproc
 428              		@ args = 0, pretend = 0, frame = 16
 429              		@ frame_needed = 1, uses_anonymous_args = 0
 430              		@ link register save eliminated.
 431 02f8 80B4     		push	{r7}
 432              	.LCFI9:
 433              		.cfi_def_cfa_offset 4
 434              		.cfi_offset 7, -4
 435 02fa 85B0     		sub	sp, sp, #20
 436              	.LCFI10:
 437              		.cfi_def_cfa_offset 24
 438 02fc 00AF     		add	r7, sp, #0
 439              	.LCFI11:
 440              		.cfi_def_cfa_register 7
 441 02fe 7860     		str	r0, [r7, #4]
 442 0300 0B46     		mov	r3, r1
 443 0302 7B80     		strh	r3, [r7, #2]	@ movhi
 257:../Libraries/STM32F4xx_StdPeriph_Driver/src/stm32f4xx_gpio.c ****   __IO uint32_t tmp = 0x00010000;
 444              		.loc 1 257 0
 445 0304 4FF48033 		mov	r3, #65536
 446 0308 FB60     		str	r3, [r7, #12]
 258:../Libraries/STM32F4xx_StdPeriph_Driver/src/stm32f4xx_gpio.c **** 
 259:../Libraries/STM32F4xx_StdPeriph_Driver/src/stm32f4xx_gpio.c ****   /* Check the parameters */
 260:../Libraries/STM32F4xx_StdPeriph_Driver/src/stm32f4xx_gpio.c ****   assert_param(IS_GPIO_ALL_PERIPH(GPIOx));
 261:../Libraries/STM32F4xx_StdPeriph_Driver/src/stm32f4xx_gpio.c ****   assert_param(IS_GPIO_PIN(GPIO_Pin));
 262:../Libraries/STM32F4xx_StdPeriph_Driver/src/stm32f4xx_gpio.c **** 
 263:../Libraries/STM32F4xx_StdPeriph_Driver/src/stm32f4xx_gpio.c ****   tmp |= GPIO_Pin;
 447              		.loc 1 263 0
 448 030a 7A88     		ldrh	r2, [r7, #2]
 449 030c FB68     		ldr	r3, [r7, #12]
 450 030e 1343     		orrs	r3, r3, r2
 451 0310 FB60     		str	r3, [r7, #12]
 264:../Libraries/STM32F4xx_StdPeriph_Driver/src/stm32f4xx_gpio.c ****   /* Set LCKK bit */
 265:../Libraries/STM32F4xx_StdPeriph_Driver/src/stm32f4xx_gpio.c ****   GPIOx->LCKR = tmp;
 452              		.loc 1 265 0
 453 0312 FA68     		ldr	r2, [r7, #12]
 454 0314 7B68     		ldr	r3, [r7, #4]
 455 0316 DA61     		str	r2, [r3, #28]
 266:../Libraries/STM32F4xx_StdPeriph_Driver/src/stm32f4xx_gpio.c ****   /* Reset LCKK bit */
 267:../Libraries/STM32F4xx_StdPeriph_Driver/src/stm32f4xx_gpio.c ****   GPIOx->LCKR =  GPIO_Pin;
 456              		.loc 1 267 0
 457 0318 7A88     		ldrh	r2, [r7, #2]
 458 031a 7B68     		ldr	r3, [r7, #4]
 459 031c DA61     		str	r2, [r3, #28]
 268:../Libraries/STM32F4xx_StdPeriph_Driver/src/stm32f4xx_gpio.c ****   /* Set LCKK bit */
 269:../Libraries/STM32F4xx_StdPeriph_Driver/src/stm32f4xx_gpio.c ****   GPIOx->LCKR = tmp;
 460              		.loc 1 269 0
 461 031e FA68     		ldr	r2, [r7, #12]
 462 0320 7B68     		ldr	r3, [r7, #4]
 463 0322 DA61     		str	r2, [r3, #28]
 270:../Libraries/STM32F4xx_StdPeriph_Driver/src/stm32f4xx_gpio.c ****   /* Read LCKK bit*/
 271:../Libraries/STM32F4xx_StdPeriph_Driver/src/stm32f4xx_gpio.c ****   tmp = GPIOx->LCKR;
 464              		.loc 1 271 0
 465 0324 7B68     		ldr	r3, [r7, #4]
 466 0326 DB69     		ldr	r3, [r3, #28]
 467 0328 FB60     		str	r3, [r7, #12]
 272:../Libraries/STM32F4xx_StdPeriph_Driver/src/stm32f4xx_gpio.c ****   /* Read LCKK bit*/
 273:../Libraries/STM32F4xx_StdPeriph_Driver/src/stm32f4xx_gpio.c ****   tmp = GPIOx->LCKR;
 468              		.loc 1 273 0
 469 032a 7B68     		ldr	r3, [r7, #4]
 470 032c DB69     		ldr	r3, [r3, #28]
 471 032e FB60     		str	r3, [r7, #12]
 274:../Libraries/STM32F4xx_StdPeriph_Driver/src/stm32f4xx_gpio.c **** }
 472              		.loc 1 274 0
 473 0330 07F11407 		add	r7, r7, #20
 474 0334 BD46     		mov	sp, r7
 475 0336 80BC     		pop	{r7}
 476 0338 7047     		bx	lr
 477              		.cfi_endproc
 478              	.LFE113:
 480 033a 00BF     		.align	2
 481              		.global	GPIO_ReadInputDataBit
 482              		.thumb
 483              		.thumb_func
 485              	GPIO_ReadInputDataBit:
 486              	.LFB114:
 275:../Libraries/STM32F4xx_StdPeriph_Driver/src/stm32f4xx_gpio.c **** 
 276:../Libraries/STM32F4xx_StdPeriph_Driver/src/stm32f4xx_gpio.c **** /**
 277:../Libraries/STM32F4xx_StdPeriph_Driver/src/stm32f4xx_gpio.c ****   * @}
 278:../Libraries/STM32F4xx_StdPeriph_Driver/src/stm32f4xx_gpio.c ****   */
 279:../Libraries/STM32F4xx_StdPeriph_Driver/src/stm32f4xx_gpio.c **** 
 280:../Libraries/STM32F4xx_StdPeriph_Driver/src/stm32f4xx_gpio.c **** /** @defgroup GPIO_Group2 GPIO Read and Write
 281:../Libraries/STM32F4xx_StdPeriph_Driver/src/stm32f4xx_gpio.c ****  *  @brief   GPIO Read and Write
 282:../Libraries/STM32F4xx_StdPeriph_Driver/src/stm32f4xx_gpio.c ****  *
 283:../Libraries/STM32F4xx_StdPeriph_Driver/src/stm32f4xx_gpio.c **** @verbatim   
 284:../Libraries/STM32F4xx_StdPeriph_Driver/src/stm32f4xx_gpio.c ****  ===============================================================================
 285:../Libraries/STM32F4xx_StdPeriph_Driver/src/stm32f4xx_gpio.c ****                               GPIO Read and Write
 286:../Libraries/STM32F4xx_StdPeriph_Driver/src/stm32f4xx_gpio.c ****  ===============================================================================  
 287:../Libraries/STM32F4xx_StdPeriph_Driver/src/stm32f4xx_gpio.c **** 
 288:../Libraries/STM32F4xx_StdPeriph_Driver/src/stm32f4xx_gpio.c **** @endverbatim
 289:../Libraries/STM32F4xx_StdPeriph_Driver/src/stm32f4xx_gpio.c ****   * @{
 290:../Libraries/STM32F4xx_StdPeriph_Driver/src/stm32f4xx_gpio.c ****   */
 291:../Libraries/STM32F4xx_StdPeriph_Driver/src/stm32f4xx_gpio.c **** 
 292:../Libraries/STM32F4xx_StdPeriph_Driver/src/stm32f4xx_gpio.c **** /**
 293:../Libraries/STM32F4xx_StdPeriph_Driver/src/stm32f4xx_gpio.c ****   * @brief  Reads the specified input port pin.
 294:../Libraries/STM32F4xx_StdPeriph_Driver/src/stm32f4xx_gpio.c ****   * @param  GPIOx: where x can be (A..I) to select the GPIO peripheral.
 295:../Libraries/STM32F4xx_StdPeriph_Driver/src/stm32f4xx_gpio.c ****   * @param  GPIO_Pin: specifies the port bit to read.
 296:../Libraries/STM32F4xx_StdPeriph_Driver/src/stm32f4xx_gpio.c ****   *         This parameter can be GPIO_Pin_x where x can be (0..15).
 297:../Libraries/STM32F4xx_StdPeriph_Driver/src/stm32f4xx_gpio.c ****   * @retval The input port pin value.
 298:../Libraries/STM32F4xx_StdPeriph_Driver/src/stm32f4xx_gpio.c ****   */
 299:../Libraries/STM32F4xx_StdPeriph_Driver/src/stm32f4xx_gpio.c **** uint8_t GPIO_ReadInputDataBit(GPIO_TypeDef* GPIOx, uint16_t GPIO_Pin)
 300:../Libraries/STM32F4xx_StdPeriph_Driver/src/stm32f4xx_gpio.c **** {
 487              		.loc 1 300 0
 488              		.cfi_startproc
 489              		@ args = 0, pretend = 0, frame = 16
 490              		@ frame_needed = 1, uses_anonymous_args = 0
 491              		@ link register save eliminated.
 492 033c 80B4     		push	{r7}
 493              	.LCFI12:
 494              		.cfi_def_cfa_offset 4
 495              		.cfi_offset 7, -4
 496 033e 85B0     		sub	sp, sp, #20
 497              	.LCFI13:
 498              		.cfi_def_cfa_offset 24
 499 0340 00AF     		add	r7, sp, #0
 500              	.LCFI14:
 501              		.cfi_def_cfa_register 7
 502 0342 7860     		str	r0, [r7, #4]
 503 0344 0B46     		mov	r3, r1
 504 0346 7B80     		strh	r3, [r7, #2]	@ movhi
 301:../Libraries/STM32F4xx_StdPeriph_Driver/src/stm32f4xx_gpio.c ****   uint8_t bitstatus = 0x00;
 505              		.loc 1 301 0
 506 0348 4FF00003 		mov	r3, #0
 507 034c FB73     		strb	r3, [r7, #15]
 302:../Libraries/STM32F4xx_StdPeriph_Driver/src/stm32f4xx_gpio.c **** 
 303:../Libraries/STM32F4xx_StdPeriph_Driver/src/stm32f4xx_gpio.c ****   /* Check the parameters */
 304:../Libraries/STM32F4xx_StdPeriph_Driver/src/stm32f4xx_gpio.c ****   assert_param(IS_GPIO_ALL_PERIPH(GPIOx));
 305:../Libraries/STM32F4xx_StdPeriph_Driver/src/stm32f4xx_gpio.c ****   assert_param(IS_GET_GPIO_PIN(GPIO_Pin));
 306:../Libraries/STM32F4xx_StdPeriph_Driver/src/stm32f4xx_gpio.c **** 
 307:../Libraries/STM32F4xx_StdPeriph_Driver/src/stm32f4xx_gpio.c ****   if ((GPIOx->IDR & GPIO_Pin) != (uint32_t)Bit_RESET)
 508              		.loc 1 307 0
 509 034e 7B68     		ldr	r3, [r7, #4]
 510 0350 1A69     		ldr	r2, [r3, #16]
 511 0352 7B88     		ldrh	r3, [r7, #2]
 512 0354 1340     		ands	r3, r3, r2
 513 0356 002B     		cmp	r3, #0
 514 0358 03D0     		beq	.L20
 308:../Libraries/STM32F4xx_StdPeriph_Driver/src/stm32f4xx_gpio.c ****   {
 309:../Libraries/STM32F4xx_StdPeriph_Driver/src/stm32f4xx_gpio.c ****     bitstatus = (uint8_t)Bit_SET;
 515              		.loc 1 309 0
 516 035a 4FF00103 		mov	r3, #1
 517 035e FB73     		strb	r3, [r7, #15]
 518 0360 02E0     		b	.L21
 519              	.L20:
 310:../Libraries/STM32F4xx_StdPeriph_Driver/src/stm32f4xx_gpio.c ****   }
 311:../Libraries/STM32F4xx_StdPeriph_Driver/src/stm32f4xx_gpio.c ****   else
 312:../Libraries/STM32F4xx_StdPeriph_Driver/src/stm32f4xx_gpio.c ****   {
 313:../Libraries/STM32F4xx_StdPeriph_Driver/src/stm32f4xx_gpio.c ****     bitstatus = (uint8_t)Bit_RESET;
 520              		.loc 1 313 0
 521 0362 4FF00003 		mov	r3, #0
 522 0366 FB73     		strb	r3, [r7, #15]
 523              	.L21:
 314:../Libraries/STM32F4xx_StdPeriph_Driver/src/stm32f4xx_gpio.c ****   }
 315:../Libraries/STM32F4xx_StdPeriph_Driver/src/stm32f4xx_gpio.c ****   return bitstatus;
 524              		.loc 1 315 0
 525 0368 FB7B     		ldrb	r3, [r7, #15]	@ zero_extendqisi2
 316:../Libraries/STM32F4xx_StdPeriph_Driver/src/stm32f4xx_gpio.c **** }
 526              		.loc 1 316 0
 527 036a 1846     		mov	r0, r3
 528 036c 07F11407 		add	r7, r7, #20
 529 0370 BD46     		mov	sp, r7
 530 0372 80BC     		pop	{r7}
 531 0374 7047     		bx	lr
 532              		.cfi_endproc
 533              	.LFE114:
 535 0376 00BF     		.align	2
 536              		.global	GPIO_ReadInputData
 537              		.thumb
 538              		.thumb_func
 540              	GPIO_ReadInputData:
 541              	.LFB115:
 317:../Libraries/STM32F4xx_StdPeriph_Driver/src/stm32f4xx_gpio.c **** 
 318:../Libraries/STM32F4xx_StdPeriph_Driver/src/stm32f4xx_gpio.c **** /**
 319:../Libraries/STM32F4xx_StdPeriph_Driver/src/stm32f4xx_gpio.c ****   * @brief  Reads the specified GPIO input data port.
 320:../Libraries/STM32F4xx_StdPeriph_Driver/src/stm32f4xx_gpio.c ****   * @param  GPIOx: where x can be (A..I) to select the GPIO peripheral.
 321:../Libraries/STM32F4xx_StdPeriph_Driver/src/stm32f4xx_gpio.c ****   * @retval GPIO input data port value.
 322:../Libraries/STM32F4xx_StdPeriph_Driver/src/stm32f4xx_gpio.c ****   */
 323:../Libraries/STM32F4xx_StdPeriph_Driver/src/stm32f4xx_gpio.c **** uint16_t GPIO_ReadInputData(GPIO_TypeDef* GPIOx)
 324:../Libraries/STM32F4xx_StdPeriph_Driver/src/stm32f4xx_gpio.c **** {
 542              		.loc 1 324 0
 543              		.cfi_startproc
 544              		@ args = 0, pretend = 0, frame = 8
 545              		@ frame_needed = 1, uses_anonymous_args = 0
 546              		@ link register save eliminated.
 547 0378 80B4     		push	{r7}
 548              	.LCFI15:
 549              		.cfi_def_cfa_offset 4
 550              		.cfi_offset 7, -4
 551 037a 83B0     		sub	sp, sp, #12
 552              	.LCFI16:
 553              		.cfi_def_cfa_offset 16
 554 037c 00AF     		add	r7, sp, #0
 555              	.LCFI17:
 556              		.cfi_def_cfa_register 7
 557 037e 7860     		str	r0, [r7, #4]
 325:../Libraries/STM32F4xx_StdPeriph_Driver/src/stm32f4xx_gpio.c ****   /* Check the parameters */
 326:../Libraries/STM32F4xx_StdPeriph_Driver/src/stm32f4xx_gpio.c ****   assert_param(IS_GPIO_ALL_PERIPH(GPIOx));
 327:../Libraries/STM32F4xx_StdPeriph_Driver/src/stm32f4xx_gpio.c **** 
 328:../Libraries/STM32F4xx_StdPeriph_Driver/src/stm32f4xx_gpio.c ****   return ((uint16_t)GPIOx->IDR);
 558              		.loc 1 328 0
 559 0380 7B68     		ldr	r3, [r7, #4]
 560 0382 1B69     		ldr	r3, [r3, #16]
 561 0384 9BB2     		uxth	r3, r3
 329:../Libraries/STM32F4xx_StdPeriph_Driver/src/stm32f4xx_gpio.c **** }
 562              		.loc 1 329 0
 563 0386 1846     		mov	r0, r3
 564 0388 07F10C07 		add	r7, r7, #12
 565 038c BD46     		mov	sp, r7
 566 038e 80BC     		pop	{r7}
 567 0390 7047     		bx	lr
 568              		.cfi_endproc
 569              	.LFE115:
 571 0392 00BF     		.align	2
 572              		.global	GPIO_ReadOutputDataBit
 573              		.thumb
 574              		.thumb_func
 576              	GPIO_ReadOutputDataBit:
 577              	.LFB116:
 330:../Libraries/STM32F4xx_StdPeriph_Driver/src/stm32f4xx_gpio.c **** 
 331:../Libraries/STM32F4xx_StdPeriph_Driver/src/stm32f4xx_gpio.c **** /**
 332:../Libraries/STM32F4xx_StdPeriph_Driver/src/stm32f4xx_gpio.c ****   * @brief  Reads the specified output data port bit.
 333:../Libraries/STM32F4xx_StdPeriph_Driver/src/stm32f4xx_gpio.c ****   * @param  GPIOx: where x can be (A..I) to select the GPIO peripheral.
 334:../Libraries/STM32F4xx_StdPeriph_Driver/src/stm32f4xx_gpio.c ****   * @param  GPIO_Pin: specifies the port bit to read.
 335:../Libraries/STM32F4xx_StdPeriph_Driver/src/stm32f4xx_gpio.c ****   *          This parameter can be GPIO_Pin_x where x can be (0..15).
 336:../Libraries/STM32F4xx_StdPeriph_Driver/src/stm32f4xx_gpio.c ****   * @retval The output port pin value.
 337:../Libraries/STM32F4xx_StdPeriph_Driver/src/stm32f4xx_gpio.c ****   */
 338:../Libraries/STM32F4xx_StdPeriph_Driver/src/stm32f4xx_gpio.c **** uint8_t GPIO_ReadOutputDataBit(GPIO_TypeDef* GPIOx, uint16_t GPIO_Pin)
 339:../Libraries/STM32F4xx_StdPeriph_Driver/src/stm32f4xx_gpio.c **** {
 578              		.loc 1 339 0
 579              		.cfi_startproc
 580              		@ args = 0, pretend = 0, frame = 16
 581              		@ frame_needed = 1, uses_anonymous_args = 0
 582              		@ link register save eliminated.
 583 0394 80B4     		push	{r7}
 584              	.LCFI18:
 585              		.cfi_def_cfa_offset 4
 586              		.cfi_offset 7, -4
 587 0396 85B0     		sub	sp, sp, #20
 588              	.LCFI19:
 589              		.cfi_def_cfa_offset 24
 590 0398 00AF     		add	r7, sp, #0
 591              	.LCFI20:
 592              		.cfi_def_cfa_register 7
 593 039a 7860     		str	r0, [r7, #4]
 594 039c 0B46     		mov	r3, r1
 595 039e 7B80     		strh	r3, [r7, #2]	@ movhi
 340:../Libraries/STM32F4xx_StdPeriph_Driver/src/stm32f4xx_gpio.c ****   uint8_t bitstatus = 0x00;
 596              		.loc 1 340 0
 597 03a0 4FF00003 		mov	r3, #0
 598 03a4 FB73     		strb	r3, [r7, #15]
 341:../Libraries/STM32F4xx_StdPeriph_Driver/src/stm32f4xx_gpio.c **** 
 342:../Libraries/STM32F4xx_StdPeriph_Driver/src/stm32f4xx_gpio.c ****   /* Check the parameters */
 343:../Libraries/STM32F4xx_StdPeriph_Driver/src/stm32f4xx_gpio.c ****   assert_param(IS_GPIO_ALL_PERIPH(GPIOx));
 344:../Libraries/STM32F4xx_StdPeriph_Driver/src/stm32f4xx_gpio.c ****   assert_param(IS_GET_GPIO_PIN(GPIO_Pin));
 345:../Libraries/STM32F4xx_StdPeriph_Driver/src/stm32f4xx_gpio.c **** 
 346:../Libraries/STM32F4xx_StdPeriph_Driver/src/stm32f4xx_gpio.c ****   if ((GPIOx->ODR & GPIO_Pin) != (uint32_t)Bit_RESET)
 599              		.loc 1 346 0
 600 03a6 7B68     		ldr	r3, [r7, #4]
 601 03a8 5A69     		ldr	r2, [r3, #20]
 602 03aa 7B88     		ldrh	r3, [r7, #2]
 603 03ac 1340     		ands	r3, r3, r2
 604 03ae 002B     		cmp	r3, #0
 605 03b0 03D0     		beq	.L24
 347:../Libraries/STM32F4xx_StdPeriph_Driver/src/stm32f4xx_gpio.c ****   {
 348:../Libraries/STM32F4xx_StdPeriph_Driver/src/stm32f4xx_gpio.c ****     bitstatus = (uint8_t)Bit_SET;
 606              		.loc 1 348 0
 607 03b2 4FF00103 		mov	r3, #1
 608 03b6 FB73     		strb	r3, [r7, #15]
 609 03b8 02E0     		b	.L25
 610              	.L24:
 349:../Libraries/STM32F4xx_StdPeriph_Driver/src/stm32f4xx_gpio.c ****   }
 350:../Libraries/STM32F4xx_StdPeriph_Driver/src/stm32f4xx_gpio.c ****   else
 351:../Libraries/STM32F4xx_StdPeriph_Driver/src/stm32f4xx_gpio.c ****   {
 352:../Libraries/STM32F4xx_StdPeriph_Driver/src/stm32f4xx_gpio.c ****     bitstatus = (uint8_t)Bit_RESET;
 611              		.loc 1 352 0
 612 03ba 4FF00003 		mov	r3, #0
 613 03be FB73     		strb	r3, [r7, #15]
 614              	.L25:
 353:../Libraries/STM32F4xx_StdPeriph_Driver/src/stm32f4xx_gpio.c ****   }
 354:../Libraries/STM32F4xx_StdPeriph_Driver/src/stm32f4xx_gpio.c ****   return bitstatus;
 615              		.loc 1 354 0
 616 03c0 FB7B     		ldrb	r3, [r7, #15]	@ zero_extendqisi2
 355:../Libraries/STM32F4xx_StdPeriph_Driver/src/stm32f4xx_gpio.c **** }
 617              		.loc 1 355 0
 618 03c2 1846     		mov	r0, r3
 619 03c4 07F11407 		add	r7, r7, #20
 620 03c8 BD46     		mov	sp, r7
 621 03ca 80BC     		pop	{r7}
 622 03cc 7047     		bx	lr
 623              		.cfi_endproc
 624              	.LFE116:
 626 03ce 00BF     		.align	2
 627              		.global	GPIO_ReadOutputData
 628              		.thumb
 629              		.thumb_func
 631              	GPIO_ReadOutputData:
 632              	.LFB117:
 356:../Libraries/STM32F4xx_StdPeriph_Driver/src/stm32f4xx_gpio.c **** 
 357:../Libraries/STM32F4xx_StdPeriph_Driver/src/stm32f4xx_gpio.c **** /**
 358:../Libraries/STM32F4xx_StdPeriph_Driver/src/stm32f4xx_gpio.c ****   * @brief  Reads the specified GPIO output data port.
 359:../Libraries/STM32F4xx_StdPeriph_Driver/src/stm32f4xx_gpio.c ****   * @param  GPIOx: where x can be (A..I) to select the GPIO peripheral.
 360:../Libraries/STM32F4xx_StdPeriph_Driver/src/stm32f4xx_gpio.c ****   * @retval GPIO output data port value.
 361:../Libraries/STM32F4xx_StdPeriph_Driver/src/stm32f4xx_gpio.c ****   */
 362:../Libraries/STM32F4xx_StdPeriph_Driver/src/stm32f4xx_gpio.c **** uint16_t GPIO_ReadOutputData(GPIO_TypeDef* GPIOx)
 363:../Libraries/STM32F4xx_StdPeriph_Driver/src/stm32f4xx_gpio.c **** {
 633              		.loc 1 363 0
 634              		.cfi_startproc
 635              		@ args = 0, pretend = 0, frame = 8
 636              		@ frame_needed = 1, uses_anonymous_args = 0
 637              		@ link register save eliminated.
 638 03d0 80B4     		push	{r7}
 639              	.LCFI21:
 640              		.cfi_def_cfa_offset 4
 641              		.cfi_offset 7, -4
 642 03d2 83B0     		sub	sp, sp, #12
 643              	.LCFI22:
 644              		.cfi_def_cfa_offset 16
 645 03d4 00AF     		add	r7, sp, #0
 646              	.LCFI23:
 647              		.cfi_def_cfa_register 7
 648 03d6 7860     		str	r0, [r7, #4]
 364:../Libraries/STM32F4xx_StdPeriph_Driver/src/stm32f4xx_gpio.c ****   /* Check the parameters */
 365:../Libraries/STM32F4xx_StdPeriph_Driver/src/stm32f4xx_gpio.c ****   assert_param(IS_GPIO_ALL_PERIPH(GPIOx));
 366:../Libraries/STM32F4xx_StdPeriph_Driver/src/stm32f4xx_gpio.c **** 
 367:../Libraries/STM32F4xx_StdPeriph_Driver/src/stm32f4xx_gpio.c ****   return ((uint16_t)GPIOx->ODR);
 649              		.loc 1 367 0
 650 03d8 7B68     		ldr	r3, [r7, #4]
 651 03da 5B69     		ldr	r3, [r3, #20]
 652 03dc 9BB2     		uxth	r3, r3
 368:../Libraries/STM32F4xx_StdPeriph_Driver/src/stm32f4xx_gpio.c **** }
 653              		.loc 1 368 0
 654 03de 1846     		mov	r0, r3
 655 03e0 07F10C07 		add	r7, r7, #12
 656 03e4 BD46     		mov	sp, r7
 657 03e6 80BC     		pop	{r7}
 658 03e8 7047     		bx	lr
 659              		.cfi_endproc
 660              	.LFE117:
 662 03ea 00BF     		.align	2
 663              		.global	GPIO_SetBits
 664              		.thumb
 665              		.thumb_func
 667              	GPIO_SetBits:
 668              	.LFB118:
 369:../Libraries/STM32F4xx_StdPeriph_Driver/src/stm32f4xx_gpio.c **** 
 370:../Libraries/STM32F4xx_StdPeriph_Driver/src/stm32f4xx_gpio.c **** /**
 371:../Libraries/STM32F4xx_StdPeriph_Driver/src/stm32f4xx_gpio.c ****   * @brief  Sets the selected data port bits.
 372:../Libraries/STM32F4xx_StdPeriph_Driver/src/stm32f4xx_gpio.c ****   * @note   This functions uses GPIOx_BSRR register to allow atomic read/modify 
 373:../Libraries/STM32F4xx_StdPeriph_Driver/src/stm32f4xx_gpio.c ****   *         accesses. In this way, there is no risk of an IRQ occurring between
 374:../Libraries/STM32F4xx_StdPeriph_Driver/src/stm32f4xx_gpio.c ****   *         the read and the modify access.
 375:../Libraries/STM32F4xx_StdPeriph_Driver/src/stm32f4xx_gpio.c ****   * @param  GPIOx: where x can be (A..I) to select the GPIO peripheral.
 376:../Libraries/STM32F4xx_StdPeriph_Driver/src/stm32f4xx_gpio.c ****   * @param  GPIO_Pin: specifies the port bits to be written.
 377:../Libraries/STM32F4xx_StdPeriph_Driver/src/stm32f4xx_gpio.c ****   *          This parameter can be any combination of GPIO_Pin_x where x can be (0..15).
 378:../Libraries/STM32F4xx_StdPeriph_Driver/src/stm32f4xx_gpio.c ****   * @retval None
 379:../Libraries/STM32F4xx_StdPeriph_Driver/src/stm32f4xx_gpio.c ****   */
 380:../Libraries/STM32F4xx_StdPeriph_Driver/src/stm32f4xx_gpio.c **** void GPIO_SetBits(GPIO_TypeDef* GPIOx, uint16_t GPIO_Pin)
 381:../Libraries/STM32F4xx_StdPeriph_Driver/src/stm32f4xx_gpio.c **** {
 669              		.loc 1 381 0
 670              		.cfi_startproc
 671              		@ args = 0, pretend = 0, frame = 8
 672              		@ frame_needed = 1, uses_anonymous_args = 0
 673              		@ link register save eliminated.
 674 03ec 80B4     		push	{r7}
 675              	.LCFI24:
 676              		.cfi_def_cfa_offset 4
 677              		.cfi_offset 7, -4
 678 03ee 83B0     		sub	sp, sp, #12
 679              	.LCFI25:
 680              		.cfi_def_cfa_offset 16
 681 03f0 00AF     		add	r7, sp, #0
 682              	.LCFI26:
 683              		.cfi_def_cfa_register 7
 684 03f2 7860     		str	r0, [r7, #4]
 685 03f4 0B46     		mov	r3, r1
 686 03f6 7B80     		strh	r3, [r7, #2]	@ movhi
 382:../Libraries/STM32F4xx_StdPeriph_Driver/src/stm32f4xx_gpio.c ****   /* Check the parameters */
 383:../Libraries/STM32F4xx_StdPeriph_Driver/src/stm32f4xx_gpio.c ****   assert_param(IS_GPIO_ALL_PERIPH(GPIOx));
 384:../Libraries/STM32F4xx_StdPeriph_Driver/src/stm32f4xx_gpio.c ****   assert_param(IS_GPIO_PIN(GPIO_Pin));
 385:../Libraries/STM32F4xx_StdPeriph_Driver/src/stm32f4xx_gpio.c **** 
 386:../Libraries/STM32F4xx_StdPeriph_Driver/src/stm32f4xx_gpio.c ****   GPIOx->BSRRL = GPIO_Pin;
 687              		.loc 1 386 0
 688 03f8 7B68     		ldr	r3, [r7, #4]
 689 03fa 7A88     		ldrh	r2, [r7, #2]	@ movhi
 690 03fc 1A83     		strh	r2, [r3, #24]	@ movhi
 387:../Libraries/STM32F4xx_StdPeriph_Driver/src/stm32f4xx_gpio.c **** }
 691              		.loc 1 387 0
 692 03fe 07F10C07 		add	r7, r7, #12
 693 0402 BD46     		mov	sp, r7
 694 0404 80BC     		pop	{r7}
 695 0406 7047     		bx	lr
 696              		.cfi_endproc
 697              	.LFE118:
 699              		.align	2
 700              		.global	GPIO_ResetBits
 701              		.thumb
 702              		.thumb_func
 704              	GPIO_ResetBits:
 705              	.LFB119:
 388:../Libraries/STM32F4xx_StdPeriph_Driver/src/stm32f4xx_gpio.c **** 
 389:../Libraries/STM32F4xx_StdPeriph_Driver/src/stm32f4xx_gpio.c **** /**
 390:../Libraries/STM32F4xx_StdPeriph_Driver/src/stm32f4xx_gpio.c ****   * @brief  Clears the selected data port bits.
 391:../Libraries/STM32F4xx_StdPeriph_Driver/src/stm32f4xx_gpio.c ****   * @note   This functions uses GPIOx_BSRR register to allow atomic read/modify 
 392:../Libraries/STM32F4xx_StdPeriph_Driver/src/stm32f4xx_gpio.c ****   *         accesses. In this way, there is no risk of an IRQ occurring between
 393:../Libraries/STM32F4xx_StdPeriph_Driver/src/stm32f4xx_gpio.c ****   *         the read and the modify access.
 394:../Libraries/STM32F4xx_StdPeriph_Driver/src/stm32f4xx_gpio.c ****   * @param  GPIOx: where x can be (A..I) to select the GPIO peripheral.
 395:../Libraries/STM32F4xx_StdPeriph_Driver/src/stm32f4xx_gpio.c ****   * @param  GPIO_Pin: specifies the port bits to be written.
 396:../Libraries/STM32F4xx_StdPeriph_Driver/src/stm32f4xx_gpio.c ****   *          This parameter can be any combination of GPIO_Pin_x where x can be (0..15).
 397:../Libraries/STM32F4xx_StdPeriph_Driver/src/stm32f4xx_gpio.c ****   * @retval None
 398:../Libraries/STM32F4xx_StdPeriph_Driver/src/stm32f4xx_gpio.c ****   */
 399:../Libraries/STM32F4xx_StdPeriph_Driver/src/stm32f4xx_gpio.c **** void GPIO_ResetBits(GPIO_TypeDef* GPIOx, uint16_t GPIO_Pin)
 400:../Libraries/STM32F4xx_StdPeriph_Driver/src/stm32f4xx_gpio.c **** {
 706              		.loc 1 400 0
 707              		.cfi_startproc
 708              		@ args = 0, pretend = 0, frame = 8
 709              		@ frame_needed = 1, uses_anonymous_args = 0
 710              		@ link register save eliminated.
 711 0408 80B4     		push	{r7}
 712              	.LCFI27:
 713              		.cfi_def_cfa_offset 4
 714              		.cfi_offset 7, -4
 715 040a 83B0     		sub	sp, sp, #12
 716              	.LCFI28:
 717              		.cfi_def_cfa_offset 16
 718 040c 00AF     		add	r7, sp, #0
 719              	.LCFI29:
 720              		.cfi_def_cfa_register 7
 721 040e 7860     		str	r0, [r7, #4]
 722 0410 0B46     		mov	r3, r1
 723 0412 7B80     		strh	r3, [r7, #2]	@ movhi
 401:../Libraries/STM32F4xx_StdPeriph_Driver/src/stm32f4xx_gpio.c ****   /* Check the parameters */
 402:../Libraries/STM32F4xx_StdPeriph_Driver/src/stm32f4xx_gpio.c ****   assert_param(IS_GPIO_ALL_PERIPH(GPIOx));
 403:../Libraries/STM32F4xx_StdPeriph_Driver/src/stm32f4xx_gpio.c ****   assert_param(IS_GPIO_PIN(GPIO_Pin));
 404:../Libraries/STM32F4xx_StdPeriph_Driver/src/stm32f4xx_gpio.c **** 
 405:../Libraries/STM32F4xx_StdPeriph_Driver/src/stm32f4xx_gpio.c ****   GPIOx->BSRRH = GPIO_Pin;
 724              		.loc 1 405 0
 725 0414 7B68     		ldr	r3, [r7, #4]
 726 0416 7A88     		ldrh	r2, [r7, #2]	@ movhi
 727 0418 5A83     		strh	r2, [r3, #26]	@ movhi
 406:../Libraries/STM32F4xx_StdPeriph_Driver/src/stm32f4xx_gpio.c **** }
 728              		.loc 1 406 0
 729 041a 07F10C07 		add	r7, r7, #12
 730 041e BD46     		mov	sp, r7
 731 0420 80BC     		pop	{r7}
 732 0422 7047     		bx	lr
 733              		.cfi_endproc
 734              	.LFE119:
 736              		.align	2
 737              		.global	GPIO_WriteBit
 738              		.thumb
 739              		.thumb_func
 741              	GPIO_WriteBit:
 742              	.LFB120:
 407:../Libraries/STM32F4xx_StdPeriph_Driver/src/stm32f4xx_gpio.c **** 
 408:../Libraries/STM32F4xx_StdPeriph_Driver/src/stm32f4xx_gpio.c **** /**
 409:../Libraries/STM32F4xx_StdPeriph_Driver/src/stm32f4xx_gpio.c ****   * @brief  Sets or clears the selected data port bit.
 410:../Libraries/STM32F4xx_StdPeriph_Driver/src/stm32f4xx_gpio.c ****   * @param  GPIOx: where x can be (A..I) to select the GPIO peripheral.
 411:../Libraries/STM32F4xx_StdPeriph_Driver/src/stm32f4xx_gpio.c ****   * @param  GPIO_Pin: specifies the port bit to be written.
 412:../Libraries/STM32F4xx_StdPeriph_Driver/src/stm32f4xx_gpio.c ****   *          This parameter can be one of GPIO_Pin_x where x can be (0..15).
 413:../Libraries/STM32F4xx_StdPeriph_Driver/src/stm32f4xx_gpio.c ****   * @param  BitVal: specifies the value to be written to the selected bit.
 414:../Libraries/STM32F4xx_StdPeriph_Driver/src/stm32f4xx_gpio.c ****   *          This parameter can be one of the BitAction enum values:
 415:../Libraries/STM32F4xx_StdPeriph_Driver/src/stm32f4xx_gpio.c ****   *            @arg Bit_RESET: to clear the port pin
 416:../Libraries/STM32F4xx_StdPeriph_Driver/src/stm32f4xx_gpio.c ****   *            @arg Bit_SET: to set the port pin
 417:../Libraries/STM32F4xx_StdPeriph_Driver/src/stm32f4xx_gpio.c ****   * @retval None
 418:../Libraries/STM32F4xx_StdPeriph_Driver/src/stm32f4xx_gpio.c ****   */
 419:../Libraries/STM32F4xx_StdPeriph_Driver/src/stm32f4xx_gpio.c **** void GPIO_WriteBit(GPIO_TypeDef* GPIOx, uint16_t GPIO_Pin, BitAction BitVal)
 420:../Libraries/STM32F4xx_StdPeriph_Driver/src/stm32f4xx_gpio.c **** {
 743              		.loc 1 420 0
 744              		.cfi_startproc
 745              		@ args = 0, pretend = 0, frame = 8
 746              		@ frame_needed = 1, uses_anonymous_args = 0
 747              		@ link register save eliminated.
 748 0424 80B4     		push	{r7}
 749              	.LCFI30:
 750              		.cfi_def_cfa_offset 4
 751              		.cfi_offset 7, -4
 752 0426 83B0     		sub	sp, sp, #12
 753              	.LCFI31:
 754              		.cfi_def_cfa_offset 16
 755 0428 00AF     		add	r7, sp, #0
 756              	.LCFI32:
 757              		.cfi_def_cfa_register 7
 758 042a 7860     		str	r0, [r7, #4]
 759 042c 1346     		mov	r3, r2
 760 042e 0A46     		mov	r2, r1	@ movhi
 761 0430 7A80     		strh	r2, [r7, #2]	@ movhi
 762 0432 7B70     		strb	r3, [r7, #1]
 421:../Libraries/STM32F4xx_StdPeriph_Driver/src/stm32f4xx_gpio.c ****   /* Check the parameters */
 422:../Libraries/STM32F4xx_StdPeriph_Driver/src/stm32f4xx_gpio.c ****   assert_param(IS_GPIO_ALL_PERIPH(GPIOx));
 423:../Libraries/STM32F4xx_StdPeriph_Driver/src/stm32f4xx_gpio.c ****   assert_param(IS_GET_GPIO_PIN(GPIO_Pin));
 424:../Libraries/STM32F4xx_StdPeriph_Driver/src/stm32f4xx_gpio.c ****   assert_param(IS_GPIO_BIT_ACTION(BitVal));
 425:../Libraries/STM32F4xx_StdPeriph_Driver/src/stm32f4xx_gpio.c **** 
 426:../Libraries/STM32F4xx_StdPeriph_Driver/src/stm32f4xx_gpio.c ****   if (BitVal != Bit_RESET)
 763              		.loc 1 426 0
 764 0434 7B78     		ldrb	r3, [r7, #1]	@ zero_extendqisi2
 765 0436 002B     		cmp	r3, #0
 766 0438 03D0     		beq	.L30
 427:../Libraries/STM32F4xx_StdPeriph_Driver/src/stm32f4xx_gpio.c ****   {
 428:../Libraries/STM32F4xx_StdPeriph_Driver/src/stm32f4xx_gpio.c ****     GPIOx->BSRRL = GPIO_Pin;
 767              		.loc 1 428 0
 768 043a 7B68     		ldr	r3, [r7, #4]
 769 043c 7A88     		ldrh	r2, [r7, #2]	@ movhi
 770 043e 1A83     		strh	r2, [r3, #24]	@ movhi
 771 0440 02E0     		b	.L29
 772              	.L30:
 429:../Libraries/STM32F4xx_StdPeriph_Driver/src/stm32f4xx_gpio.c ****   }
 430:../Libraries/STM32F4xx_StdPeriph_Driver/src/stm32f4xx_gpio.c ****   else
 431:../Libraries/STM32F4xx_StdPeriph_Driver/src/stm32f4xx_gpio.c ****   {
 432:../Libraries/STM32F4xx_StdPeriph_Driver/src/stm32f4xx_gpio.c ****     GPIOx->BSRRH = GPIO_Pin ;
 773              		.loc 1 432 0
 774 0442 7B68     		ldr	r3, [r7, #4]
 775 0444 7A88     		ldrh	r2, [r7, #2]	@ movhi
 776 0446 5A83     		strh	r2, [r3, #26]	@ movhi
 777              	.L29:
 433:../Libraries/STM32F4xx_StdPeriph_Driver/src/stm32f4xx_gpio.c ****   }
 434:../Libraries/STM32F4xx_StdPeriph_Driver/src/stm32f4xx_gpio.c **** }
 778              		.loc 1 434 0
 779 0448 07F10C07 		add	r7, r7, #12
 780 044c BD46     		mov	sp, r7
 781 044e 80BC     		pop	{r7}
 782 0450 7047     		bx	lr
 783              		.cfi_endproc
 784              	.LFE120:
 786 0452 00BF     		.align	2
 787              		.global	GPIO_Write
 788              		.thumb
 789              		.thumb_func
 791              	GPIO_Write:
 792              	.LFB121:
 435:../Libraries/STM32F4xx_StdPeriph_Driver/src/stm32f4xx_gpio.c **** 
 436:../Libraries/STM32F4xx_StdPeriph_Driver/src/stm32f4xx_gpio.c **** /**
 437:../Libraries/STM32F4xx_StdPeriph_Driver/src/stm32f4xx_gpio.c ****   * @brief  Writes data to the specified GPIO data port.
 438:../Libraries/STM32F4xx_StdPeriph_Driver/src/stm32f4xx_gpio.c ****   * @param  GPIOx: where x can be (A..I) to select the GPIO peripheral.
 439:../Libraries/STM32F4xx_StdPeriph_Driver/src/stm32f4xx_gpio.c ****   * @param  PortVal: specifies the value to be written to the port output data register.
 440:../Libraries/STM32F4xx_StdPeriph_Driver/src/stm32f4xx_gpio.c ****   * @retval None
 441:../Libraries/STM32F4xx_StdPeriph_Driver/src/stm32f4xx_gpio.c ****   */
 442:../Libraries/STM32F4xx_StdPeriph_Driver/src/stm32f4xx_gpio.c **** void GPIO_Write(GPIO_TypeDef* GPIOx, uint16_t PortVal)
 443:../Libraries/STM32F4xx_StdPeriph_Driver/src/stm32f4xx_gpio.c **** {
 793              		.loc 1 443 0
 794              		.cfi_startproc
 795              		@ args = 0, pretend = 0, frame = 8
 796              		@ frame_needed = 1, uses_anonymous_args = 0
 797              		@ link register save eliminated.
 798 0454 80B4     		push	{r7}
 799              	.LCFI33:
 800              		.cfi_def_cfa_offset 4
 801              		.cfi_offset 7, -4
 802 0456 83B0     		sub	sp, sp, #12
 803              	.LCFI34:
 804              		.cfi_def_cfa_offset 16
 805 0458 00AF     		add	r7, sp, #0
 806              	.LCFI35:
 807              		.cfi_def_cfa_register 7
 808 045a 7860     		str	r0, [r7, #4]
 809 045c 0B46     		mov	r3, r1
 810 045e 7B80     		strh	r3, [r7, #2]	@ movhi
 444:../Libraries/STM32F4xx_StdPeriph_Driver/src/stm32f4xx_gpio.c ****   /* Check the parameters */
 445:../Libraries/STM32F4xx_StdPeriph_Driver/src/stm32f4xx_gpio.c ****   assert_param(IS_GPIO_ALL_PERIPH(GPIOx));
 446:../Libraries/STM32F4xx_StdPeriph_Driver/src/stm32f4xx_gpio.c **** 
 447:../Libraries/STM32F4xx_StdPeriph_Driver/src/stm32f4xx_gpio.c ****   GPIOx->ODR = PortVal;
 811              		.loc 1 447 0
 812 0460 7A88     		ldrh	r2, [r7, #2]
 813 0462 7B68     		ldr	r3, [r7, #4]
 814 0464 5A61     		str	r2, [r3, #20]
 448:../Libraries/STM32F4xx_StdPeriph_Driver/src/stm32f4xx_gpio.c **** }
 815              		.loc 1 448 0
 816 0466 07F10C07 		add	r7, r7, #12
 817 046a BD46     		mov	sp, r7
 818 046c 80BC     		pop	{r7}
 819 046e 7047     		bx	lr
 820              		.cfi_endproc
 821              	.LFE121:
 823              		.align	2
 824              		.global	GPIO_ToggleBits
 825              		.thumb
 826              		.thumb_func
 828              	GPIO_ToggleBits:
 829              	.LFB122:
 449:../Libraries/STM32F4xx_StdPeriph_Driver/src/stm32f4xx_gpio.c **** 
 450:../Libraries/STM32F4xx_StdPeriph_Driver/src/stm32f4xx_gpio.c **** /**
 451:../Libraries/STM32F4xx_StdPeriph_Driver/src/stm32f4xx_gpio.c ****   * @brief  Toggles the specified GPIO pins..
 452:../Libraries/STM32F4xx_StdPeriph_Driver/src/stm32f4xx_gpio.c ****   * @param  GPIOx: where x can be (A..I) to select the GPIO peripheral.
 453:../Libraries/STM32F4xx_StdPeriph_Driver/src/stm32f4xx_gpio.c ****   * @param  GPIO_Pin: Specifies the pins to be toggled.
 454:../Libraries/STM32F4xx_StdPeriph_Driver/src/stm32f4xx_gpio.c ****   * @retval None
 455:../Libraries/STM32F4xx_StdPeriph_Driver/src/stm32f4xx_gpio.c ****   */
 456:../Libraries/STM32F4xx_StdPeriph_Driver/src/stm32f4xx_gpio.c **** void GPIO_ToggleBits(GPIO_TypeDef* GPIOx, uint16_t GPIO_Pin)
 457:../Libraries/STM32F4xx_StdPeriph_Driver/src/stm32f4xx_gpio.c **** {
 830              		.loc 1 457 0
 831              		.cfi_startproc
 832              		@ args = 0, pretend = 0, frame = 8
 833              		@ frame_needed = 1, uses_anonymous_args = 0
 834              		@ link register save eliminated.
 835 0470 80B4     		push	{r7}
 836              	.LCFI36:
 837              		.cfi_def_cfa_offset 4
 838              		.cfi_offset 7, -4
 839 0472 83B0     		sub	sp, sp, #12
 840              	.LCFI37:
 841              		.cfi_def_cfa_offset 16
 842 0474 00AF     		add	r7, sp, #0
 843              	.LCFI38:
 844              		.cfi_def_cfa_register 7
 845 0476 7860     		str	r0, [r7, #4]
 846 0478 0B46     		mov	r3, r1
 847 047a 7B80     		strh	r3, [r7, #2]	@ movhi
 458:../Libraries/STM32F4xx_StdPeriph_Driver/src/stm32f4xx_gpio.c ****   /* Check the parameters */
 459:../Libraries/STM32F4xx_StdPeriph_Driver/src/stm32f4xx_gpio.c ****   assert_param(IS_GPIO_ALL_PERIPH(GPIOx));
 460:../Libraries/STM32F4xx_StdPeriph_Driver/src/stm32f4xx_gpio.c **** 
 461:../Libraries/STM32F4xx_StdPeriph_Driver/src/stm32f4xx_gpio.c ****   GPIOx->ODR ^= GPIO_Pin;
 848              		.loc 1 461 0
 849 047c 7B68     		ldr	r3, [r7, #4]
 850 047e 5A69     		ldr	r2, [r3, #20]
 851 0480 7B88     		ldrh	r3, [r7, #2]
 852 0482 5A40     		eors	r2, r2, r3
 853 0484 7B68     		ldr	r3, [r7, #4]
 854 0486 5A61     		str	r2, [r3, #20]
 462:../Libraries/STM32F4xx_StdPeriph_Driver/src/stm32f4xx_gpio.c **** }
 855              		.loc 1 462 0
 856 0488 07F10C07 		add	r7, r7, #12
 857 048c BD46     		mov	sp, r7
 858 048e 80BC     		pop	{r7}
 859 0490 7047     		bx	lr
 860              		.cfi_endproc
 861              	.LFE122:
 863 0492 00BF     		.align	2
 864              		.global	GPIO_PinAFConfig
 865              		.thumb
 866              		.thumb_func
 868              	GPIO_PinAFConfig:
 869              	.LFB123:
 463:../Libraries/STM32F4xx_StdPeriph_Driver/src/stm32f4xx_gpio.c **** 
 464:../Libraries/STM32F4xx_StdPeriph_Driver/src/stm32f4xx_gpio.c **** /**
 465:../Libraries/STM32F4xx_StdPeriph_Driver/src/stm32f4xx_gpio.c ****   * @}
 466:../Libraries/STM32F4xx_StdPeriph_Driver/src/stm32f4xx_gpio.c ****   */
 467:../Libraries/STM32F4xx_StdPeriph_Driver/src/stm32f4xx_gpio.c **** 
 468:../Libraries/STM32F4xx_StdPeriph_Driver/src/stm32f4xx_gpio.c **** /** @defgroup GPIO_Group3 GPIO Alternate functions configuration function
 469:../Libraries/STM32F4xx_StdPeriph_Driver/src/stm32f4xx_gpio.c ****  *  @brief   GPIO Alternate functions configuration function
 470:../Libraries/STM32F4xx_StdPeriph_Driver/src/stm32f4xx_gpio.c ****  *
 471:../Libraries/STM32F4xx_StdPeriph_Driver/src/stm32f4xx_gpio.c **** @verbatim   
 472:../Libraries/STM32F4xx_StdPeriph_Driver/src/stm32f4xx_gpio.c ****  ===============================================================================
 473:../Libraries/STM32F4xx_StdPeriph_Driver/src/stm32f4xx_gpio.c ****                GPIO Alternate functions configuration function
 474:../Libraries/STM32F4xx_StdPeriph_Driver/src/stm32f4xx_gpio.c ****  ===============================================================================  
 475:../Libraries/STM32F4xx_StdPeriph_Driver/src/stm32f4xx_gpio.c **** 
 476:../Libraries/STM32F4xx_StdPeriph_Driver/src/stm32f4xx_gpio.c **** @endverbatim
 477:../Libraries/STM32F4xx_StdPeriph_Driver/src/stm32f4xx_gpio.c ****   * @{
 478:../Libraries/STM32F4xx_StdPeriph_Driver/src/stm32f4xx_gpio.c ****   */
 479:../Libraries/STM32F4xx_StdPeriph_Driver/src/stm32f4xx_gpio.c **** 
 480:../Libraries/STM32F4xx_StdPeriph_Driver/src/stm32f4xx_gpio.c **** /**
 481:../Libraries/STM32F4xx_StdPeriph_Driver/src/stm32f4xx_gpio.c ****   * @brief  Changes the mapping of the specified pin.
 482:../Libraries/STM32F4xx_StdPeriph_Driver/src/stm32f4xx_gpio.c ****   * @param  GPIOx: where x can be (A..I) to select the GPIO peripheral.
 483:../Libraries/STM32F4xx_StdPeriph_Driver/src/stm32f4xx_gpio.c ****   * @param  GPIO_PinSource: specifies the pin for the Alternate function.
 484:../Libraries/STM32F4xx_StdPeriph_Driver/src/stm32f4xx_gpio.c ****   *         This parameter can be GPIO_PinSourcex where x can be (0..15).
 485:../Libraries/STM32F4xx_StdPeriph_Driver/src/stm32f4xx_gpio.c ****   * @param  GPIO_AFSelection: selects the pin to used as Alternate function.
 486:../Libraries/STM32F4xx_StdPeriph_Driver/src/stm32f4xx_gpio.c ****   *          This parameter can be one of the following values:
 487:../Libraries/STM32F4xx_StdPeriph_Driver/src/stm32f4xx_gpio.c ****   *            @arg GPIO_AF_RTC_50Hz: Connect RTC_50Hz pin to AF0 (default after reset) 
 488:../Libraries/STM32F4xx_StdPeriph_Driver/src/stm32f4xx_gpio.c ****   *            @arg GPIO_AF_MCO: Connect MCO pin (MCO1 and MCO2) to AF0 (default after reset) 
 489:../Libraries/STM32F4xx_StdPeriph_Driver/src/stm32f4xx_gpio.c ****   *            @arg GPIO_AF_TAMPER: Connect TAMPER pins (TAMPER_1 and TAMPER_2) to AF0 (default aft
 490:../Libraries/STM32F4xx_StdPeriph_Driver/src/stm32f4xx_gpio.c ****   *            @arg GPIO_AF_SWJ: Connect SWJ pins (SWD and JTAG)to AF0 (default after reset) 
 491:../Libraries/STM32F4xx_StdPeriph_Driver/src/stm32f4xx_gpio.c ****   *            @arg GPIO_AF_TRACE: Connect TRACE pins to AF0 (default after reset)
 492:../Libraries/STM32F4xx_StdPeriph_Driver/src/stm32f4xx_gpio.c ****   *            @arg GPIO_AF_TIM1: Connect TIM1 pins to AF1
 493:../Libraries/STM32F4xx_StdPeriph_Driver/src/stm32f4xx_gpio.c ****   *            @arg GPIO_AF_TIM2: Connect TIM2 pins to AF1
 494:../Libraries/STM32F4xx_StdPeriph_Driver/src/stm32f4xx_gpio.c ****   *            @arg GPIO_AF_TIM3: Connect TIM3 pins to AF2
 495:../Libraries/STM32F4xx_StdPeriph_Driver/src/stm32f4xx_gpio.c ****   *            @arg GPIO_AF_TIM4: Connect TIM4 pins to AF2
 496:../Libraries/STM32F4xx_StdPeriph_Driver/src/stm32f4xx_gpio.c ****   *            @arg GPIO_AF_TIM5: Connect TIM5 pins to AF2
 497:../Libraries/STM32F4xx_StdPeriph_Driver/src/stm32f4xx_gpio.c ****   *            @arg GPIO_AF_TIM8: Connect TIM8 pins to AF3
 498:../Libraries/STM32F4xx_StdPeriph_Driver/src/stm32f4xx_gpio.c ****   *            @arg GPIO_AF_TIM9: Connect TIM9 pins to AF3
 499:../Libraries/STM32F4xx_StdPeriph_Driver/src/stm32f4xx_gpio.c ****   *            @arg GPIO_AF_TIM10: Connect TIM10 pins to AF3
 500:../Libraries/STM32F4xx_StdPeriph_Driver/src/stm32f4xx_gpio.c ****   *            @arg GPIO_AF_TIM11: Connect TIM11 pins to AF3
 501:../Libraries/STM32F4xx_StdPeriph_Driver/src/stm32f4xx_gpio.c ****   *            @arg GPIO_AF_I2C1: Connect I2C1 pins to AF4
 502:../Libraries/STM32F4xx_StdPeriph_Driver/src/stm32f4xx_gpio.c ****   *            @arg GPIO_AF_I2C2: Connect I2C2 pins to AF4
 503:../Libraries/STM32F4xx_StdPeriph_Driver/src/stm32f4xx_gpio.c ****   *            @arg GPIO_AF_I2C3: Connect I2C3 pins to AF4
 504:../Libraries/STM32F4xx_StdPeriph_Driver/src/stm32f4xx_gpio.c ****   *            @arg GPIO_AF_SPI1: Connect SPI1 pins to AF5
 505:../Libraries/STM32F4xx_StdPeriph_Driver/src/stm32f4xx_gpio.c ****   *            @arg GPIO_AF_SPI2: Connect SPI2/I2S2 pins to AF5
 506:../Libraries/STM32F4xx_StdPeriph_Driver/src/stm32f4xx_gpio.c ****   *            @arg GPIO_AF_SPI3: Connect SPI3/I2S3 pins to AF6
 507:../Libraries/STM32F4xx_StdPeriph_Driver/src/stm32f4xx_gpio.c ****   *            @arg GPIO_AF_I2S3ext: Connect I2S3ext pins to AF7
 508:../Libraries/STM32F4xx_StdPeriph_Driver/src/stm32f4xx_gpio.c ****   *            @arg GPIO_AF_USART1: Connect USART1 pins to AF7
 509:../Libraries/STM32F4xx_StdPeriph_Driver/src/stm32f4xx_gpio.c ****   *            @arg GPIO_AF_USART2: Connect USART2 pins to AF7
 510:../Libraries/STM32F4xx_StdPeriph_Driver/src/stm32f4xx_gpio.c ****   *            @arg GPIO_AF_USART3: Connect USART3 pins to AF7
 511:../Libraries/STM32F4xx_StdPeriph_Driver/src/stm32f4xx_gpio.c ****   *            @arg GPIO_AF_UART4: Connect UART4 pins to AF8
 512:../Libraries/STM32F4xx_StdPeriph_Driver/src/stm32f4xx_gpio.c ****   *            @arg GPIO_AF_UART5: Connect UART5 pins to AF8
 513:../Libraries/STM32F4xx_StdPeriph_Driver/src/stm32f4xx_gpio.c ****   *            @arg GPIO_AF_USART6: Connect USART6 pins to AF8
 514:../Libraries/STM32F4xx_StdPeriph_Driver/src/stm32f4xx_gpio.c ****   *            @arg GPIO_AF_CAN1: Connect CAN1 pins to AF9
 515:../Libraries/STM32F4xx_StdPeriph_Driver/src/stm32f4xx_gpio.c ****   *            @arg GPIO_AF_CAN2: Connect CAN2 pins to AF9
 516:../Libraries/STM32F4xx_StdPeriph_Driver/src/stm32f4xx_gpio.c ****   *            @arg GPIO_AF_TIM12: Connect TIM12 pins to AF9
 517:../Libraries/STM32F4xx_StdPeriph_Driver/src/stm32f4xx_gpio.c ****   *            @arg GPIO_AF_TIM13: Connect TIM13 pins to AF9
 518:../Libraries/STM32F4xx_StdPeriph_Driver/src/stm32f4xx_gpio.c ****   *            @arg GPIO_AF_TIM14: Connect TIM14 pins to AF9
 519:../Libraries/STM32F4xx_StdPeriph_Driver/src/stm32f4xx_gpio.c ****   *            @arg GPIO_AF_OTG_FS: Connect OTG_FS pins to AF10
 520:../Libraries/STM32F4xx_StdPeriph_Driver/src/stm32f4xx_gpio.c ****   *            @arg GPIO_AF_OTG_HS: Connect OTG_HS pins to AF10
 521:../Libraries/STM32F4xx_StdPeriph_Driver/src/stm32f4xx_gpio.c ****   *            @arg GPIO_AF_ETH: Connect ETHERNET pins to AF11
 522:../Libraries/STM32F4xx_StdPeriph_Driver/src/stm32f4xx_gpio.c ****   *            @arg GPIO_AF_FSMC: Connect FSMC pins to AF12
 523:../Libraries/STM32F4xx_StdPeriph_Driver/src/stm32f4xx_gpio.c ****   *            @arg GPIO_AF_OTG_HS_FS: Connect OTG HS (configured in FS) pins to AF12
 524:../Libraries/STM32F4xx_StdPeriph_Driver/src/stm32f4xx_gpio.c ****   *            @arg GPIO_AF_SDIO: Connect SDIO pins to AF12
 525:../Libraries/STM32F4xx_StdPeriph_Driver/src/stm32f4xx_gpio.c ****   *            @arg GPIO_AF_DCMI: Connect DCMI pins to AF13
 526:../Libraries/STM32F4xx_StdPeriph_Driver/src/stm32f4xx_gpio.c ****   *            @arg GPIO_AF_EVENTOUT: Connect EVENTOUT pins to AF15
 527:../Libraries/STM32F4xx_StdPeriph_Driver/src/stm32f4xx_gpio.c ****   * @retval None
 528:../Libraries/STM32F4xx_StdPeriph_Driver/src/stm32f4xx_gpio.c ****   */
 529:../Libraries/STM32F4xx_StdPeriph_Driver/src/stm32f4xx_gpio.c **** void GPIO_PinAFConfig(GPIO_TypeDef* GPIOx, uint16_t GPIO_PinSource, uint8_t GPIO_AF)
 530:../Libraries/STM32F4xx_StdPeriph_Driver/src/stm32f4xx_gpio.c **** {
 870              		.loc 1 530 0
 871              		.cfi_startproc
 872              		@ args = 0, pretend = 0, frame = 16
 873              		@ frame_needed = 1, uses_anonymous_args = 0
 874              		@ link register save eliminated.
 875 0494 80B4     		push	{r7}
 876              	.LCFI39:
 877              		.cfi_def_cfa_offset 4
 878              		.cfi_offset 7, -4
 879 0496 85B0     		sub	sp, sp, #20
 880              	.LCFI40:
 881              		.cfi_def_cfa_offset 24
 882 0498 00AF     		add	r7, sp, #0
 883              	.LCFI41:
 884              		.cfi_def_cfa_register 7
 885 049a 7860     		str	r0, [r7, #4]
 886 049c 1346     		mov	r3, r2
 887 049e 0A46     		mov	r2, r1	@ movhi
 888 04a0 7A80     		strh	r2, [r7, #2]	@ movhi
 889 04a2 7B70     		strb	r3, [r7, #1]
 531:../Libraries/STM32F4xx_StdPeriph_Driver/src/stm32f4xx_gpio.c ****   uint32_t temp = 0x00;
 890              		.loc 1 531 0
 891 04a4 4FF00003 		mov	r3, #0
 892 04a8 FB60     		str	r3, [r7, #12]
 532:../Libraries/STM32F4xx_StdPeriph_Driver/src/stm32f4xx_gpio.c ****   uint32_t temp_2 = 0x00;
 893              		.loc 1 532 0
 894 04aa 4FF00003 		mov	r3, #0
 895 04ae BB60     		str	r3, [r7, #8]
 533:../Libraries/STM32F4xx_StdPeriph_Driver/src/stm32f4xx_gpio.c ****   
 534:../Libraries/STM32F4xx_StdPeriph_Driver/src/stm32f4xx_gpio.c ****   /* Check the parameters */
 535:../Libraries/STM32F4xx_StdPeriph_Driver/src/stm32f4xx_gpio.c ****   assert_param(IS_GPIO_ALL_PERIPH(GPIOx));
 536:../Libraries/STM32F4xx_StdPeriph_Driver/src/stm32f4xx_gpio.c ****   assert_param(IS_GPIO_PIN_SOURCE(GPIO_PinSource));
 537:../Libraries/STM32F4xx_StdPeriph_Driver/src/stm32f4xx_gpio.c ****   assert_param(IS_GPIO_AF(GPIO_AF));
 538:../Libraries/STM32F4xx_StdPeriph_Driver/src/stm32f4xx_gpio.c ****   
 539:../Libraries/STM32F4xx_StdPeriph_Driver/src/stm32f4xx_gpio.c ****   temp = ((uint32_t)(GPIO_AF) << ((uint32_t)((uint32_t)GPIO_PinSource & (uint32_t)0x07) * 4)) ;
 896              		.loc 1 539 0
 897 04b0 7A78     		ldrb	r2, [r7, #1]	@ zero_extendqisi2
 898 04b2 7B88     		ldrh	r3, [r7, #2]
 899 04b4 03F00703 		and	r3, r3, #7
 900 04b8 4FEA8303 		lsl	r3, r3, #2
 901 04bc 02FA03F3 		lsl	r3, r2, r3
 902 04c0 FB60     		str	r3, [r7, #12]
 540:../Libraries/STM32F4xx_StdPeriph_Driver/src/stm32f4xx_gpio.c ****   GPIOx->AFR[GPIO_PinSource >> 0x03] &= ~((uint32_t)0xF << ((uint32_t)((uint32_t)GPIO_PinSource & (
 903              		.loc 1 540 0
 904 04c2 7B88     		ldrh	r3, [r7, #2]
 905 04c4 4FEAD303 		lsr	r3, r3, #3
 906 04c8 9BB2     		uxth	r3, r3
 907 04ca 1A46     		mov	r2, r3
 908 04cc 7B88     		ldrh	r3, [r7, #2]
 909 04ce 4FEAD303 		lsr	r3, r3, #3
 910 04d2 9BB2     		uxth	r3, r3
 911 04d4 1946     		mov	r1, r3
 912 04d6 7B68     		ldr	r3, [r7, #4]
 913 04d8 01F10801 		add	r1, r1, #8
 914 04dc 53F82110 		ldr	r1, [r3, r1, lsl #2]
 915 04e0 7B88     		ldrh	r3, [r7, #2]
 916 04e2 03F00703 		and	r3, r3, #7
 917 04e6 4FEA8303 		lsl	r3, r3, #2
 918 04ea 4FF00F00 		mov	r0, #15
 919 04ee 00FA03F3 		lsl	r3, r0, r3
 920 04f2 6FEA0303 		mvn	r3, r3
 921 04f6 1940     		ands	r1, r1, r3
 922 04f8 7B68     		ldr	r3, [r7, #4]
 923 04fa 02F10802 		add	r2, r2, #8
 924 04fe 43F82210 		str	r1, [r3, r2, lsl #2]
 541:../Libraries/STM32F4xx_StdPeriph_Driver/src/stm32f4xx_gpio.c ****   temp_2 = GPIOx->AFR[GPIO_PinSource >> 0x03] | temp;
 925              		.loc 1 541 0
 926 0502 7B88     		ldrh	r3, [r7, #2]
 927 0504 4FEAD303 		lsr	r3, r3, #3
 928 0508 9BB2     		uxth	r3, r3
 929 050a 1A46     		mov	r2, r3
 930 050c 7B68     		ldr	r3, [r7, #4]
 931 050e 02F10802 		add	r2, r2, #8
 932 0512 53F82220 		ldr	r2, [r3, r2, lsl #2]
 933 0516 FB68     		ldr	r3, [r7, #12]
 934 0518 1343     		orrs	r3, r3, r2
 935 051a BB60     		str	r3, [r7, #8]
 542:../Libraries/STM32F4xx_StdPeriph_Driver/src/stm32f4xx_gpio.c ****   GPIOx->AFR[GPIO_PinSource >> 0x03] = temp_2;
 936              		.loc 1 542 0
 937 051c 7B88     		ldrh	r3, [r7, #2]
 938 051e 4FEAD303 		lsr	r3, r3, #3
 939 0522 9BB2     		uxth	r3, r3
 940 0524 1A46     		mov	r2, r3
 941 0526 7B68     		ldr	r3, [r7, #4]
 942 0528 02F10802 		add	r2, r2, #8
 943 052c B968     		ldr	r1, [r7, #8]
 944 052e 43F82210 		str	r1, [r3, r2, lsl #2]
 543:../Libraries/STM32F4xx_StdPeriph_Driver/src/stm32f4xx_gpio.c **** }
 945              		.loc 1 543 0
 946 0532 07F11407 		add	r7, r7, #20
 947 0536 BD46     		mov	sp, r7
 948 0538 80BC     		pop	{r7}
 949 053a 7047     		bx	lr
 950              		.cfi_endproc
 951              	.LFE123:
 953              	.Letext0:
 954              		.file 2 "c:\\program files (x86)\\codesourcery\\eabi\\bin\\../lib/gcc/arm-none-eabi/4.6.3/../../..
 955              		.file 3 "D:\\Jure\\Projekti\\Git\\AutoPilot\\autopilot_sw\\Libraries\\Device\\STM32F4xx\\Include/s
 956              		.file 4 "D:\\Jure\\Projekti\\Git\\AutoPilot\\autopilot_sw\\Libraries\\STM32F4xx_StdPeriph_Driver\\
 957              		.file 5 "D:\\Jure\\Projekti\\Git\\AutoPilot\\autopilot_sw\\Libraries\\CMSIS\\Include/core_cm4.h"
DEFINED SYMBOLS
                            *ABS*:00000000 stm32f4xx_gpio.c
C:\Users\Jure\AppData\Local\Temp\ccLTy4To.s:18     .text:00000000 $t
C:\Users\Jure\AppData\Local\Temp\ccLTy4To.s:23     .text:00000000 GPIO_DeInit
C:\Users\Jure\AppData\Local\Temp\ccLTy4To.s:197    .text:00000178 GPIO_Init
C:\Users\Jure\AppData\Local\Temp\ccLTy4To.s:373    .text:000002bc GPIO_StructInit
C:\Users\Jure\AppData\Local\Temp\ccLTy4To.s:424    .text:000002f8 GPIO_PinLockConfig
C:\Users\Jure\AppData\Local\Temp\ccLTy4To.s:485    .text:0000033c GPIO_ReadInputDataBit
C:\Users\Jure\AppData\Local\Temp\ccLTy4To.s:540    .text:00000378 GPIO_ReadInputData
C:\Users\Jure\AppData\Local\Temp\ccLTy4To.s:576    .text:00000394 GPIO_ReadOutputDataBit
C:\Users\Jure\AppData\Local\Temp\ccLTy4To.s:631    .text:000003d0 GPIO_ReadOutputData
C:\Users\Jure\AppData\Local\Temp\ccLTy4To.s:667    .text:000003ec GPIO_SetBits
C:\Users\Jure\AppData\Local\Temp\ccLTy4To.s:704    .text:00000408 GPIO_ResetBits
C:\Users\Jure\AppData\Local\Temp\ccLTy4To.s:741    .text:00000424 GPIO_WriteBit
C:\Users\Jure\AppData\Local\Temp\ccLTy4To.s:791    .text:00000454 GPIO_Write
C:\Users\Jure\AppData\Local\Temp\ccLTy4To.s:828    .text:00000470 GPIO_ToggleBits
C:\Users\Jure\AppData\Local\Temp\ccLTy4To.s:868    .text:00000494 GPIO_PinAFConfig
                     .debug_frame:00000010 $d

UNDEFINED SYMBOLS
RCC_AHB1PeriphResetCmd
