Archive member included because of file (symbol)

c:/program files (x86)/codesourcery/eabi/bin/../lib/gcc/arm-none-eabi/4.6.3/../../../../arm-none-eabi/lib/thumb2\libc.a(lib_a-init.o)
                              ./src/startup_stm32f4xx.o (__libc_init_array)

Allocating common symbols
Common symbol       size              file

I2C2_Flags          0x8               ./src/sensors.o
UART2DMAbuffer      0x14              ./src/var.o
MODBUSData          0xc8              ./src/modbus.o
flag0               0x8               ./src/var.o
PS_DATA             0x10              ./src/powerSensor.o
I2C2_DMABufTX       0x80              ./src/sensors.o
GPSFlag             0x8               ./src/gps.o
GPS_Digits          0x10              ./src/gps.o
PS_CRC              0x1               ./src/powerSensor.o
GPS_DataBuffer      0x40              ./src/gps.o
GPS_ReceivedChecksum
                    0x2               ./src/gps.o
I2C2_DMABufRX       0x80              ./src/sensors.o
GPS_RECDATA         0x40              ./src/gps.o
MODBUSReg           0xa0              ./src/modbus.o

Discarded input sections

 .text          0x00000000        0x0 c:/program files (x86)/codesourcery/eabi/bin/../lib/gcc/arm-none-eabi/4.6.3/thumb2/crti.o
 .data          0x00000000        0x0 c:/program files (x86)/codesourcery/eabi/bin/../lib/gcc/arm-none-eabi/4.6.3/thumb2/crti.o
 .bss           0x00000000        0x0 c:/program files (x86)/codesourcery/eabi/bin/../lib/gcc/arm-none-eabi/4.6.3/thumb2/crti.o
 .data          0x00000000        0x4 c:/program files (x86)/codesourcery/eabi/bin/../lib/gcc/arm-none-eabi/4.6.3/thumb2/crtbegin.o
 .text          0x00000000        0x0 ./src/adc.o
 .data          0x00000000        0x0 ./src/adc.o
 .bss           0x00000000        0x0 ./src/adc.o
 .debug_abbrev  0x00000000        0x1 ./src/adc.o
 .debug_line    0x00000000        0x0 ./src/adc.o
 .comment       0x00000000       0x31 ./src/adc.o
 .ARM.attributes
                0x00000000       0x33 ./src/adc.o
 .data          0x00000000        0x0 ./src/events.o
 .bss           0x00000000        0x0 ./src/events.o
 .data          0x00000000        0x0 ./src/functions.o
 .bss           0x00000000        0x0 ./src/functions.o
 .data          0x00000000        0x0 ./src/gps.o
 .data          0x00000000        0x0 ./src/init.o
 .bss           0x00000000        0x0 ./src/init.o
 .data          0x00000000        0x0 ./src/main.o
 .bss           0x00000000        0x0 ./src/main.o
 .data          0x00000000        0x0 ./src/powerSensor.o
 .data          0x00000000        0x0 ./src/sensors.o
 .text          0x00000000       0x14 ./src/startup_stm32f4xx.o
 .data          0x00000000        0x0 ./src/startup_stm32f4xx.o
 .bss           0x00000000        0x0 ./src/startup_stm32f4xx.o
 .data          0x00000000        0x0 ./src/stm32f4xx_it.o
 .bss           0x00000000        0x0 ./src/stm32f4xx_it.o
 .bss           0x00000000        0x0 ./src/system_stm32f4xx.o
 .text          0x00000000      0x500 ./src/tiny_printf.o
 .data          0x00000000        0x0 ./src/tiny_printf.o
 .bss           0x00000000        0x0 ./src/tiny_printf.o
 .debug_info    0x00000000      0xb76 ./src/tiny_printf.o
 .debug_abbrev  0x00000000      0x1e9 ./src/tiny_printf.o
 .debug_loc     0x00000000      0x178 ./src/tiny_printf.o
 .debug_aranges
                0x00000000       0x20 ./src/tiny_printf.o
 .debug_line    0x00000000      0x262 ./src/tiny_printf.o
 .debug_str     0x00000000      0x506 ./src/tiny_printf.o
 .comment       0x00000000       0x31 ./src/tiny_printf.o
 .ARM.attributes
                0x00000000       0x33 ./src/tiny_printf.o
 .debug_frame   0x00000000      0x110 ./src/tiny_printf.o
 .text          0x00000000        0x0 ./src/var.o
 .data          0x00000000        0x2 ./src/var.o
 .data          0x00000000        0x0 ./Libraries/STM32F4xx_StdPeriph_Driver/src/misc.o
 .bss           0x00000000        0x0 ./Libraries/STM32F4xx_StdPeriph_Driver/src/misc.o
 .data          0x00000000        0x0 ./Libraries/STM32F4xx_StdPeriph_Driver/src/stm32f4xx_adc.o
 .bss           0x00000000        0x0 ./Libraries/STM32F4xx_StdPeriph_Driver/src/stm32f4xx_adc.o
 .text          0x00000000     0x1218 ./Libraries/STM32F4xx_StdPeriph_Driver/src/stm32f4xx_can.o
 .data          0x00000000        0x0 ./Libraries/STM32F4xx_StdPeriph_Driver/src/stm32f4xx_can.o
 .bss           0x00000000        0x0 ./Libraries/STM32F4xx_StdPeriph_Driver/src/stm32f4xx_can.o
 .debug_info    0x00000000      0xc54 ./Libraries/STM32F4xx_StdPeriph_Driver/src/stm32f4xx_can.o
 .debug_abbrev  0x00000000      0x1ac ./Libraries/STM32F4xx_StdPeriph_Driver/src/stm32f4xx_can.o
 .debug_loc     0x00000000      0x578 ./Libraries/STM32F4xx_StdPeriph_Driver/src/stm32f4xx_can.o
 .debug_aranges
                0x00000000       0x20 ./Libraries/STM32F4xx_StdPeriph_Driver/src/stm32f4xx_can.o
 .debug_line    0x00000000      0x412 ./Libraries/STM32F4xx_StdPeriph_Driver/src/stm32f4xx_can.o
 .debug_str     0x00000000      0x6bc ./Libraries/STM32F4xx_StdPeriph_Driver/src/stm32f4xx_can.o
 .comment       0x00000000       0x31 ./Libraries/STM32F4xx_StdPeriph_Driver/src/stm32f4xx_can.o
 .ARM.attributes
                0x00000000       0x33 ./Libraries/STM32F4xx_StdPeriph_Driver/src/stm32f4xx_can.o
 .debug_frame   0x00000000      0x2d4 ./Libraries/STM32F4xx_StdPeriph_Driver/src/stm32f4xx_can.o
 .text          0x00000000       0xe8 ./Libraries/STM32F4xx_StdPeriph_Driver/src/stm32f4xx_crc.o
 .data          0x00000000        0x0 ./Libraries/STM32F4xx_StdPeriph_Driver/src/stm32f4xx_crc.o
 .bss           0x00000000        0x0 ./Libraries/STM32F4xx_StdPeriph_Driver/src/stm32f4xx_crc.o
 .debug_info    0x00000000      0x1fd ./Libraries/STM32F4xx_StdPeriph_Driver/src/stm32f4xx_crc.o
 .debug_abbrev  0x00000000      0x10a ./Libraries/STM32F4xx_StdPeriph_Driver/src/stm32f4xx_crc.o
 .debug_loc     0x00000000      0x12c ./Libraries/STM32F4xx_StdPeriph_Driver/src/stm32f4xx_crc.o
 .debug_aranges
                0x00000000       0x20 ./Libraries/STM32F4xx_StdPeriph_Driver/src/stm32f4xx_crc.o
 .debug_line    0x00000000      0x1b4 ./Libraries/STM32F4xx_StdPeriph_Driver/src/stm32f4xx_crc.o
 .debug_str     0x00000000      0x1c9 ./Libraries/STM32F4xx_StdPeriph_Driver/src/stm32f4xx_crc.o
 .comment       0x00000000       0x31 ./Libraries/STM32F4xx_StdPeriph_Driver/src/stm32f4xx_crc.o
 .ARM.attributes
                0x00000000       0x33 ./Libraries/STM32F4xx_StdPeriph_Driver/src/stm32f4xx_crc.o
 .debug_frame   0x00000000       0xb8 ./Libraries/STM32F4xx_StdPeriph_Driver/src/stm32f4xx_crc.o
 .text          0x00000000      0x6e4 ./Libraries/STM32F4xx_StdPeriph_Driver/src/stm32f4xx_cryp.o
 .data          0x00000000        0x0 ./Libraries/STM32F4xx_StdPeriph_Driver/src/stm32f4xx_cryp.o
 .bss           0x00000000        0x0 ./Libraries/STM32F4xx_StdPeriph_Driver/src/stm32f4xx_cryp.o
 .debug_info    0x00000000      0x790 ./Libraries/STM32F4xx_StdPeriph_Driver/src/stm32f4xx_cryp.o
 .debug_abbrev  0x00000000      0x180 ./Libraries/STM32F4xx_StdPeriph_Driver/src/stm32f4xx_cryp.o
 .debug_loc     0x00000000      0x394 ./Libraries/STM32F4xx_StdPeriph_Driver/src/stm32f4xx_cryp.o
 .debug_aranges
                0x00000000       0x20 ./Libraries/STM32F4xx_StdPeriph_Driver/src/stm32f4xx_cryp.o
 .debug_line    0x00000000      0x2ba ./Libraries/STM32F4xx_StdPeriph_Driver/src/stm32f4xx_cryp.o
 .debug_str     0x00000000      0x53b ./Libraries/STM32F4xx_StdPeriph_Driver/src/stm32f4xx_cryp.o
 .comment       0x00000000       0x31 ./Libraries/STM32F4xx_StdPeriph_Driver/src/stm32f4xx_cryp.o
 .ARM.attributes
                0x00000000       0x33 ./Libraries/STM32F4xx_StdPeriph_Driver/src/stm32f4xx_cryp.o
 .debug_frame   0x00000000      0x1ec ./Libraries/STM32F4xx_StdPeriph_Driver/src/stm32f4xx_cryp.o
 .text          0x00000000      0xfcc ./Libraries/STM32F4xx_StdPeriph_Driver/src/stm32f4xx_cryp_aes.o
 .data          0x00000000        0x0 ./Libraries/STM32F4xx_StdPeriph_Driver/src/stm32f4xx_cryp_aes.o
 .bss           0x00000000        0x0 ./Libraries/STM32F4xx_StdPeriph_Driver/src/stm32f4xx_cryp_aes.o
 .debug_info    0x00000000     0x1156 ./Libraries/STM32F4xx_StdPeriph_Driver/src/stm32f4xx_cryp_aes.o
 .debug_abbrev  0x00000000      0x1d2 ./Libraries/STM32F4xx_StdPeriph_Driver/src/stm32f4xx_cryp_aes.o
 .debug_loc     0x00000000       0xae ./Libraries/STM32F4xx_StdPeriph_Driver/src/stm32f4xx_cryp_aes.o
 .debug_aranges
                0x00000000       0x20 ./Libraries/STM32F4xx_StdPeriph_Driver/src/stm32f4xx_cryp_aes.o
 .debug_line    0x00000000      0x693 ./Libraries/STM32F4xx_StdPeriph_Driver/src/stm32f4xx_cryp_aes.o
 .debug_str     0x00000000      0x365 ./Libraries/STM32F4xx_StdPeriph_Driver/src/stm32f4xx_cryp_aes.o
 .comment       0x00000000       0x31 ./Libraries/STM32F4xx_StdPeriph_Driver/src/stm32f4xx_cryp_aes.o
 .ARM.attributes
                0x00000000       0x33 ./Libraries/STM32F4xx_StdPeriph_Driver/src/stm32f4xx_cryp_aes.o
 .debug_frame   0x00000000       0x7c ./Libraries/STM32F4xx_StdPeriph_Driver/src/stm32f4xx_cryp_aes.o
 .text          0x00000000      0x310 ./Libraries/STM32F4xx_StdPeriph_Driver/src/stm32f4xx_cryp_des.o
 .data          0x00000000        0x0 ./Libraries/STM32F4xx_StdPeriph_Driver/src/stm32f4xx_cryp_des.o
 .bss           0x00000000        0x0 ./Libraries/STM32F4xx_StdPeriph_Driver/src/stm32f4xx_cryp_des.o
 .debug_info    0x00000000      0x552 ./Libraries/STM32F4xx_StdPeriph_Driver/src/stm32f4xx_cryp_des.o
 .debug_abbrev  0x00000000      0x15d ./Libraries/STM32F4xx_StdPeriph_Driver/src/stm32f4xx_cryp_des.o
 .debug_loc     0x00000000       0x74 ./Libraries/STM32F4xx_StdPeriph_Driver/src/stm32f4xx_cryp_des.o
 .debug_aranges
                0x00000000       0x20 ./Libraries/STM32F4xx_StdPeriph_Driver/src/stm32f4xx_cryp_des.o
 .debug_line    0x00000000      0x2e6 ./Libraries/STM32F4xx_StdPeriph_Driver/src/stm32f4xx_cryp_des.o
 .debug_str     0x00000000      0x350 ./Libraries/STM32F4xx_StdPeriph_Driver/src/stm32f4xx_cryp_des.o
 .comment       0x00000000       0x31 ./Libraries/STM32F4xx_StdPeriph_Driver/src/stm32f4xx_cryp_des.o
 .ARM.attributes
                0x00000000       0x33 ./Libraries/STM32F4xx_StdPeriph_Driver/src/stm32f4xx_cryp_des.o
 .debug_frame   0x00000000       0x58 ./Libraries/STM32F4xx_StdPeriph_Driver/src/stm32f4xx_cryp_des.o
 .text          0x00000000      0x438 ./Libraries/STM32F4xx_StdPeriph_Driver/src/stm32f4xx_cryp_tdes.o
 .data          0x00000000        0x0 ./Libraries/STM32F4xx_StdPeriph_Driver/src/stm32f4xx_cryp_tdes.o
 .bss           0x00000000        0x0 ./Libraries/STM32F4xx_StdPeriph_Driver/src/stm32f4xx_cryp_tdes.o
 .debug_info    0x00000000      0x6d1 ./Libraries/STM32F4xx_StdPeriph_Driver/src/stm32f4xx_cryp_tdes.o
 .debug_abbrev  0x00000000      0x15d ./Libraries/STM32F4xx_StdPeriph_Driver/src/stm32f4xx_cryp_tdes.o
 .debug_loc     0x00000000       0x74 ./Libraries/STM32F4xx_StdPeriph_Driver/src/stm32f4xx_cryp_tdes.o
 .debug_aranges
                0x00000000       0x20 ./Libraries/STM32F4xx_StdPeriph_Driver/src/stm32f4xx_cryp_tdes.o
 .debug_line    0x00000000      0x35f ./Libraries/STM32F4xx_StdPeriph_Driver/src/stm32f4xx_cryp_tdes.o
 .debug_str     0x00000000      0x356 ./Libraries/STM32F4xx_StdPeriph_Driver/src/stm32f4xx_cryp_tdes.o
 .comment       0x00000000       0x31 ./Libraries/STM32F4xx_StdPeriph_Driver/src/stm32f4xx_cryp_tdes.o
 .ARM.attributes
                0x00000000       0x33 ./Libraries/STM32F4xx_StdPeriph_Driver/src/stm32f4xx_cryp_tdes.o
 .debug_frame   0x00000000       0x58 ./Libraries/STM32F4xx_StdPeriph_Driver/src/stm32f4xx_cryp_tdes.o
 .text          0x00000000      0x514 ./Libraries/STM32F4xx_StdPeriph_Driver/src/stm32f4xx_dac.o
 .data          0x00000000        0x0 ./Libraries/STM32F4xx_StdPeriph_Driver/src/stm32f4xx_dac.o
 .bss           0x00000000        0x0 ./Libraries/STM32F4xx_StdPeriph_Driver/src/stm32f4xx_dac.o
 .debug_info    0x00000000      0x675 ./Libraries/STM32F4xx_StdPeriph_Driver/src/stm32f4xx_dac.o
 .debug_abbrev  0x00000000      0x172 ./Libraries/STM32F4xx_StdPeriph_Driver/src/stm32f4xx_dac.o
 .debug_loc     0x00000000      0x3ac ./Libraries/STM32F4xx_StdPeriph_Driver/src/stm32f4xx_dac.o
 .debug_aranges
                0x00000000       0x20 ./Libraries/STM32F4xx_StdPeriph_Driver/src/stm32f4xx_dac.o
 .debug_line    0x00000000      0x287 ./Libraries/STM32F4xx_StdPeriph_Driver/src/stm32f4xx_dac.o
 .debug_str     0x00000000      0x3d1 ./Libraries/STM32F4xx_StdPeriph_Driver/src/stm32f4xx_dac.o
 .comment       0x00000000       0x31 ./Libraries/STM32F4xx_StdPeriph_Driver/src/stm32f4xx_dac.o
 .ARM.attributes
                0x00000000       0x33 ./Libraries/STM32F4xx_StdPeriph_Driver/src/stm32f4xx_dac.o
 .debug_frame   0x00000000      0x1ec ./Libraries/STM32F4xx_StdPeriph_Driver/src/stm32f4xx_dac.o
 .text          0x00000000      0x138 ./Libraries/STM32F4xx_StdPeriph_Driver/src/stm32f4xx_dbgmcu.o
 .data          0x00000000        0x0 ./Libraries/STM32F4xx_StdPeriph_Driver/src/stm32f4xx_dbgmcu.o
 .bss           0x00000000        0x0 ./Libraries/STM32F4xx_StdPeriph_Driver/src/stm32f4xx_dbgmcu.o
 .debug_info    0x00000000      0x1e1 ./Libraries/STM32F4xx_StdPeriph_Driver/src/stm32f4xx_dbgmcu.o
 .debug_abbrev  0x00000000       0xda ./Libraries/STM32F4xx_StdPeriph_Driver/src/stm32f4xx_dbgmcu.o
 .debug_loc     0x00000000      0x100 ./Libraries/STM32F4xx_StdPeriph_Driver/src/stm32f4xx_dbgmcu.o
 .debug_aranges
                0x00000000       0x20 ./Libraries/STM32F4xx_StdPeriph_Driver/src/stm32f4xx_dbgmcu.o
 .debug_line    0x00000000      0x1aa ./Libraries/STM32F4xx_StdPeriph_Driver/src/stm32f4xx_dbgmcu.o
 .debug_str     0x00000000      0x1d3 ./Libraries/STM32F4xx_StdPeriph_Driver/src/stm32f4xx_dbgmcu.o
 .comment       0x00000000       0x31 ./Libraries/STM32F4xx_StdPeriph_Driver/src/stm32f4xx_dbgmcu.o
 .ARM.attributes
                0x00000000       0x33 ./Libraries/STM32F4xx_StdPeriph_Driver/src/stm32f4xx_dbgmcu.o
 .debug_frame   0x00000000       0x9c ./Libraries/STM32F4xx_StdPeriph_Driver/src/stm32f4xx_dbgmcu.o
 .text          0x00000000      0x478 ./Libraries/STM32F4xx_StdPeriph_Driver/src/stm32f4xx_dcmi.o
 .data          0x00000000        0x0 ./Libraries/STM32F4xx_StdPeriph_Driver/src/stm32f4xx_dcmi.o
 .bss           0x00000000        0x0 ./Libraries/STM32F4xx_StdPeriph_Driver/src/stm32f4xx_dcmi.o
 .debug_info    0x00000000      0x58f ./Libraries/STM32F4xx_StdPeriph_Driver/src/stm32f4xx_dcmi.o
 .debug_abbrev  0x00000000      0x17a ./Libraries/STM32F4xx_StdPeriph_Driver/src/stm32f4xx_dcmi.o
 .debug_loc     0x00000000      0x330 ./Libraries/STM32F4xx_StdPeriph_Driver/src/stm32f4xx_dcmi.o
 .debug_aranges
                0x00000000       0x20 ./Libraries/STM32F4xx_StdPeriph_Driver/src/stm32f4xx_dcmi.o
 .debug_line    0x00000000      0x27e ./Libraries/STM32F4xx_StdPeriph_Driver/src/stm32f4xx_dcmi.o
 .debug_str     0x00000000      0x457 ./Libraries/STM32F4xx_StdPeriph_Driver/src/stm32f4xx_dcmi.o
 .comment       0x00000000       0x31 ./Libraries/STM32F4xx_StdPeriph_Driver/src/stm32f4xx_dcmi.o
 .ARM.attributes
                0x00000000       0x33 ./Libraries/STM32F4xx_StdPeriph_Driver/src/stm32f4xx_dcmi.o
 .debug_frame   0x00000000      0x1b4 ./Libraries/STM32F4xx_StdPeriph_Driver/src/stm32f4xx_dcmi.o
 .data          0x00000000        0x0 ./Libraries/STM32F4xx_StdPeriph_Driver/src/stm32f4xx_dma.o
 .bss           0x00000000        0x0 ./Libraries/STM32F4xx_StdPeriph_Driver/src/stm32f4xx_dma.o
 .text          0x00000000      0x2c0 ./Libraries/STM32F4xx_StdPeriph_Driver/src/stm32f4xx_exti.o
 .data          0x00000000        0x0 ./Libraries/STM32F4xx_StdPeriph_Driver/src/stm32f4xx_exti.o
 .bss           0x00000000        0x0 ./Libraries/STM32F4xx_StdPeriph_Driver/src/stm32f4xx_exti.o
 .debug_info    0x00000000      0x364 ./Libraries/STM32F4xx_StdPeriph_Driver/src/stm32f4xx_exti.o
 .debug_abbrev  0x00000000      0x198 ./Libraries/STM32F4xx_StdPeriph_Driver/src/stm32f4xx_exti.o
 .debug_loc     0x00000000      0x1b4 ./Libraries/STM32F4xx_StdPeriph_Driver/src/stm32f4xx_exti.o
 .debug_aranges
                0x00000000       0x20 ./Libraries/STM32F4xx_StdPeriph_Driver/src/stm32f4xx_exti.o
 .debug_line    0x00000000      0x241 ./Libraries/STM32F4xx_StdPeriph_Driver/src/stm32f4xx_exti.o
 .debug_str     0x00000000      0x2ec ./Libraries/STM32F4xx_StdPeriph_Driver/src/stm32f4xx_exti.o
 .comment       0x00000000       0x31 ./Libraries/STM32F4xx_StdPeriph_Driver/src/stm32f4xx_exti.o
 .ARM.attributes
                0x00000000       0x33 ./Libraries/STM32F4xx_StdPeriph_Driver/src/stm32f4xx_exti.o
 .debug_frame   0x00000000       0xf0 ./Libraries/STM32F4xx_StdPeriph_Driver/src/stm32f4xx_exti.o
 .text          0x00000000      0xa04 ./Libraries/STM32F4xx_StdPeriph_Driver/src/stm32f4xx_flash.o
 .data          0x00000000        0x0 ./Libraries/STM32F4xx_StdPeriph_Driver/src/stm32f4xx_flash.o
 .bss           0x00000000        0x0 ./Libraries/STM32F4xx_StdPeriph_Driver/src/stm32f4xx_flash.o
 .debug_info    0x00000000      0x766 ./Libraries/STM32F4xx_StdPeriph_Driver/src/stm32f4xx_flash.o
 .debug_abbrev  0x00000000      0x168 ./Libraries/STM32F4xx_StdPeriph_Driver/src/stm32f4xx_flash.o
 .debug_loc     0x00000000      0x624 ./Libraries/STM32F4xx_StdPeriph_Driver/src/stm32f4xx_flash.o
 .debug_aranges
                0x00000000       0x20 ./Libraries/STM32F4xx_StdPeriph_Driver/src/stm32f4xx_flash.o
 .debug_line    0x00000000      0x304 ./Libraries/STM32F4xx_StdPeriph_Driver/src/stm32f4xx_flash.o
 .debug_str     0x00000000      0x505 ./Libraries/STM32F4xx_StdPeriph_Driver/src/stm32f4xx_flash.o
 .comment       0x00000000       0x31 ./Libraries/STM32F4xx_StdPeriph_Driver/src/stm32f4xx_flash.o
 .ARM.attributes
                0x00000000       0x33 ./Libraries/STM32F4xx_StdPeriph_Driver/src/stm32f4xx_flash.o
 .debug_frame   0x00000000      0x384 ./Libraries/STM32F4xx_StdPeriph_Driver/src/stm32f4xx_flash.o
 .text          0x00000000      0xbb8 ./Libraries/STM32F4xx_StdPeriph_Driver/src/stm32f4xx_fsmc.o
 .data          0x00000000        0x0 ./Libraries/STM32F4xx_StdPeriph_Driver/src/stm32f4xx_fsmc.o
 .bss           0x00000000        0x0 ./Libraries/STM32F4xx_StdPeriph_Driver/src/stm32f4xx_fsmc.o
 .debug_info    0x00000000      0x997 ./Libraries/STM32F4xx_StdPeriph_Driver/src/stm32f4xx_fsmc.o
 .debug_abbrev  0x00000000      0x166 ./Libraries/STM32F4xx_StdPeriph_Driver/src/stm32f4xx_fsmc.o
 .debug_loc     0x00000000      0x41c ./Libraries/STM32F4xx_StdPeriph_Driver/src/stm32f4xx_fsmc.o
 .debug_aranges
                0x00000000       0x20 ./Libraries/STM32F4xx_StdPeriph_Driver/src/stm32f4xx_fsmc.o
 .debug_line    0x00000000      0x363 ./Libraries/STM32F4xx_StdPeriph_Driver/src/stm32f4xx_fsmc.o
 .debug_str     0x00000000      0x712 ./Libraries/STM32F4xx_StdPeriph_Driver/src/stm32f4xx_fsmc.o
 .comment       0x00000000       0x31 ./Libraries/STM32F4xx_StdPeriph_Driver/src/stm32f4xx_fsmc.o
 .ARM.attributes
                0x00000000       0x33 ./Libraries/STM32F4xx_StdPeriph_Driver/src/stm32f4xx_fsmc.o
 .debug_frame   0x00000000      0x228 ./Libraries/STM32F4xx_StdPeriph_Driver/src/stm32f4xx_fsmc.o
 .data          0x00000000        0x0 ./Libraries/STM32F4xx_StdPeriph_Driver/src/stm32f4xx_gpio.o
 .bss           0x00000000        0x0 ./Libraries/STM32F4xx_StdPeriph_Driver/src/stm32f4xx_gpio.o
 .text          0x00000000      0x4d0 ./Libraries/STM32F4xx_StdPeriph_Driver/src/stm32f4xx_hash.o
 .data          0x00000000        0x0 ./Libraries/STM32F4xx_StdPeriph_Driver/src/stm32f4xx_hash.o
 .bss           0x00000000        0x0 ./Libraries/STM32F4xx_StdPeriph_Driver/src/stm32f4xx_hash.o
 .debug_info    0x00000000      0x578 ./Libraries/STM32F4xx_StdPeriph_Driver/src/stm32f4xx_hash.o
 .debug_abbrev  0x00000000      0x1a1 ./Libraries/STM32F4xx_StdPeriph_Driver/src/stm32f4xx_hash.o
 .debug_loc     0x00000000      0x388 ./Libraries/STM32F4xx_StdPeriph_Driver/src/stm32f4xx_hash.o
 .debug_aranges
                0x00000000       0x20 ./Libraries/STM32F4xx_StdPeriph_Driver/src/stm32f4xx_hash.o
 .debug_line    0x00000000      0x291 ./Libraries/STM32F4xx_StdPeriph_Driver/src/stm32f4xx_hash.o
 .debug_str     0x00000000      0x3b0 ./Libraries/STM32F4xx_StdPeriph_Driver/src/stm32f4xx_hash.o
 .comment       0x00000000       0x31 ./Libraries/STM32F4xx_StdPeriph_Driver/src/stm32f4xx_hash.o
 .ARM.attributes
                0x00000000       0x33 ./Libraries/STM32F4xx_StdPeriph_Driver/src/stm32f4xx_hash.o
 .debug_frame   0x00000000      0x1ec ./Libraries/STM32F4xx_StdPeriph_Driver/src/stm32f4xx_hash.o
 .text          0x00000000      0x398 ./Libraries/STM32F4xx_StdPeriph_Driver/src/stm32f4xx_hash_md5.o
 .data          0x00000000        0x0 ./Libraries/STM32F4xx_StdPeriph_Driver/src/stm32f4xx_hash_md5.o
 .bss           0x00000000        0x0 ./Libraries/STM32F4xx_StdPeriph_Driver/src/stm32f4xx_hash_md5.o
 .debug_info    0x00000000      0x4db ./Libraries/STM32F4xx_StdPeriph_Driver/src/stm32f4xx_hash_md5.o
 .debug_abbrev  0x00000000      0x18f ./Libraries/STM32F4xx_StdPeriph_Driver/src/stm32f4xx_hash_md5.o
 .debug_loc     0x00000000       0x74 ./Libraries/STM32F4xx_StdPeriph_Driver/src/stm32f4xx_hash_md5.o
 .debug_aranges
                0x00000000       0x20 ./Libraries/STM32F4xx_StdPeriph_Driver/src/stm32f4xx_hash_md5.o
 .debug_line    0x00000000      0x350 ./Libraries/STM32F4xx_StdPeriph_Driver/src/stm32f4xx_hash_md5.o
 .debug_str     0x00000000      0x270 ./Libraries/STM32F4xx_StdPeriph_Driver/src/stm32f4xx_hash_md5.o
 .comment       0x00000000       0x31 ./Libraries/STM32F4xx_StdPeriph_Driver/src/stm32f4xx_hash_md5.o
 .ARM.attributes
                0x00000000       0x33 ./Libraries/STM32F4xx_StdPeriph_Driver/src/stm32f4xx_hash_md5.o
 .debug_frame   0x00000000       0x58 ./Libraries/STM32F4xx_StdPeriph_Driver/src/stm32f4xx_hash_md5.o
 .text          0x00000000      0x3c8 ./Libraries/STM32F4xx_StdPeriph_Driver/src/stm32f4xx_hash_sha1.o
 .data          0x00000000        0x0 ./Libraries/STM32F4xx_StdPeriph_Driver/src/stm32f4xx_hash_sha1.o
 .bss           0x00000000        0x0 ./Libraries/STM32F4xx_StdPeriph_Driver/src/stm32f4xx_hash_sha1.o
 .debug_info    0x00000000      0x53c ./Libraries/STM32F4xx_StdPeriph_Driver/src/stm32f4xx_hash_sha1.o
 .debug_abbrev  0x00000000      0x18f ./Libraries/STM32F4xx_StdPeriph_Driver/src/stm32f4xx_hash_sha1.o
 .debug_loc     0x00000000       0x74 ./Libraries/STM32F4xx_StdPeriph_Driver/src/stm32f4xx_hash_sha1.o
 .debug_aranges
                0x00000000       0x20 ./Libraries/STM32F4xx_StdPeriph_Driver/src/stm32f4xx_hash_sha1.o
 .debug_line    0x00000000      0x36b ./Libraries/STM32F4xx_StdPeriph_Driver/src/stm32f4xx_hash_sha1.o
 .debug_str     0x00000000      0x275 ./Libraries/STM32F4xx_StdPeriph_Driver/src/stm32f4xx_hash_sha1.o
 .comment       0x00000000       0x31 ./Libraries/STM32F4xx_StdPeriph_Driver/src/stm32f4xx_hash_sha1.o
 .ARM.attributes
                0x00000000       0x33 ./Libraries/STM32F4xx_StdPeriph_Driver/src/stm32f4xx_hash_sha1.o
 .debug_frame   0x00000000       0x58 ./Libraries/STM32F4xx_StdPeriph_Driver/src/stm32f4xx_hash_sha1.o
 .data          0x00000000        0x0 ./Libraries/STM32F4xx_StdPeriph_Driver/src/stm32f4xx_i2c.o
 .bss           0x00000000        0x0 ./Libraries/STM32F4xx_StdPeriph_Driver/src/stm32f4xx_i2c.o
 .text          0x00000000       0xd0 ./Libraries/STM32F4xx_StdPeriph_Driver/src/stm32f4xx_iwdg.o
 .data          0x00000000        0x0 ./Libraries/STM32F4xx_StdPeriph_Driver/src/stm32f4xx_iwdg.o
 .bss           0x00000000        0x0 ./Libraries/STM32F4xx_StdPeriph_Driver/src/stm32f4xx_iwdg.o
 .debug_info    0x00000000      0x1fd ./Libraries/STM32F4xx_StdPeriph_Driver/src/stm32f4xx_iwdg.o
 .debug_abbrev  0x00000000       0xfa ./Libraries/STM32F4xx_StdPeriph_Driver/src/stm32f4xx_iwdg.o
 .debug_loc     0x00000000      0x138 ./Libraries/STM32F4xx_StdPeriph_Driver/src/stm32f4xx_iwdg.o
 .debug_aranges
                0x00000000       0x20 ./Libraries/STM32F4xx_StdPeriph_Driver/src/stm32f4xx_iwdg.o
 .debug_line    0x00000000      0x1ae ./Libraries/STM32F4xx_StdPeriph_Driver/src/stm32f4xx_iwdg.o
 .debug_str     0x00000000      0x1ea ./Libraries/STM32F4xx_StdPeriph_Driver/src/stm32f4xx_iwdg.o
 .comment       0x00000000       0x31 ./Libraries/STM32F4xx_StdPeriph_Driver/src/stm32f4xx_iwdg.o
 .ARM.attributes
                0x00000000       0x33 ./Libraries/STM32F4xx_StdPeriph_Driver/src/stm32f4xx_iwdg.o
 .debug_frame   0x00000000       0xb8 ./Libraries/STM32F4xx_StdPeriph_Driver/src/stm32f4xx_iwdg.o
 .text          0x00000000      0x260 ./Libraries/STM32F4xx_StdPeriph_Driver/src/stm32f4xx_pwr.o
 .data          0x00000000        0x0 ./Libraries/STM32F4xx_StdPeriph_Driver/src/stm32f4xx_pwr.o
 .bss           0x00000000        0x0 ./Libraries/STM32F4xx_StdPeriph_Driver/src/stm32f4xx_pwr.o
 .debug_info    0x00000000      0x530 ./Libraries/STM32F4xx_StdPeriph_Driver/src/stm32f4xx_pwr.o
 .debug_abbrev  0x00000000      0x175 ./Libraries/STM32F4xx_StdPeriph_Driver/src/stm32f4xx_pwr.o
 .debug_loc     0x00000000      0x288 ./Libraries/STM32F4xx_StdPeriph_Driver/src/stm32f4xx_pwr.o
 .debug_aranges
                0x00000000       0x20 ./Libraries/STM32F4xx_StdPeriph_Driver/src/stm32f4xx_pwr.o
 .debug_line    0x00000000      0x205 ./Libraries/STM32F4xx_StdPeriph_Driver/src/stm32f4xx_pwr.o
 .debug_str     0x00000000      0x2f8 ./Libraries/STM32F4xx_StdPeriph_Driver/src/stm32f4xx_pwr.o
 .comment       0x00000000       0x31 ./Libraries/STM32F4xx_StdPeriph_Driver/src/stm32f4xx_pwr.o
 .ARM.attributes
                0x00000000       0x33 ./Libraries/STM32F4xx_StdPeriph_Driver/src/stm32f4xx_pwr.o
 .debug_frame   0x00000000      0x160 ./Libraries/STM32F4xx_StdPeriph_Driver/src/stm32f4xx_pwr.o
 .bss           0x00000000        0x0 ./Libraries/STM32F4xx_StdPeriph_Driver/src/stm32f4xx_rcc.o
 .text          0x00000000      0x1a0 ./Libraries/STM32F4xx_StdPeriph_Driver/src/stm32f4xx_rng.o
 .data          0x00000000        0x0 ./Libraries/STM32F4xx_StdPeriph_Driver/src/stm32f4xx_rng.o
 .bss           0x00000000        0x0 ./Libraries/STM32F4xx_StdPeriph_Driver/src/stm32f4xx_rng.o
 .debug_info    0x00000000      0x283 ./Libraries/STM32F4xx_StdPeriph_Driver/src/stm32f4xx_rng.o
 .debug_abbrev  0x00000000      0x137 ./Libraries/STM32F4xx_StdPeriph_Driver/src/stm32f4xx_rng.o
 .debug_loc     0x00000000      0x1a8 ./Libraries/STM32F4xx_StdPeriph_Driver/src/stm32f4xx_rng.o
 .debug_aranges
                0x00000000       0x20 ./Libraries/STM32F4xx_StdPeriph_Driver/src/stm32f4xx_rng.o
 .debug_line    0x00000000      0x1c1 ./Libraries/STM32F4xx_StdPeriph_Driver/src/stm32f4xx_rng.o
 .debug_str     0x00000000      0x202 ./Libraries/STM32F4xx_StdPeriph_Driver/src/stm32f4xx_rng.o
 .comment       0x00000000       0x31 ./Libraries/STM32F4xx_StdPeriph_Driver/src/stm32f4xx_rng.o
 .ARM.attributes
                0x00000000       0x33 ./Libraries/STM32F4xx_StdPeriph_Driver/src/stm32f4xx_rng.o
 .debug_frame   0x00000000       0xf0 ./Libraries/STM32F4xx_StdPeriph_Driver/src/stm32f4xx_rng.o
 .text          0x00000000     0x1bec ./Libraries/STM32F4xx_StdPeriph_Driver/src/stm32f4xx_rtc.o
 .data          0x00000000        0x0 ./Libraries/STM32F4xx_StdPeriph_Driver/src/stm32f4xx_rtc.o
 .bss           0x00000000        0x0 ./Libraries/STM32F4xx_StdPeriph_Driver/src/stm32f4xx_rtc.o
 .debug_info    0x00000000     0x1215 ./Libraries/STM32F4xx_StdPeriph_Driver/src/stm32f4xx_rtc.o
 .debug_abbrev  0x00000000      0x16b ./Libraries/STM32F4xx_StdPeriph_Driver/src/stm32f4xx_rtc.o
 .debug_loc     0x00000000      0xc48 ./Libraries/STM32F4xx_StdPeriph_Driver/src/stm32f4xx_rtc.o
 .debug_aranges
                0x00000000       0x20 ./Libraries/STM32F4xx_StdPeriph_Driver/src/stm32f4xx_rtc.o
 .debug_line    0x00000000      0x52b ./Libraries/STM32F4xx_StdPeriph_Driver/src/stm32f4xx_rtc.o
 .debug_str     0x00000000      0xad1 ./Libraries/STM32F4xx_StdPeriph_Driver/src/stm32f4xx_rtc.o
 .comment       0x00000000       0x31 ./Libraries/STM32F4xx_StdPeriph_Driver/src/stm32f4xx_rtc.o
 .ARM.attributes
                0x00000000       0x33 ./Libraries/STM32F4xx_StdPeriph_Driver/src/stm32f4xx_rtc.o
 .debug_frame   0x00000000      0x68c ./Libraries/STM32F4xx_StdPeriph_Driver/src/stm32f4xx_rtc.o
 .text          0x00000000      0x564 ./Libraries/STM32F4xx_StdPeriph_Driver/src/stm32f4xx_sdio.o
 .data          0x00000000        0x0 ./Libraries/STM32F4xx_StdPeriph_Driver/src/stm32f4xx_sdio.o
 .bss           0x00000000        0x0 ./Libraries/STM32F4xx_StdPeriph_Driver/src/stm32f4xx_sdio.o
 .debug_info    0x00000000      0x896 ./Libraries/STM32F4xx_StdPeriph_Driver/src/stm32f4xx_sdio.o
 .debug_abbrev  0x00000000      0x16d ./Libraries/STM32F4xx_StdPeriph_Driver/src/stm32f4xx_sdio.o
 .debug_loc     0x00000000      0x648 ./Libraries/STM32F4xx_StdPeriph_Driver/src/stm32f4xx_sdio.o
 .debug_aranges
                0x00000000       0x20 ./Libraries/STM32F4xx_StdPeriph_Driver/src/stm32f4xx_sdio.o
 .debug_line    0x00000000      0x2b8 ./Libraries/STM32F4xx_StdPeriph_Driver/src/stm32f4xx_sdio.o
 .debug_str     0x00000000      0x5c9 ./Libraries/STM32F4xx_StdPeriph_Driver/src/stm32f4xx_sdio.o
 .comment       0x00000000       0x31 ./Libraries/STM32F4xx_StdPeriph_Driver/src/stm32f4xx_sdio.o
 .ARM.attributes
                0x00000000       0x33 ./Libraries/STM32F4xx_StdPeriph_Driver/src/stm32f4xx_sdio.o
 .debug_frame   0x00000000      0x358 ./Libraries/STM32F4xx_StdPeriph_Driver/src/stm32f4xx_sdio.o
 .text          0x00000000      0x8e8 ./Libraries/STM32F4xx_StdPeriph_Driver/src/stm32f4xx_spi.o
 .data          0x00000000        0x0 ./Libraries/STM32F4xx_StdPeriph_Driver/src/stm32f4xx_spi.o
 .bss           0x00000000        0x0 ./Libraries/STM32F4xx_StdPeriph_Driver/src/stm32f4xx_spi.o
 .debug_info    0x00000000      0xbbe ./Libraries/STM32F4xx_StdPeriph_Driver/src/stm32f4xx_spi.o
 .debug_abbrev  0x00000000      0x160 ./Libraries/STM32F4xx_StdPeriph_Driver/src/stm32f4xx_spi.o
 .debug_loc     0x00000000      0x578 ./Libraries/STM32F4xx_StdPeriph_Driver/src/stm32f4xx_spi.o
 .debug_aranges
                0x00000000       0x20 ./Libraries/STM32F4xx_StdPeriph_Driver/src/stm32f4xx_spi.o
 .debug_line    0x00000000      0x30c ./Libraries/STM32F4xx_StdPeriph_Driver/src/stm32f4xx_spi.o
 .debug_str     0x00000000      0x608 ./Libraries/STM32F4xx_StdPeriph_Driver/src/stm32f4xx_spi.o
 .comment       0x00000000       0x31 ./Libraries/STM32F4xx_StdPeriph_Driver/src/stm32f4xx_spi.o
 .ARM.attributes
                0x00000000       0x33 ./Libraries/STM32F4xx_StdPeriph_Driver/src/stm32f4xx_spi.o
 .debug_frame   0x00000000      0x2d0 ./Libraries/STM32F4xx_StdPeriph_Driver/src/stm32f4xx_spi.o
 .text          0x00000000      0x16c ./Libraries/STM32F4xx_StdPeriph_Driver/src/stm32f4xx_syscfg.o
 .data          0x00000000        0x0 ./Libraries/STM32F4xx_StdPeriph_Driver/src/stm32f4xx_syscfg.o
 .bss           0x00000000        0x0 ./Libraries/STM32F4xx_StdPeriph_Driver/src/stm32f4xx_syscfg.o
 .debug_info    0x00000000      0x26c ./Libraries/STM32F4xx_StdPeriph_Driver/src/stm32f4xx_syscfg.o
 .debug_abbrev  0x00000000      0x12a ./Libraries/STM32F4xx_StdPeriph_Driver/src/stm32f4xx_syscfg.o
 .debug_loc     0x00000000      0x144 ./Libraries/STM32F4xx_StdPeriph_Driver/src/stm32f4xx_syscfg.o
 .debug_aranges
                0x00000000       0x20 ./Libraries/STM32F4xx_StdPeriph_Driver/src/stm32f4xx_syscfg.o
 .debug_line    0x00000000      0x1b5 ./Libraries/STM32F4xx_StdPeriph_Driver/src/stm32f4xx_syscfg.o
 .debug_str     0x00000000      0x27d ./Libraries/STM32F4xx_StdPeriph_Driver/src/stm32f4xx_syscfg.o
 .comment       0x00000000       0x31 ./Libraries/STM32F4xx_StdPeriph_Driver/src/stm32f4xx_syscfg.o
 .ARM.attributes
                0x00000000       0x33 ./Libraries/STM32F4xx_StdPeriph_Driver/src/stm32f4xx_syscfg.o
 .debug_frame   0x00000000       0xbc ./Libraries/STM32F4xx_StdPeriph_Driver/src/stm32f4xx_syscfg.o
 .data          0x00000000        0x0 ./Libraries/STM32F4xx_StdPeriph_Driver/src/stm32f4xx_tim.o
 .bss           0x00000000        0x0 ./Libraries/STM32F4xx_StdPeriph_Driver/src/stm32f4xx_tim.o
 .data          0x00000000        0x0 ./Libraries/STM32F4xx_StdPeriph_Driver/src/stm32f4xx_usart.o
 .bss           0x00000000        0x0 ./Libraries/STM32F4xx_StdPeriph_Driver/src/stm32f4xx_usart.o
 .text          0x00000000      0x154 ./Libraries/STM32F4xx_StdPeriph_Driver/src/stm32f4xx_wwdg.o
 .data          0x00000000        0x0 ./Libraries/STM32F4xx_StdPeriph_Driver/src/stm32f4xx_wwdg.o
 .bss           0x00000000        0x0 ./Libraries/STM32F4xx_StdPeriph_Driver/src/stm32f4xx_wwdg.o
 .debug_info    0x00000000      0x248 ./Libraries/STM32F4xx_StdPeriph_Driver/src/stm32f4xx_wwdg.o
 .debug_abbrev  0x00000000      0x11e ./Libraries/STM32F4xx_StdPeriph_Driver/src/stm32f4xx_wwdg.o
 .debug_loc     0x00000000      0x19c ./Libraries/STM32F4xx_StdPeriph_Driver/src/stm32f4xx_wwdg.o
 .debug_aranges
                0x00000000       0x20 ./Libraries/STM32F4xx_StdPeriph_Driver/src/stm32f4xx_wwdg.o
 .debug_line    0x00000000      0x1bd ./Libraries/STM32F4xx_StdPeriph_Driver/src/stm32f4xx_wwdg.o
 .debug_str     0x00000000      0x200 ./Libraries/STM32F4xx_StdPeriph_Driver/src/stm32f4xx_wwdg.o
 .comment       0x00000000       0x31 ./Libraries/STM32F4xx_StdPeriph_Driver/src/stm32f4xx_wwdg.o
 .ARM.attributes
                0x00000000       0x33 ./Libraries/STM32F4xx_StdPeriph_Driver/src/stm32f4xx_wwdg.o
 .debug_frame   0x00000000       0xf0 ./Libraries/STM32F4xx_StdPeriph_Driver/src/stm32f4xx_wwdg.o
 .data          0x00000000        0x0 c:/program files (x86)/codesourcery/eabi/bin/../lib/gcc/arm-none-eabi/4.6.3/../../../../arm-none-eabi/lib/thumb2\libc.a(lib_a-init.o)
 .bss           0x00000000        0x0 c:/program files (x86)/codesourcery/eabi/bin/../lib/gcc/arm-none-eabi/4.6.3/../../../../arm-none-eabi/lib/thumb2\libc.a(lib_a-init.o)
 .text          0x00000000        0x0 c:/program files (x86)/codesourcery/eabi/bin/../lib/gcc/arm-none-eabi/4.6.3/thumb2/crtend.o
 .data          0x00000000        0x0 c:/program files (x86)/codesourcery/eabi/bin/../lib/gcc/arm-none-eabi/4.6.3/thumb2/crtend.o
 .bss           0x00000000        0x0 c:/program files (x86)/codesourcery/eabi/bin/../lib/gcc/arm-none-eabi/4.6.3/thumb2/crtend.o
 .eh_frame      0x00000000        0x4 c:/program files (x86)/codesourcery/eabi/bin/../lib/gcc/arm-none-eabi/4.6.3/thumb2/crtend.o
 .jcr           0x00000000        0x4 c:/program files (x86)/codesourcery/eabi/bin/../lib/gcc/arm-none-eabi/4.6.3/thumb2/crtend.o
 .ARM.attributes
                0x00000000       0x2b c:/program files (x86)/codesourcery/eabi/bin/../lib/gcc/arm-none-eabi/4.6.3/thumb2/crtend.o
 .text          0x00000000        0x0 c:/program files (x86)/codesourcery/eabi/bin/../lib/gcc/arm-none-eabi/4.6.3/thumb2/crtn.o
 .data          0x00000000        0x0 c:/program files (x86)/codesourcery/eabi/bin/../lib/gcc/arm-none-eabi/4.6.3/thumb2/crtn.o
 .bss           0x00000000        0x0 c:/program files (x86)/codesourcery/eabi/bin/../lib/gcc/arm-none-eabi/4.6.3/thumb2/crtn.o

Memory Configuration

Name             Origin             Length             Attributes
FLASH            0x08000000         0x00100000         xr
RAM              0x20000000         0x00020000         xrw
MEMORY_B1        0x60000000         0x00000000         xr
CCMRAM           0x10000000         0x00010000         rw
*default*        0x00000000         0xffffffff

Linker script and memory map

LOAD c:/program files (x86)/codesourcery/eabi/bin/../lib/gcc/arm-none-eabi/4.6.3/thumb2/crti.o
LOAD c:/program files (x86)/codesourcery/eabi/bin/../lib/gcc/arm-none-eabi/4.6.3/thumb2/crtbegin.o
LOAD ./src/adc.o
LOAD ./src/events.o
LOAD ./src/functions.o
LOAD ./src/gps.o
LOAD ./src/init.o
LOAD ./src/main.o
LOAD ./src/modbus.o
LOAD ./src/powerSensor.o
LOAD ./src/sensors.o
LOAD ./src/startup_stm32f4xx.o
LOAD ./src/stm32f4xx_it.o
LOAD ./src/system_stm32f4xx.o
LOAD ./src/tiny_printf.o
LOAD ./src/var.o
LOAD ./Libraries/STM32F4xx_StdPeriph_Driver/src/misc.o
LOAD ./Libraries/STM32F4xx_StdPeriph_Driver/src/stm32f4xx_adc.o
LOAD ./Libraries/STM32F4xx_StdPeriph_Driver/src/stm32f4xx_can.o
LOAD ./Libraries/STM32F4xx_StdPeriph_Driver/src/stm32f4xx_crc.o
LOAD ./Libraries/STM32F4xx_StdPeriph_Driver/src/stm32f4xx_cryp.o
LOAD ./Libraries/STM32F4xx_StdPeriph_Driver/src/stm32f4xx_cryp_aes.o
LOAD ./Libraries/STM32F4xx_StdPeriph_Driver/src/stm32f4xx_cryp_des.o
LOAD ./Libraries/STM32F4xx_StdPeriph_Driver/src/stm32f4xx_cryp_tdes.o
LOAD ./Libraries/STM32F4xx_StdPeriph_Driver/src/stm32f4xx_dac.o
LOAD ./Libraries/STM32F4xx_StdPeriph_Driver/src/stm32f4xx_dbgmcu.o
LOAD ./Libraries/STM32F4xx_StdPeriph_Driver/src/stm32f4xx_dcmi.o
LOAD ./Libraries/STM32F4xx_StdPeriph_Driver/src/stm32f4xx_dma.o
LOAD ./Libraries/STM32F4xx_StdPeriph_Driver/src/stm32f4xx_exti.o
LOAD ./Libraries/STM32F4xx_StdPeriph_Driver/src/stm32f4xx_flash.o
LOAD ./Libraries/STM32F4xx_StdPeriph_Driver/src/stm32f4xx_fsmc.o
LOAD ./Libraries/STM32F4xx_StdPeriph_Driver/src/stm32f4xx_gpio.o
LOAD ./Libraries/STM32F4xx_StdPeriph_Driver/src/stm32f4xx_hash.o
LOAD ./Libraries/STM32F4xx_StdPeriph_Driver/src/stm32f4xx_hash_md5.o
LOAD ./Libraries/STM32F4xx_StdPeriph_Driver/src/stm32f4xx_hash_sha1.o
LOAD ./Libraries/STM32F4xx_StdPeriph_Driver/src/stm32f4xx_i2c.o
LOAD ./Libraries/STM32F4xx_StdPeriph_Driver/src/stm32f4xx_iwdg.o
LOAD ./Libraries/STM32F4xx_StdPeriph_Driver/src/stm32f4xx_pwr.o
LOAD ./Libraries/STM32F4xx_StdPeriph_Driver/src/stm32f4xx_rcc.o
LOAD ./Libraries/STM32F4xx_StdPeriph_Driver/src/stm32f4xx_rng.o
LOAD ./Libraries/STM32F4xx_StdPeriph_Driver/src/stm32f4xx_rtc.o
LOAD ./Libraries/STM32F4xx_StdPeriph_Driver/src/stm32f4xx_sdio.o
LOAD ./Libraries/STM32F4xx_StdPeriph_Driver/src/stm32f4xx_spi.o
LOAD ./Libraries/STM32F4xx_StdPeriph_Driver/src/stm32f4xx_syscfg.o
LOAD ./Libraries/STM32F4xx_StdPeriph_Driver/src/stm32f4xx_tim.o
LOAD ./Libraries/STM32F4xx_StdPeriph_Driver/src/stm32f4xx_usart.o
LOAD ./Libraries/STM32F4xx_StdPeriph_Driver/src/stm32f4xx_wwdg.o
START GROUP
LOAD c:/program files (x86)/codesourcery/eabi/bin/../lib/gcc/arm-none-eabi/4.6.3/thumb2\libgcc.a
LOAD c:/program files (x86)/codesourcery/eabi/bin/../lib/gcc/arm-none-eabi/4.6.3/../../../../arm-none-eabi/lib/thumb2\libc.a
END GROUP
LOAD c:/program files (x86)/codesourcery/eabi/bin/../lib/gcc/arm-none-eabi/4.6.3/thumb2/crtend.o
LOAD c:/program files (x86)/codesourcery/eabi/bin/../lib/gcc/arm-none-eabi/4.6.3/thumb2/crtn.o
                0x20020000                _estack = 0x20020000
                0x00000000                _Min_Heap_Size = 0x0
                0x00000400                _Min_Stack_Size = 0x400

.isr_vector     0x08000000      0x188
                0x08000000                . = ALIGN (0x4)
 *(.isr_vector)
 .isr_vector    0x08000000      0x188 ./src/startup_stm32f4xx.o
                0x08000000                g_pfnVectors
                0x08000188                . = ALIGN (0x4)

.text           0x08000188     0xc2e0
                0x08000188                . = ALIGN (0x4)
 *(.text)
 .text          0x08000188       0x68 c:/program files (x86)/codesourcery/eabi/bin/../lib/gcc/arm-none-eabi/4.6.3/thumb2/crtbegin.o
 .text          0x080001f0      0xd98 ./src/events.o
                0x080001f0                ADC_IRQHandler
                0x08000300                I2C2_EV_IRQHandler
                0x0800030c                I2C2_ER_IRQHandler
                0x08000328                DMA1_Stream6_IRQHandler
                0x08000340                DMA1_Stream4_IRQHandler
                0x0800037c                DMA1_Stream3_IRQHandler
                0x0800040c                TIM4_IRQHandler
                0x080007ec                TIM8_CC_IRQHandler
                0x08000bdc                TIM8_TRG_COM_TIM14_IRQHandler
                0x08000d74                TIM1_CC_IRQHandler
                0x08000e34                USART1_IRQHandler
                0x08000eac                USART2_IRQHandler
                0x08000f18                USART3_IRQHandler
 .text          0x08000f88      0x488 ./src/functions.o
                0x08000f88                NVIC_EnableInterrupts
                0x0800112c                extPeripheralInit
                0x0800125c                Delaynus
                0x0800129c                transferDMA_USART2
                0x0800134c                transferDMA_USART3
 .text          0x08001410     0x1818 ./src/gps.o
                0x08001410                GPSStopOutput
                0x080015bc                GPSSetDataOutput
                0x08001784                GPS_GetChar
                0x080017d8                GPS_CalculateChecksum
                0x08001838                GPS_CharToByte
                0x08001858                GPS_ReceiveProcess
 .text          0x08002c28     0x1128 ./src/init.o
                0x08002c28                System_Config
 .text          0x08003d50      0x498 ./src/main.o
                0x08003d50                main
 .text          0x080041e8      0x8a4 ./src/modbus.o
                0x080041e8                MODBUS_Timer
                0x08004258                MODBUS_ExecuteFunction
                0x080043ec                MODBUS_ProcessData
                0x080048f4                crcOnByte
                0x0800495c                crcOnMessage
 .text          0x08004a8c      0x624 ./src/powerSensor.o
                0x08004a8c                PS_Timer
                0x08004ba0                PSRequestData
                0x08004c14                PSSetI0
                0x08004c74                PSReset
                0x08004ce4                processPSData
                0x08004d74                PowerSensorCommProcess
                0x08005070                PS_CalculateCRC
 .text          0x080050b0     0x1154 ./src/sensors.o
                0x080050b0                sensorInit
                0x080051d0                copySensorData
                0x080054dc                MPU6000_Enable
                0x080055d4                MPU6000_EnableI2CBypass
                0x08005670                MPU6000_ConfigureI2CMaster
                0x08005714                MPU6000_EnableI2CMaster
                0x080057b0                HMC5883_Enable
                0x08005838                MPL3115A2_Enable
                0x080058dc                masterSend
                0x08005b1c                masterReceive_beginDMA
                0x08005d64                masterReceive
                0x08005ff8                masterReceive_HMC5883L
 .text          0x08006204       0x5c ./src/stm32f4xx_it.o
                0x08006204                NMI_Handler
                0x08006210                HardFault_Handler
                0x08006218                MemManage_Handler
                0x08006220                BusFault_Handler
                0x08006228                UsageFault_Handler
                0x08006230                SVC_Handler
                0x0800623c                DebugMon_Handler
                0x08006248                PendSV_Handler
                0x08006254                SysTick_Handler
 .text          0x08006260      0x38c ./src/system_stm32f4xx.o
                0x08006260                SystemInit
                0x080062f4                SystemCoreClockUpdate
 .text          0x080065ec      0x1d8 ./Libraries/STM32F4xx_StdPeriph_Driver/src/misc.o
                0x080065ec                NVIC_PriorityGroupConfig
                0x08006614                NVIC_Init
                0x080066f8                NVIC_SetVectorTable
                0x08006724                NVIC_SystemLPConfig
                0x08006778                SysTick_CLKSourceConfig
 .text          0x080067c4      0xb98 ./Libraries/STM32F4xx_StdPeriph_Driver/src/stm32f4xx_adc.o
                0x080067c4                ADC_DeInit
                0x080067e4                ADC_Init
                0x0800689c                ADC_StructInit
                0x080068e8                ADC_CommonInit
                0x08006944                ADC_CommonStructInit
                0x08006978                ADC_Cmd
                0x080069b0                ADC_AnalogWatchdogCmd
                0x080069ec                ADC_AnalogWatchdogThresholdsConfig
                0x08006a14                ADC_AnalogWatchdogSingleChannelConfig
                0x08006a4c                ADC_TempSensorVrefintCmd
                0x08006a98                ADC_VBATCmd
                0x08006ae4                ADC_RegularChannelConfig
                0x08006ca0                ADC_SoftwareStartConv
                0x08006cc0                ADC_GetSoftwareStartConvStatus
                0x08006cf8                ADC_EOCOnEachRegularChannelCmd
                0x08006d30                ADC_ContinuousModeCmd
                0x08006d68                ADC_DiscModeChannelCountConfig
                0x08006db4                ADC_DiscModeCmd
                0x08006dec                ADC_GetConversionValue
                0x08006e08                ADC_GetMultiModeConversionValue
                0x08006e20                ADC_DMACmd
                0x08006e58                ADC_DMARequestAfterLastTransferCmd
                0x08006e90                ADC_MultiModeDMARequestAfterLastTransferCmd
                0x08006edc                ADC_InjectedChannelConfig
                0x08007020                ADC_InjectedSequencerLengthConfig
                0x0800706c                ADC_SetInjectedOffset
                0x080070a0                ADC_ExternalTrigInjectedConvConfig
                0x080070d8                ADC_ExternalTrigInjectedConvEdgeConfig
                0x08007110                ADC_SoftwareStartInjectedConv
                0x08007130                ADC_GetSoftwareStartInjectedConvCmdStatus
                0x08007168                ADC_AutoInjectedConvCmd
                0x080071a0                ADC_InjectedDiscModeCmd
                0x080071d8                ADC_GetInjectedConversionValue
                0x0800720c                ADC_ITConfig
                0x08007264                ADC_GetFlagStatus
                0x080072a0                ADC_ClearFlag
                0x080072c0                ADC_GetITStatus
                0x0800732c                ADC_ClearITPendingBit
 .text          0x0800735c      0x818 ./Libraries/STM32F4xx_StdPeriph_Driver/src/stm32f4xx_dma.o
                0x0800735c                DMA_DeInit
                0x080075a0                DMA_Init
                0x08007650                DMA_StructInit
                0x080076dc                DMA_Cmd
                0x08007714                DMA_PeriphIncOffsetSizeConfig
                0x08007748                DMA_FlowControllerConfig
                0x0800777c                DMA_SetCurrDataCounter
                0x08007798                DMA_GetCurrDataCounter
                0x080077b4                DMA_DoubleBufferModeConfig
                0x080077f0                DMA_DoubleBufferModeCmd
                0x08007828                DMA_MemoryTargetConfig
                0x08007854                DMA_GetCurrentMemoryTarget
                0x0800788c                DMA_GetCmdStatus
                0x080078c4                DMA_GetFIFOStatus
                0x080078ec                DMA_GetFlagStatus
                0x08007974                DMA_ClearFlag
                0x080079d8                DMA_ITConfig
                0x08007a4c                DMA_GetITStatus
                0x08007b10                DMA_ClearITPendingBit
 .text          0x08007b74      0x53c ./Libraries/STM32F4xx_StdPeriph_Driver/src/stm32f4xx_gpio.o
                0x08007b74                GPIO_DeInit
                0x08007cec                GPIO_Init
                0x08007e30                GPIO_StructInit
                0x08007e6c                GPIO_PinLockConfig
                0x08007eb0                GPIO_ReadInputDataBit
                0x08007eec                GPIO_ReadInputData
                0x08007f08                GPIO_ReadOutputDataBit
                0x08007f44                GPIO_ReadOutputData
                0x08007f60                GPIO_SetBits
                0x08007f7c                GPIO_ResetBits
                0x08007f98                GPIO_WriteBit
                0x08007fc8                GPIO_Write
                0x08007fe4                GPIO_ToggleBits
                0x08008008                GPIO_PinAFConfig
 .text          0x080080b0      0xa10 ./Libraries/STM32F4xx_StdPeriph_Driver/src/stm32f4xx_i2c.o
                0x080080b0                I2C_DeInit
                0x08008138                I2C_Init
                0x080082e4                I2C_StructInit
                0x08008328                I2C_Cmd
                0x08008368                I2C_GenerateSTART
                0x080083a8                I2C_GenerateSTOP
                0x080083e8                I2C_Send7bitAddress
                0x08008424                I2C_AcknowledgeConfig
                0x08008464                I2C_OwnAddress2Config
                0x080084a8                I2C_DualAddressCmd
                0x080084e8                I2C_GeneralCallCmd
                0x08008528                I2C_SoftwareResetCmd
                0x08008570                I2C_StretchClockCmd
                0x080085b0                I2C_FastModeDutyCycleConfig
                0x080085f0                I2C_NACKPositionConfig
                0x08008630                I2C_SMBusAlertConfig
                0x08008670                I2C_ARPCmd
                0x080086b0                I2C_SendData
                0x080086d0                I2C_ReceiveData
                0x080086ec                I2C_TransmitPEC
                0x0800872c                I2C_PECPositionConfig
                0x0800876c                I2C_CalculatePEC
                0x080087ac                I2C_GetPEC
                0x080087d0                I2C_DMACmd
                0x08008810                I2C_DMALastTransferCmd
                0x08008850                I2C_ReadRegister
                0x08008880                I2C_ITConfig
                0x080088c8                I2C_CheckEvent
                0x08008938                I2C_GetLastEvent
                0x08008984                I2C_GetFlagStatus
                0x080089fc                I2C_ClearFlag
                0x08008a2c                I2C_GetITStatus
                0x08008a90                I2C_ClearITPendingBit
 .text          0x08008ac0      0xd8c ./Libraries/STM32F4xx_StdPeriph_Driver/src/stm32f4xx_rcc.o
                0x08008ac0                RCC_DeInit
                0x08008b44                RCC_HSEConfig
                0x08008b74                RCC_WaitForHSEStartUp
                0x08008bd8                RCC_AdjustHSICalibrationValue
                0x08008c20                RCC_HSICmd
                0x08008c40                RCC_LSEConfig
                0x08008ca0                RCC_LSICmd
                0x08008cc0                RCC_PLLConfig
                0x08008d08                RCC_PLLCmd
                0x08008d28                RCC_PLLI2SConfig
                0x08008d58                RCC_PLLI2SCmd
                0x08008d78                RCC_ClockSecuritySystemCmd
                0x08008d98                RCC_MCO1Config
                0x08008de0                RCC_MCO2Config
                0x08008e28                RCC_SYSCLKConfig
                0x08008e68                RCC_GetSYSCLKSource
                0x08008e88                RCC_HCLKConfig
                0x08008ec8                RCC_PCLK1Config
                0x08008f08                RCC_PCLK2Config
                0x08008f4c                RCC_GetClocksFreq
                0x08009118                RCC_RTCCLKConfig
                0x0800918c                RCC_RTCCLKCmd
                0x080091ac                RCC_BackupResetCmd
                0x080091cc                RCC_I2SCLKConfig
                0x080091ec                RCC_AHB1PeriphClockCmd
                0x08009240                RCC_AHB2PeriphClockCmd
                0x08009294                RCC_AHB3PeriphClockCmd
                0x080092e8                RCC_APB1PeriphClockCmd
                0x0800933c                RCC_APB2PeriphClockCmd
                0x08009390                RCC_AHB1PeriphResetCmd
                0x080093e4                RCC_AHB2PeriphResetCmd
                0x08009438                RCC_AHB3PeriphResetCmd
                0x0800948c                RCC_APB1PeriphResetCmd
                0x080094e0                RCC_APB2PeriphResetCmd
                0x08009534                RCC_AHB1PeriphClockLPModeCmd
                0x08009588                RCC_AHB2PeriphClockLPModeCmd
                0x080095dc                RCC_AHB3PeriphClockLPModeCmd
                0x08009630                RCC_APB1PeriphClockLPModeCmd
                0x08009684                RCC_APB2PeriphClockLPModeCmd
                0x080096d8                RCC_ITConfig
                0x08009738                RCC_GetFlagStatus
                0x080097c8                RCC_ClearFlag
                0x080097ec                RCC_GetITStatus
                0x0800982c                RCC_ClearITPendingBit
 .text          0x0800984c     0x1d74 ./Libraries/STM32F4xx_StdPeriph_Driver/src/stm32f4xx_tim.o
                0x0800984c                TIM_DeInit
                0x08009a84                TIM_TimeBaseInit
                0x08009b78                TIM_TimeBaseStructInit
                0x08009bb4                TIM_PrescalerConfig
                0x08009bdc                TIM_CounterModeConfig
                0x08009c14                TIM_SetCounter
                0x08009c30                TIM_SetAutoreload
                0x08009c4c                TIM_GetCounter
                0x08009c64                TIM_GetPrescaler
                0x08009c80                TIM_UpdateDisableConfig
                0x08009cc0                TIM_UpdateRequestConfig
                0x08009d00                TIM_ARRPreloadConfig
                0x08009d40                TIM_SelectOnePulseMode
                0x08009d78                TIM_SetClockDivision
                0x08009db0                TIM_Cmd
                0x08009df0                TIM_OC1Init
                0x08009eec                TIM_OC2Init
                0x0800a014                TIM_OC3Init
                0x0800a134                TIM_OC4Init
                0x0800a214                TIM_OCStructInit
                0x0800a268                TIM_SelectOCxM
                0x0800a328                TIM_SetCompare1
                0x0800a344                TIM_SetCompare2
                0x0800a360                TIM_SetCompare3
                0x0800a37c                TIM_SetCompare4
                0x0800a398                TIM_ForcedOC1Config
                0x0800a3d0                TIM_ForcedOC2Config
                0x0800a410                TIM_ForcedOC3Config
                0x0800a448                TIM_ForcedOC4Config
                0x0800a488                TIM_OC1PreloadConfig
                0x0800a4c0                TIM_OC2PreloadConfig
                0x0800a500                TIM_OC3PreloadConfig
                0x0800a538                TIM_OC4PreloadConfig
                0x0800a578                TIM_OC1FastConfig
                0x0800a5b0                TIM_OC2FastConfig
                0x0800a5f0                TIM_OC3FastConfig
                0x0800a628                TIM_OC4FastConfig
                0x0800a668                TIM_ClearOC1Ref
                0x0800a6a0                TIM_ClearOC2Ref
                0x0800a6e4                TIM_ClearOC3Ref
                0x0800a71c                TIM_ClearOC4Ref
                0x0800a760                TIM_OC1PolarityConfig
                0x0800a798                TIM_OC1NPolarityConfig
                0x0800a7d0                TIM_OC2PolarityConfig
                0x0800a810                TIM_OC2NPolarityConfig
                0x0800a850                TIM_OC3PolarityConfig
                0x0800a890                TIM_OC3NPolarityConfig
                0x0800a8d0                TIM_OC4PolarityConfig
                0x0800a910                TIM_CCxCmd
                0x0800a96c                TIM_CCxNCmd
                0x0800a9c8                TIM_ICInit
                0x0800aa70                TIM_ICStructInit
                0x0800aaac                TIM_PWMIConfig
                0x0800ab70                TIM_GetCapture1
                0x0800ab88                TIM_GetCapture2
                0x0800aba0                TIM_GetCapture3
                0x0800abb8                TIM_GetCapture4
                0x0800abd0                TIM_SetIC1Prescaler
                0x0800ac08                TIM_SetIC2Prescaler
                0x0800ac44                TIM_SetIC3Prescaler
                0x0800ac7c                TIM_SetIC4Prescaler
                0x0800acb8                TIM_BDTRConfig
                0x0800ad08                TIM_BDTRStructInit
                0x0800ad54                TIM_CtrlPWMOutputs
                0x0800ada4                TIM_SelectCOM
                0x0800ade4                TIM_CCPreloadControl
                0x0800ae24                TIM_ITConfig
                0x0800ae6c                TIM_GenerateEvent
                0x0800ae88                TIM_GetFlagStatus
                0x0800aec8                TIM_ClearFlag
                0x0800aeec                TIM_GetITStatus
                0x0800af4c                TIM_ClearITPendingBit
                0x0800af70                TIM_DMAConfig
                0x0800af98                TIM_DMACmd
                0x0800afe0                TIM_SelectCCDMA
                0x0800b020                TIM_InternalClockConfig
                0x0800b044                TIM_ITRxExternalClockConfig
                0x0800b074                TIM_TIxExternalClockConfig
                0x0800b0cc                TIM_ETRClockMode1Config
                0x0800b120                TIM_ETRClockMode2Config
                0x0800b154                TIM_SelectInputTrigger
                0x0800b18c                TIM_SelectOutputTrigger
                0x0800b1c4                TIM_SelectSlaveMode
                0x0800b1fc                TIM_SelectMasterSlaveMode
                0x0800b234                TIM_ETRConfig
                0x0800b280                TIM_EncoderInterfaceConfig
                0x0800b314                TIM_SelectHallSensor
                0x0800b354                TIM_RemapConfig
 .text          0x0800b5c0      0x9dc ./Libraries/STM32F4xx_StdPeriph_Driver/src/stm32f4xx_usart.o
                0x0800b5c0                USART_DeInit
                0x0800b6c0                USART_Init
                0x0800b86c                USART_StructInit
                0x0800b8b0                USART_ClockInit
                0x0800b904                USART_ClockStructInit
                0x0800b938                USART_Cmd
                0x0800b978                USART_SetPrescaler
                0x0800b9b0                USART_OverSampling8Cmd
                0x0800b9f8                USART_OneBitMethodCmd
                0x0800ba38                USART_SendData
                0x0800ba60                USART_ReceiveData
                0x0800ba84                USART_SetAddress
                0x0800babc                USART_ReceiverWakeUpCmd
                0x0800bafc                USART_WakeUpConfig
                0x0800bb34                USART_LINBreakDetectLengthConfig
                0x0800bb6c                USART_LINCmd
                0x0800bbac                USART_SendBreak
                0x0800bbd0                USART_HalfDuplexCmd
                0x0800bc10                USART_SetGuardTime
                0x0800bc4c                USART_SmartCardCmd
                0x0800bc8c                USART_SmartCardNACKCmd
                0x0800bccc                USART_IrDAConfig
                0x0800bd04                USART_IrDACmd
                0x0800bd44                USART_DMACmd
                0x0800bd8c                USART_ITConfig
                0x0800be30                USART_GetFlagStatus
                0x0800be70                USART_ClearFlag
                0x0800be94                USART_GetITStatus
                0x0800bf58                USART_ClearITPendingBit
 .text          0x0800bf9c       0x50 c:/program files (x86)/codesourcery/eabi/bin/../lib/gcc/arm-none-eabi/4.6.3/../../../../arm-none-eabi/lib/thumb2\libc.a(lib_a-init.o)
                0x0800bf9c                __libc_init_array
 *(.text*)
 .text.Reset_Handler
                0x0800bfec       0x60 ./src/startup_stm32f4xx.o
                0x0800bfec                Reset_Handler
 .text.Default_Handler
                0x0800c04c        0x4 ./src/startup_stm32f4xx.o
                0x0800c04c                RTC_Alarm_IRQHandler
                0x0800c04c                HASH_RNG_IRQHandler
                0x0800c04c                EXTI2_IRQHandler
                0x0800c04c                DMA2_Stream5_IRQHandler
                0x0800c04c                DMA1_Stream5_IRQHandler
                0x0800c04c                PVD_IRQHandler
                0x0800c04c                SDIO_IRQHandler
                0x0800c04c                TAMP_STAMP_IRQHandler
                0x0800c04c                CAN2_RX1_IRQHandler
                0x0800c04c                EXTI3_IRQHandler
                0x0800c04c                TIM1_UP_TIM10_IRQHandler
                0x0800c04c                TIM8_UP_TIM13_IRQHandler
                0x0800c04c                I2C3_ER_IRQHandler
                0x0800c04c                EXTI0_IRQHandler
                0x0800c04c                DMA1_Stream2_IRQHandler
                0x0800c04c                CAN1_RX0_IRQHandler
                0x0800c04c                FPU_IRQHandler
                0x0800c04c                OTG_HS_WKUP_IRQHandler
                0x0800c04c                CAN2_SCE_IRQHandler
                0x0800c04c                DMA2_Stream2_IRQHandler
                0x0800c04c                SPI1_IRQHandler
                0x0800c04c                TIM6_DAC_IRQHandler
                0x0800c04c                TIM1_BRK_TIM9_IRQHandler
                0x0800c04c                DCMI_IRQHandler
                0x0800c04c                CAN2_RX0_IRQHandler
                0x0800c04c                DMA2_Stream3_IRQHandler
                0x0800c04c                USART6_IRQHandler
                0x0800c04c                CRYP_IRQHandler
                0x0800c04c                CAN1_RX1_IRQHandler
                0x0800c04c                UART5_IRQHandler
                0x0800c04c                DMA2_Stream0_IRQHandler
                0x0800c04c                I2C1_EV_IRQHandler
                0x0800c04c                DMA1_Stream1_IRQHandler
                0x0800c04c                UART4_IRQHandler
                0x0800c04c                TIM3_IRQHandler
                0x0800c04c                RCC_IRQHandler
                0x0800c04c                TIM8_BRK_TIM12_IRQHandler
                0x0800c04c                Default_Handler
                0x0800c04c                EXTI15_10_IRQHandler
                0x0800c04c                DMA1_Stream7_IRQHandler
                0x0800c04c                TIM7_IRQHandler
                0x0800c04c                CAN2_TX_IRQHandler
                0x0800c04c                TIM5_IRQHandler
                0x0800c04c                DMA2_Stream7_IRQHandler
                0x0800c04c                I2C3_EV_IRQHandler
                0x0800c04c                EXTI9_5_IRQHandler
                0x0800c04c                RTC_WKUP_IRQHandler
                0x0800c04c                ETH_WKUP_IRQHandler
                0x0800c04c                SPI2_IRQHandler
                0x0800c04c                OTG_HS_EP1_IN_IRQHandler
                0x0800c04c                DMA1_Stream0_IRQHandler
                0x0800c04c                CAN1_TX_IRQHandler
                0x0800c04c                EXTI4_IRQHandler
                0x0800c04c                FSMC_IRQHandler
                0x0800c04c                ETH_IRQHandler
                0x0800c04c                OTG_HS_EP1_OUT_IRQHandler
                0x0800c04c                WWDG_IRQHandler
                0x0800c04c                TIM2_IRQHandler
                0x0800c04c                OTG_FS_WKUP_IRQHandler
                0x0800c04c                TIM1_TRG_COM_TIM11_IRQHandler
                0x0800c04c                OTG_HS_IRQHandler
                0x0800c04c                EXTI1_IRQHandler
                0x0800c04c                DMA2_Stream1_IRQHandler
                0x0800c04c                CAN1_SCE_IRQHandler
                0x0800c04c                FLASH_IRQHandler
                0x0800c04c                DMA2_Stream4_IRQHandler
                0x0800c04c                OTG_FS_IRQHandler
                0x0800c04c                SPI3_IRQHandler
                0x0800c04c                I2C1_ER_IRQHandler
                0x0800c04c                DMA2_Stream6_IRQHandler
 *(.rodata)
 .rodata        0x0800c050      0x400 ./src/powerSensor.o
                0x0800c050                crc8_Table
 *(.rodata*)
 *(.glue_7)
 .glue_7        0x00000000        0x0 linker stubs
 *(.glue_7t)
 .glue_7t       0x00000000        0x0 linker stubs
 *(.eh_frame)
 .eh_frame      0x0800c450        0x0 c:/program files (x86)/codesourcery/eabi/bin/../lib/gcc/arm-none-eabi/4.6.3/thumb2/crtbegin.o
 *(.init)
 .init          0x0800c450        0x4 c:/program files (x86)/codesourcery/eabi/bin/../lib/gcc/arm-none-eabi/4.6.3/thumb2/crti.o
                0x0800c450                _init
 .init          0x0800c454        0x8 c:/program files (x86)/codesourcery/eabi/bin/../lib/gcc/arm-none-eabi/4.6.3/thumb2/crtn.o
 *(.fini)
 .fini          0x0800c45c        0x4 c:/program files (x86)/codesourcery/eabi/bin/../lib/gcc/arm-none-eabi/4.6.3/thumb2/crti.o
                0x0800c45c                _fini
 .fini          0x0800c460        0x8 c:/program files (x86)/codesourcery/eabi/bin/../lib/gcc/arm-none-eabi/4.6.3/thumb2/crtn.o
                0x0800c468                . = ALIGN (0x4)
                0x0800c468                _etext = .

.vfp11_veneer   0x0800c468        0x0
 .vfp11_veneer  0x00000000        0x0 linker stubs

.v4_bx          0x0800c468        0x0
 .v4_bx         0x00000000        0x0 linker stubs

.iplt           0x0800c468        0x0
 .iplt          0x00000000        0x0 c:/program files (x86)/codesourcery/eabi/bin/../lib/gcc/arm-none-eabi/4.6.3/thumb2/crtbegin.o

.rel.dyn        0x0800c468        0x0
 .rel.iplt      0x00000000        0x0 c:/program files (x86)/codesourcery/eabi/bin/../lib/gcc/arm-none-eabi/4.6.3/thumb2/crtbegin.o

.ARM.extab
 *(.ARM.extab* .gnu.linkonce.armextab.*)

.ARM            0x0800c468        0x0
                0x0800c468                __exidx_start = .
 *(.ARM.exidx*)
                0x0800c468                __exidx_end = .

.preinit_array  0x0800c468        0x0
                0x0800c468                PROVIDE (__preinit_array_start, .)
 *(.preinit_array*)
                0x0800c468                PROVIDE (__preinit_array_end, .)

.init_array     0x0800c468        0x4
                0x0800c468                PROVIDE (__init_array_start, .)
 *(SORT(.init_array.*))
 *(.init_array*)
 .init_array    0x0800c468        0x4 c:/program files (x86)/codesourcery/eabi/bin/../lib/gcc/arm-none-eabi/4.6.3/thumb2/crtbegin.o
                0x0800c46c                PROVIDE (__init_array_end, .)

.fini_array     0x0800c46c        0x4
                0x0800c46c                PROVIDE (__fini_array_start, .)
 *(SORT(.fini_array.*))
 *(.fini_array*)
 .fini_array    0x0800c46c        0x4 c:/program files (x86)/codesourcery/eabi/bin/../lib/gcc/arm-none-eabi/4.6.3/thumb2/crtbegin.o
                0x0800c470                PROVIDE (__fini_array_end, .)
                0x0800c470                _sidata = LOADADDR (.data)

.data           0x20000000      0x224 load address 0x0800c470
                0x20000000                . = ALIGN (0x4)
                0x20000000                _sdata = .
 *(.data)
 .data          0x20000000      0x200 ./src/modbus.o
 .data          0x20000200       0x14 ./src/system_stm32f4xx.o
                0x20000200                SystemCoreClock
                0x20000204                AHBPrescTable
 .data          0x20000214       0x10 ./Libraries/STM32F4xx_StdPeriph_Driver/src/stm32f4xx_rcc.o
 *(.data*)
                0x20000224                . = ALIGN (0x4)
                0x20000224                _edata = .
                0x0800c694                _siccmram = LOADADDR (.ccmram)

.jcr            0x20000224        0x0 load address 0x0800c694
 .jcr           0x20000224        0x0 c:/program files (x86)/codesourcery/eabi/bin/../lib/gcc/arm-none-eabi/4.6.3/thumb2/crtbegin.o

.igot.plt       0x20000224        0x0 load address 0x0800c694
 .igot.plt      0x00000000        0x0 c:/program files (x86)/codesourcery/eabi/bin/../lib/gcc/arm-none-eabi/4.6.3/thumb2/crtbegin.o

.ccmram         0x10000000        0x0 load address 0x0800c694
                0x10000000                . = ALIGN (0x4)
                0x10000000                _sccmram = .
 *(.ccmram)
 *(.ccmram*)
                0x10000000                . = ALIGN (0x4)
                0x10000000                _eccmram = .
                0x10000000                . = ALIGN (0x4)

.bss            0x20000224      0x414
                0x20000224                _sbss = .
                0x20000224                __bss_start__ = _sbss
 *(.bss)
 .bss           0x20000224       0x1c c:/program files (x86)/codesourcery/eabi/bin/../lib/gcc/arm-none-eabi/4.6.3/thumb2/crtbegin.o
 .bss           0x20000240        0xa ./src/gps.o
                0x20000240                GPS_ProcesState
                0x20000241                GPS_NextData
                0x20000242                GPS_Checksum
                0x20000243                GPS_Checksum_Save
                0x20000244                GPS_ChecksumCounter
                0x20000246                GPS_DataTemp
                0x20000248                GPS_DataTemp_Count
                0x20000249                GPS_Digits_Count
 *fill*         0x2000024a        0x2 00
 .bss           0x2000024c       0x10 ./src/modbus.o
                0x2000024c                MODBUS_ReceiveState
                0x20000250                ucMBCRCLOW
                0x20000251                ucMBCRCHI
                0x20000254                MODBUS_Timeout
                0x20000258                MODBUSTempReg
 .bss           0x2000025c        0xc ./src/powerSensor.o
                0x2000025c                PS_ReceiveStateVar
                0x20000260                PS_TIMER
                0x20000264                PS_PollTimer
 .bss           0x20000268       0x18 ./src/sensors.o
                0x20000268                I2C2_ProcesState
                0x2000026a                I2C2_StartReg
                0x2000026c                I2C2_ReadData
                0x2000026e                I2C2_WriteData
                0x20000270                I2C2_DeviceAddress
                0x20000274                I2C2_DMABufTXCount
                0x20000278                I2C2_DMABufRXCount
                0x2000027c                I2C2_PollTimer
 .bss           0x20000280       0x7c ./src/var.o
                0x20000280                globalTemp
                0x20000284                TIM1_changeDelay
                0x20000288                TIM1CaptureValue1
                0x2000028c                TIM1CaptureValue2
                0x20000290                TIM1CaptureValue3
                0x20000294                TIM1CaptureValue4
                0x20000298                TIM4_IC1_PreviousValue
                0x2000029c                TIM4_IC1_LowWidth
                0x200002a0                TIM4_IC1_HighWidth
                0x200002a4                TIM4_IC2_PreviousValue
                0x200002a8                TIM4_IC2_LowWidth
                0x200002ac                TIM4_IC2_HighWidth
                0x200002b0                TIM4_IC3_PreviousValue
                0x200002b4                TIM4_IC3_LowWidth
                0x200002b8                TIM4_IC3_HighWidth
                0x200002bc                TIM4_IC4_PreviousValue
                0x200002c0                TIM4_IC4_LowWidth
                0x200002c4                TIM4_IC4_HighWidth
                0x200002c8                TIM8_IC1_PreviousValue
                0x200002cc                TIM8_IC1_LowWidth
                0x200002d0                TIM8_IC1_HighWidth
                0x200002d4                TIM8_IC2_PreviousValue
                0x200002d8                TIM8_IC2_LowWidth
                0x200002dc                TIM8_IC2_HighWidth
                0x200002e0                TIM8_IC3_PreviousValue
                0x200002e4                TIM8_IC3_LowWidth
                0x200002e8                TIM8_IC3_HighWidth
                0x200002ec                TIM8_IC4_PreviousValue
                0x200002f0                TIM8_IC4_LowWidth
                0x200002f4                TIM8_IC4_HighWidth
                0x200002f8                ADC_TriggerTimer
 *(.bss*)
 *(COMMON)
 COMMON         0x200002fc       0x9c ./src/gps.o
                0x200002fc                GPSFlag
                0x20000304                GPS_Digits
                0x20000314                GPS_DataBuffer
                0x20000354                GPS_ReceivedChecksum
                0x20000358                GPS_RECDATA
 COMMON         0x20000398      0x168 ./src/modbus.o
                0x20000398                MODBUSData
                0x20000460                MODBUSReg
 COMMON         0x20000500       0x11 ./src/powerSensor.o
                0x20000500                PS_DATA
                0x20000510                PS_CRC
 *fill*         0x20000511        0x3 00
 COMMON         0x20000514      0x108 ./src/sensors.o
                0x20000514                I2C2_Flags
                0x2000051c                I2C2_DMABufTX
                0x2000059c                I2C2_DMABufRX
 COMMON         0x2000061c       0x1c ./src/var.o
                0x2000061c                UART2DMAbuffer
                0x20000630                flag0
                0x20000638                . = ALIGN (0x4)
                0x20000638                _ebss = .
                0x20000638                __bss_end__ = _ebss

._user_heap_stack
                0x20000638      0x400
                0x20000638                . = ALIGN (0x4)
                0x20000638                PROVIDE (end, .)
                0x20000638                PROVIDE (_end, .)
                0x20000638                . = (. + _Min_Heap_Size)
                0x20000a38                . = (. + _Min_Stack_Size)
 *fill*         0x20000638      0x400 00
                0x20000a38                . = ALIGN (0x4)

.memory_b1_text
 *(.mb1text)
 *(.mb1text*)
 *(.mb1rodata)
 *(.mb1rodata*)

/DISCARD/
 libc.a(*)
 libm.a(*)
 libgcc.a(*)

.ARM.attributes
                0x00000000       0x2f
 *(.ARM.attributes)
 .ARM.attributes
                0x00000000       0x1b c:/program files (x86)/codesourcery/eabi/bin/../lib/gcc/arm-none-eabi/4.6.3/thumb2/crti.o
 .ARM.attributes
                0x0000001b       0x2b c:/program files (x86)/codesourcery/eabi/bin/../lib/gcc/arm-none-eabi/4.6.3/thumb2/crtbegin.o
 .ARM.attributes
                0x00000046       0x33 ./src/events.o
 .ARM.attributes
                0x00000079       0x33 ./src/functions.o
 .ARM.attributes
                0x000000ac       0x33 ./src/gps.o
 .ARM.attributes
                0x000000df       0x33 ./src/init.o
 .ARM.attributes
                0x00000112       0x33 ./src/main.o
 .ARM.attributes
                0x00000145       0x33 ./src/modbus.o
 .ARM.attributes
                0x00000178       0x33 ./src/powerSensor.o
 .ARM.attributes
                0x000001ab       0x33 ./src/sensors.o
 .ARM.attributes
                0x000001de       0x21 ./src/startup_stm32f4xx.o
 .ARM.attributes
                0x000001ff       0x33 ./src/stm32f4xx_it.o
 .ARM.attributes
                0x00000232       0x33 ./src/system_stm32f4xx.o
 .ARM.attributes
                0x00000265       0x33 ./src/var.o
 .ARM.attributes
                0x00000298       0x33 ./Libraries/STM32F4xx_StdPeriph_Driver/src/misc.o
 .ARM.attributes
                0x000002cb       0x33 ./Libraries/STM32F4xx_StdPeriph_Driver/src/stm32f4xx_adc.o
 .ARM.attributes
                0x000002fe       0x33 ./Libraries/STM32F4xx_StdPeriph_Driver/src/stm32f4xx_dma.o
 .ARM.attributes
                0x00000331       0x33 ./Libraries/STM32F4xx_StdPeriph_Driver/src/stm32f4xx_gpio.o
 .ARM.attributes
                0x00000364       0x33 ./Libraries/STM32F4xx_StdPeriph_Driver/src/stm32f4xx_i2c.o
 .ARM.attributes
                0x00000397       0x33 ./Libraries/STM32F4xx_StdPeriph_Driver/src/stm32f4xx_rcc.o
 .ARM.attributes
                0x000003ca       0x33 ./Libraries/STM32F4xx_StdPeriph_Driver/src/stm32f4xx_tim.o
 .ARM.attributes
                0x000003fd       0x33 ./Libraries/STM32F4xx_StdPeriph_Driver/src/stm32f4xx_usart.o
 .ARM.attributes
                0x00000430       0x2b c:/program files (x86)/codesourcery/eabi/bin/../lib/gcc/arm-none-eabi/4.6.3/../../../../arm-none-eabi/lib/thumb2\libc.a(lib_a-init.o)
 .ARM.attributes
                0x0000045b       0x1b c:/program files (x86)/codesourcery/eabi/bin/../lib/gcc/arm-none-eabi/4.6.3/thumb2/crtn.o
OUTPUT(TemplateProject.elf elf32-littlearm)

.debug_info     0x00000000     0xb8ab
 .debug_info    0x00000000      0xd86 ./src/events.o
 .debug_info    0x00000d86      0xa0e ./src/functions.o
 .debug_info    0x00001794      0x639 ./src/gps.o
 .debug_info    0x00001dcd      0xcb7 ./src/init.o
 .debug_info    0x00002a84      0x93a ./src/main.o
 .debug_info    0x000033be      0x4e7 ./src/modbus.o
 .debug_info    0x000038a5      0x730 ./src/powerSensor.o
 .debug_info    0x00003fd5      0xa6f ./src/sensors.o
 .debug_info    0x00004a44       0x6e ./src/startup_stm32f4xx.o
 .debug_info    0x00004ab2      0x147 ./src/stm32f4xx_it.o
 .debug_info    0x00004bf9      0x5eb ./src/system_stm32f4xx.o
 .debug_info    0x000051e4      0x5a6 ./src/var.o
 .debug_info    0x0000578a      0x586 ./Libraries/STM32F4xx_StdPeriph_Driver/src/misc.o
 .debug_info    0x00005d10      0xce7 ./Libraries/STM32F4xx_StdPeriph_Driver/src/stm32f4xx_adc.o
 .debug_info    0x000069f7      0x795 ./Libraries/STM32F4xx_StdPeriph_Driver/src/stm32f4xx_dma.o
 .debug_info    0x0000718c      0x62b ./Libraries/STM32F4xx_StdPeriph_Driver/src/stm32f4xx_gpio.o
 .debug_info    0x000077b7      0xb83 ./Libraries/STM32F4xx_StdPeriph_Driver/src/stm32f4xx_i2c.o
 .debug_info    0x0000833a      0xd16 ./Libraries/STM32F4xx_StdPeriph_Driver/src/stm32f4xx_rcc.o
 .debug_info    0x00009050     0x1e1a ./Libraries/STM32F4xx_StdPeriph_Driver/src/stm32f4xx_tim.o
 .debug_info    0x0000ae6a      0xa41 ./Libraries/STM32F4xx_StdPeriph_Driver/src/stm32f4xx_usart.o

.debug_abbrev   0x00000000     0x190d
 .debug_abbrev  0x00000000      0x1a6 ./src/events.o
 .debug_abbrev  0x000001a6      0x189 ./src/functions.o
 .debug_abbrev  0x0000032f      0x160 ./src/gps.o
 .debug_abbrev  0x0000048f       0xfe ./src/init.o
 .debug_abbrev  0x0000058d      0x122 ./src/main.o
 .debug_abbrev  0x000006af      0x16f ./src/modbus.o
 .debug_abbrev  0x0000081e      0x183 ./src/powerSensor.o
 .debug_abbrev  0x000009a1      0x1c6 ./src/sensors.o
 .debug_abbrev  0x00000b67       0x12 ./src/startup_stm32f4xx.o
 .debug_abbrev  0x00000b79       0x64 ./src/stm32f4xx_it.o
 .debug_abbrev  0x00000bdd      0x12f ./src/system_stm32f4xx.o
 .debug_abbrev  0x00000d0c       0xbd ./src/var.o
 .debug_abbrev  0x00000dc9      0x126 ./Libraries/STM32F4xx_StdPeriph_Driver/src/misc.o
 .debug_abbrev  0x00000eef      0x189 ./Libraries/STM32F4xx_StdPeriph_Driver/src/stm32f4xx_adc.o
 .debug_abbrev  0x00001078      0x14e ./Libraries/STM32F4xx_StdPeriph_Driver/src/stm32f4xx_dma.o
 .debug_abbrev  0x000011c6      0x182 ./Libraries/STM32F4xx_StdPeriph_Driver/src/stm32f4xx_gpio.o
 .debug_abbrev  0x00001348      0x15d ./Libraries/STM32F4xx_StdPeriph_Driver/src/stm32f4xx_i2c.o
 .debug_abbrev  0x000014a5      0x1b7 ./Libraries/STM32F4xx_StdPeriph_Driver/src/stm32f4xx_rcc.o
 .debug_abbrev  0x0000165c      0x163 ./Libraries/STM32F4xx_StdPeriph_Driver/src/stm32f4xx_tim.o
 .debug_abbrev  0x000017bf      0x14e ./Libraries/STM32F4xx_StdPeriph_Driver/src/stm32f4xx_usart.o

.debug_loc      0x00000000     0x480e
 .debug_loc     0x00000000      0x278 ./src/events.o
 .debug_loc     0x00000278      0x110 ./src/functions.o
 .debug_loc     0x00000388      0x150 ./src/gps.o
 .debug_loc     0x000004d8       0x3a ./src/init.o
 .debug_loc     0x00000512       0x2c ./src/main.o
 .debug_loc     0x0000053e      0x10c ./src/modbus.o
 .debug_loc     0x0000064a      0x14c ./src/powerSensor.o
 .debug_loc     0x00000796      0x29c ./src/sensors.o
 .debug_loc     0x00000a32      0x18c ./src/stm32f4xx_it.o
 .debug_loc     0x00000bbe       0x9c ./src/system_stm32f4xx.o
 .debug_loc     0x00000c5a      0x118 ./Libraries/STM32F4xx_StdPeriph_Driver/src/misc.o
 .debug_loc     0x00000d72      0x838 ./Libraries/STM32F4xx_StdPeriph_Driver/src/stm32f4xx_adc.o
 .debug_loc     0x000015aa      0x428 ./Libraries/STM32F4xx_StdPeriph_Driver/src/stm32f4xx_dma.o
 .debug_loc     0x000019d2      0x310 ./Libraries/STM32F4xx_StdPeriph_Driver/src/stm32f4xx_gpio.o
 .debug_loc     0x00001ce2      0x738 ./Libraries/STM32F4xx_StdPeriph_Driver/src/stm32f4xx_i2c.o
 .debug_loc     0x0000241a      0x97c ./Libraries/STM32F4xx_StdPeriph_Driver/src/stm32f4xx_rcc.o
 .debug_loc     0x00002d96     0x1420 ./Libraries/STM32F4xx_StdPeriph_Driver/src/stm32f4xx_tim.o
 .debug_loc     0x000041b6      0x658 ./Libraries/STM32F4xx_StdPeriph_Driver/src/stm32f4xx_usart.o

.debug_aranges  0x00000000      0x268
 .debug_aranges
                0x00000000       0x20 ./src/events.o
 .debug_aranges
                0x00000020       0x20 ./src/functions.o
 .debug_aranges
                0x00000040       0x20 ./src/gps.o
 .debug_aranges
                0x00000060       0x20 ./src/init.o
 .debug_aranges
                0x00000080       0x20 ./src/main.o
 .debug_aranges
                0x000000a0       0x20 ./src/modbus.o
 .debug_aranges
                0x000000c0       0x20 ./src/powerSensor.o
 .debug_aranges
                0x000000e0       0x20 ./src/sensors.o
 .debug_aranges
                0x00000100       0x28 ./src/startup_stm32f4xx.o
 .debug_aranges
                0x00000128       0x20 ./src/stm32f4xx_it.o
 .debug_aranges
                0x00000148       0x20 ./src/system_stm32f4xx.o
 .debug_aranges
                0x00000168       0x20 ./Libraries/STM32F4xx_StdPeriph_Driver/src/misc.o
 .debug_aranges
                0x00000188       0x20 ./Libraries/STM32F4xx_StdPeriph_Driver/src/stm32f4xx_adc.o
 .debug_aranges
                0x000001a8       0x20 ./Libraries/STM32F4xx_StdPeriph_Driver/src/stm32f4xx_dma.o
 .debug_aranges
                0x000001c8       0x20 ./Libraries/STM32F4xx_StdPeriph_Driver/src/stm32f4xx_gpio.o
 .debug_aranges
                0x000001e8       0x20 ./Libraries/STM32F4xx_StdPeriph_Driver/src/stm32f4xx_i2c.o
 .debug_aranges
                0x00000208       0x20 ./Libraries/STM32F4xx_StdPeriph_Driver/src/stm32f4xx_rcc.o
 .debug_aranges
                0x00000228       0x20 ./Libraries/STM32F4xx_StdPeriph_Driver/src/stm32f4xx_tim.o
 .debug_aranges
                0x00000248       0x20 ./Libraries/STM32F4xx_StdPeriph_Driver/src/stm32f4xx_usart.o

.debug_line     0x00000000     0x3577
 .debug_line    0x00000000      0x288 ./src/events.o
 .debug_line    0x00000288      0x272 ./src/functions.o
 .debug_line    0x000004fa      0x3fb ./src/gps.o
 .debug_line    0x000008f5      0x3aa ./src/init.o
 .debug_line    0x00000c9f      0x1de ./src/main.o
 .debug_line    0x00000e7d      0x1ff ./src/modbus.o
 .debug_line    0x0000107c      0x226 ./src/powerSensor.o
 .debug_line    0x000012a2      0x3f7 ./src/sensors.o
 .debug_line    0x00001699       0x7c ./src/startup_stm32f4xx.o
 .debug_line    0x00001715      0x136 ./src/stm32f4xx_it.o
 .debug_line    0x0000184b      0x1c3 ./src/system_stm32f4xx.o
 .debug_line    0x00001a0e       0xfe ./src/var.o
 .debug_line    0x00001b0c      0x208 ./Libraries/STM32F4xx_StdPeriph_Driver/src/misc.o
 .debug_line    0x00001d14      0x363 ./Libraries/STM32F4xx_StdPeriph_Driver/src/stm32f4xx_adc.o
 .debug_line    0x00002077      0x2ec ./Libraries/STM32F4xx_StdPeriph_Driver/src/stm32f4xx_dma.o
 .debug_line    0x00002363      0x288 ./Libraries/STM32F4xx_StdPeriph_Driver/src/stm32f4xx_gpio.o
 .debug_line    0x000025eb      0x32e ./Libraries/STM32F4xx_StdPeriph_Driver/src/stm32f4xx_i2c.o
 .debug_line    0x00002919      0x364 ./Libraries/STM32F4xx_StdPeriph_Driver/src/stm32f4xx_rcc.o
 .debug_line    0x00002c7d      0x5c9 ./Libraries/STM32F4xx_StdPeriph_Driver/src/stm32f4xx_tim.o
 .debug_line    0x00003246      0x331 ./Libraries/STM32F4xx_StdPeriph_Driver/src/stm32f4xx_usart.o

.debug_str      0x00000000     0x3cb7
 .debug_str     0x00000000      0x6e2 ./src/events.o
                                0x734 (size before relaxing)
 .debug_str     0x000006e2      0x722 ./src/functions.o
                                0x9b2 (size before relaxing)
 .debug_str     0x00000e04      0x16e ./src/gps.o
                                0x351 (size before relaxing)
 .debug_str     0x00000f72      0x60a ./src/init.o
                                0x8dd (size before relaxing)
 .debug_str     0x0000157c      0x1af ./src/main.o
                                0x4c8 (size before relaxing)
 .debug_str     0x0000172b       0xee ./src/modbus.o
                                0x380 (size before relaxing)
 .debug_str     0x00001819      0x118 ./src/powerSensor.o
                                0x369 (size before relaxing)
 .debug_str     0x00001931      0x1cb ./src/sensors.o
                                0x594 (size before relaxing)
 .debug_str     0x00001afc       0xa6 ./src/stm32f4xx_it.o
                                0x179 (size before relaxing)
 .debug_str     0x00001ba2      0x1b8 ./src/system_stm32f4xx.o
                                0x309 (size before relaxing)
 .debug_str     0x00001d5a       0x47 ./src/var.o
                                0x443 (size before relaxing)
 .debug_str     0x00001da1      0x156 ./Libraries/STM32F4xx_StdPeriph_Driver/src/misc.o
                                0x357 (size before relaxing)
 .debug_str     0x00001ef7      0x4f3 ./Libraries/STM32F4xx_StdPeriph_Driver/src/stm32f4xx_adc.o
                                0x782 (size before relaxing)
 .debug_str     0x000023ea      0x25a ./Libraries/STM32F4xx_StdPeriph_Driver/src/stm32f4xx_dma.o
                                0x4ca (size before relaxing)
 .debug_str     0x00002644      0x191 ./Libraries/STM32F4xx_StdPeriph_Driver/src/stm32f4xx_gpio.o
                                0x421 (size before relaxing)
 .debug_str     0x000027d5      0x385 ./Libraries/STM32F4xx_StdPeriph_Driver/src/stm32f4xx_i2c.o
                                0x5e3 (size before relaxing)
 .debug_str     0x00002b5a      0x4f0 ./Libraries/STM32F4xx_StdPeriph_Driver/src/stm32f4xx_rcc.o
                                0x7ce (size before relaxing)
 .debug_str     0x0000304a      0x8d0 ./Libraries/STM32F4xx_StdPeriph_Driver/src/stm32f4xx_tim.o
                                0xd4e (size before relaxing)
 .debug_str     0x0000391a      0x39d ./Libraries/STM32F4xx_StdPeriph_Driver/src/stm32f4xx_usart.o
                                0x60d (size before relaxing)

.comment        0x00000000       0x30
 .comment       0x00000000       0x30 ./src/events.o
                                 0x31 (size before relaxing)
 .comment       0x00000000       0x31 ./src/functions.o
 .comment       0x00000000       0x31 ./src/gps.o
 .comment       0x00000000       0x31 ./src/init.o
 .comment       0x00000000       0x31 ./src/main.o
 .comment       0x00000000       0x31 ./src/modbus.o
 .comment       0x00000000       0x31 ./src/powerSensor.o
 .comment       0x00000000       0x31 ./src/sensors.o
 .comment       0x00000000       0x31 ./src/stm32f4xx_it.o
 .comment       0x00000000       0x31 ./src/system_stm32f4xx.o
 .comment       0x00000000       0x31 ./src/var.o
 .comment       0x00000000       0x31 ./Libraries/STM32F4xx_StdPeriph_Driver/src/misc.o
 .comment       0x00000000       0x31 ./Libraries/STM32F4xx_StdPeriph_Driver/src/stm32f4xx_adc.o
 .comment       0x00000000       0x31 ./Libraries/STM32F4xx_StdPeriph_Driver/src/stm32f4xx_dma.o
 .comment       0x00000000       0x31 ./Libraries/STM32F4xx_StdPeriph_Driver/src/stm32f4xx_gpio.o
 .comment       0x00000000       0x31 ./Libraries/STM32F4xx_StdPeriph_Driver/src/stm32f4xx_i2c.o
 .comment       0x00000000       0x31 ./Libraries/STM32F4xx_StdPeriph_Driver/src/stm32f4xx_rcc.o
 .comment       0x00000000       0x31 ./Libraries/STM32F4xx_StdPeriph_Driver/src/stm32f4xx_tim.o
 .comment       0x00000000       0x31 ./Libraries/STM32F4xx_StdPeriph_Driver/src/stm32f4xx_usart.o

.debug_frame    0x00000000     0x26a8
 .debug_frame   0x00000000      0x190 ./src/events.o
 .debug_frame   0x00000190       0xa8 ./src/functions.o
 .debug_frame   0x00000238       0xc8 ./src/gps.o
 .debug_frame   0x00000300       0x30 ./src/init.o
 .debug_frame   0x00000330       0x2c ./src/main.o
 .debug_frame   0x0000035c       0xa4 ./src/modbus.o
 .debug_frame   0x00000400       0xd8 ./src/powerSensor.o
 .debug_frame   0x000004d8      0x188 ./src/sensors.o
 .debug_frame   0x00000660      0x10c ./src/stm32f4xx_it.o
 .debug_frame   0x0000076c       0x64 ./src/system_stm32f4xx.o
 .debug_frame   0x000007d0       0x9c ./Libraries/STM32F4xx_StdPeriph_Driver/src/misc.o
 .debug_frame   0x0000086c      0x438 ./Libraries/STM32F4xx_StdPeriph_Driver/src/stm32f4xx_adc.o
 .debug_frame   0x00000ca4      0x224 ./Libraries/STM32F4xx_StdPeriph_Driver/src/stm32f4xx_dma.o
 .debug_frame   0x00000ec8      0x19c ./Libraries/STM32F4xx_StdPeriph_Driver/src/stm32f4xx_gpio.o
 .debug_frame   0x00001064      0x3b4 ./Libraries/STM32F4xx_StdPeriph_Driver/src/stm32f4xx_i2c.o
 .debug_frame   0x00001418      0x4e4 ./Libraries/STM32F4xx_StdPeriph_Driver/src/stm32f4xx_rcc.o
 .debug_frame   0x000018fc      0xa3c ./Libraries/STM32F4xx_StdPeriph_Driver/src/stm32f4xx_tim.o
 .debug_frame   0x00002338      0x344 ./Libraries/STM32F4xx_StdPeriph_Driver/src/stm32f4xx_usart.o
 .debug_frame   0x0000267c       0x2c c:/program files (x86)/codesourcery/eabi/bin/../lib/gcc/arm-none-eabi/4.6.3/../../../../arm-none-eabi/lib/thumb2\libc.a(lib_a-init.o)

.debug_ranges   0x00000000       0x20
 .debug_ranges  0x00000000       0x20 ./src/startup_stm32f4xx.o
